<!doctype html public "-//w3c//dtd html 4.0 transitional//en">
<html><head>
<title>Static Call Graph - [.\_build\nrf52840_xxaa.axf]</title></head>
<body><HR>
<H1>Static Call Graph for image .\_build\nrf52840_xxaa.axf</H1><HR>
<BR><P>#&#060CALLGRAPH&#062# ARM Linker, 5050169: Last Updated: Tue Apr 03 16:32:29 2018
<BR><P>
<H3>Maximum Stack Usage =       1496 bytes + Unknown(Cycles, Untraceable Function Pointers)</H3><H3>
Call chain for Maximum Stack Depth:</H3>
main &rArr; app_task_init &rArr; sys_init &rArr; mac_init &rArr; mac_sf_beacon_prepare_time_find &rArr; mac_sf_out_beacon_prepare_try &rArr; mlme_set &rArr; mac_attribute_set &rArr; new_value_set &rArr; attribute_update_afterhook &rArr; mac_fp_rx_idle_set &rArr; set_radio_state &rArr; plme_set_trx_state &rArr; ral_state_set &rArr; ral_fsm_state_change &rArr; ral_fsm_event_post &rArr; sys_fsm_event_post &rArr; sys_fsm_event_post_try &rArr; sys_fsm_transition_perform_try &rArr; sys_assert_info_handler &rArr; sys_assert_handler &rArr; nrf_log_frontend_std_3 &rArr; std_n &rArr; nrf_log_frontend_dequeue &rArr; nrf_memobj_alloc &rArr; nrf_memobj_free &rArr; nrf_balloc_free
<P>
<H3>
Mutually Recursive functions
</H3> <LI><a href="#[13]">NMI_Handler</a>&nbsp;&nbsp;&nbsp;&rArr;&nbsp;&nbsp;&nbsp;<a href="#[13]">NMI_Handler</a><BR>
 <LI><a href="#[14]">HardFault_Handler</a>&nbsp;&nbsp;&nbsp;&rArr;&nbsp;&nbsp;&nbsp;<a href="#[14]">HardFault_Handler</a><BR>
 <LI><a href="#[15]">MemoryManagement_Handler</a>&nbsp;&nbsp;&nbsp;&rArr;&nbsp;&nbsp;&nbsp;<a href="#[15]">MemoryManagement_Handler</a><BR>
 <LI><a href="#[16]">BusFault_Handler</a>&nbsp;&nbsp;&nbsp;&rArr;&nbsp;&nbsp;&nbsp;<a href="#[16]">BusFault_Handler</a><BR>
 <LI><a href="#[17]">UsageFault_Handler</a>&nbsp;&nbsp;&nbsp;&rArr;&nbsp;&nbsp;&nbsp;<a href="#[17]">UsageFault_Handler</a><BR>
 <LI><a href="#[18]">SVC_Handler</a>&nbsp;&nbsp;&nbsp;&rArr;&nbsp;&nbsp;&nbsp;<a href="#[18]">SVC_Handler</a><BR>
 <LI><a href="#[19]">DebugMon_Handler</a>&nbsp;&nbsp;&nbsp;&rArr;&nbsp;&nbsp;&nbsp;<a href="#[19]">DebugMon_Handler</a><BR>
 <LI><a href="#[1a]">PendSV_Handler</a>&nbsp;&nbsp;&nbsp;&rArr;&nbsp;&nbsp;&nbsp;<a href="#[1a]">PendSV_Handler</a><BR>
 <LI><a href="#[1b]">SysTick_Handler</a>&nbsp;&nbsp;&nbsp;&rArr;&nbsp;&nbsp;&nbsp;<a href="#[1b]">SysTick_Handler</a><BR>
 <LI><a href="#[2b]">CCM_AAR_IRQHandler</a>&nbsp;&nbsp;&nbsp;&rArr;&nbsp;&nbsp;&nbsp;<a href="#[2b]">CCM_AAR_IRQHandler</a><BR>
 <LI><a href="#[3d1]">mac_table_reset</a>&nbsp;&nbsp;&nbsp;&rArr;&nbsp;&nbsp;&nbsp;<a href="#[3f3]">table_item_remove</a><BR>
</UL>
<P>
<H3>
Function Pointers
</H3><UL>
 <LI><a href="#[16]">BusFault_Handler</a> from arm_startup_nrf52840.o(.text) referenced from arm_startup_nrf52840.o(RESET)
 <LI><a href="#[2b]">CCM_AAR_IRQHandler</a> from arm_startup_nrf52840.o(.text) referenced from arm_startup_nrf52840.o(RESET)
 <LI><a href="#[2f]">COMP_LPCOMP_IRQHandler</a> from arm_startup_nrf52840.o(.text) referenced from arm_startup_nrf52840.o(RESET)
 <LI><a href="#[44]">CRYPTOCELL_IRQHandler</a> from arm_startup_nrf52840.o(.text) referenced from arm_startup_nrf52840.o(RESET)
 <LI><a href="#[19]">DebugMon_Handler</a> from arm_startup_nrf52840.o(.text) referenced from arm_startup_nrf52840.o(RESET)
 <LI><a href="#[2a]">ECB_IRQHandler</a> from arm_startup_nrf52840.o(.text) referenced from arm_startup_nrf52840.o(RESET)
 <LI><a href="#[40]">FPU_IRQHandler</a> from arm_startup_nrf52840.o(.text) referenced from arm_startup_nrf52840.o(RESET)
 <LI><a href="#[22]">GPIOTE_IRQHandler</a> from arm_startup_nrf52840.o(.text) referenced from arm_startup_nrf52840.o(RESET)
 <LI><a href="#[14]">HardFault_Handler</a> from arm_startup_nrf52840.o(.text) referenced from arm_startup_nrf52840.o(RESET)
 <LI><a href="#[3f]">I2S_IRQHandler</a> from arm_startup_nrf52840.o(.text) referenced from arm_startup_nrf52840.o(RESET)
 <LI><a href="#[3a]">MWU_IRQHandler</a> from arm_startup_nrf52840.o(.text) referenced from arm_startup_nrf52840.o(RESET)
 <LI><a href="#[15]">MemoryManagement_Handler</a> from arm_startup_nrf52840.o(.text) referenced from arm_startup_nrf52840.o(RESET)
 <LI><a href="#[21]">NFCT_IRQHandler</a> from arm_startup_nrf52840.o(.text) referenced from arm_startup_nrf52840.o(RESET)
 <LI><a href="#[13]">NMI_Handler</a> from arm_startup_nrf52840.o(.text) referenced from arm_startup_nrf52840.o(RESET)
 <LI><a href="#[39]">PDM_IRQHandler</a> from arm_startup_nrf52840.o(.text) referenced from arm_startup_nrf52840.o(RESET)
 <LI><a href="#[1c]">POWER_CLOCK_IRQHandler</a> from nrf_drv_clock.o(i.POWER_CLOCK_IRQHandler) referenced from arm_startup_nrf52840.o(RESET)
 <LI><a href="#[38]">PWM0_IRQHandler</a> from arm_startup_nrf52840.o(.text) referenced from arm_startup_nrf52840.o(RESET)
 <LI><a href="#[3b]">PWM1_IRQHandler</a> from arm_startup_nrf52840.o(.text) referenced from arm_startup_nrf52840.o(RESET)
 <LI><a href="#[3c]">PWM2_IRQHandler</a> from arm_startup_nrf52840.o(.text) referenced from arm_startup_nrf52840.o(RESET)
 <LI><a href="#[45]">PWM3_IRQHandler</a> from arm_startup_nrf52840.o(.text) referenced from arm_startup_nrf52840.o(RESET)
 <LI><a href="#[1a]">PendSV_Handler</a> from arm_startup_nrf52840.o(.text) referenced from arm_startup_nrf52840.o(RESET)
 <LI><a href="#[2e]">QDEC_IRQHandler</a> from arm_startup_nrf52840.o(.text) referenced from arm_startup_nrf52840.o(RESET)
 <LI><a href="#[43]">QSPI_IRQHandler</a> from arm_startup_nrf52840.o(.text) referenced from arm_startup_nrf52840.o(RESET)
 <LI><a href="#[1d]">RADIO_IRQHandler</a> from ral_irq_handlers.o(i.RADIO_IRQHandler) referenced from arm_startup_nrf52840.o(RESET)
 <LI><a href="#[29]">RNG_IRQHandler</a> from arm_startup_nrf52840.o(.text) referenced from arm_startup_nrf52840.o(RESET)
 <LI><a href="#[27]">RTC0_IRQHandler</a> from arm_startup_nrf52840.o(.text) referenced from arm_startup_nrf52840.o(RESET)
 <LI><a href="#[2d]">RTC1_IRQHandler</a> from arm_startup_nrf52840.o(.text) referenced from arm_startup_nrf52840.o(RESET)
 <LI><a href="#[3e]">RTC2_IRQHandler</a> from arm_startup_nrf52840.o(.text) referenced from arm_startup_nrf52840.o(RESET)
 <LI><a href="#[12]">Reset_Handler</a> from arm_startup_nrf52840.o(.text) referenced from arm_startup_nrf52840.o(RESET)
 <LI><a href="#[23]">SAADC_IRQHandler</a> from arm_startup_nrf52840.o(.text) referenced from arm_startup_nrf52840.o(RESET)
 <LI><a href="#[1f]">SPIM0_SPIS0_TWIM0_TWIS0_SPI0_TWI0_IRQHandler</a> from arm_startup_nrf52840.o(.text) referenced from arm_startup_nrf52840.o(RESET)
 <LI><a href="#[20]">SPIM1_SPIS1_TWIM1_TWIS1_SPI1_TWI1_IRQHandler</a> from arm_startup_nrf52840.o(.text) referenced from arm_startup_nrf52840.o(RESET)
 <LI><a href="#[3d]">SPIM2_SPIS2_SPI2_IRQHandler</a> from arm_startup_nrf52840.o(.text) referenced from arm_startup_nrf52840.o(RESET)
 <LI><a href="#[46]">SPIM3_IRQHandler</a> from arm_startup_nrf52840.o(.text) referenced from arm_startup_nrf52840.o(RESET)
 <LI><a href="#[18]">SVC_Handler</a> from arm_startup_nrf52840.o(.text) referenced from arm_startup_nrf52840.o(RESET)
 <LI><a href="#[30]">SWI0_EGU0_IRQHandler</a> from arm_startup_nrf52840.o(.text) referenced from arm_startup_nrf52840.o(RESET)
 <LI><a href="#[31]">SWI1_EGU1_IRQHandler</a> from arm_startup_nrf52840.o(.text) referenced from arm_startup_nrf52840.o(RESET)
 <LI><a href="#[32]">SWI2_EGU2_IRQHandler</a> from arm_startup_nrf52840.o(.text) referenced from arm_startup_nrf52840.o(RESET)
 <LI><a href="#[33]">SWI3_EGU3_IRQHandler</a> from arm_startup_nrf52840.o(.text) referenced from arm_startup_nrf52840.o(RESET)
 <LI><a href="#[34]">SWI4_EGU4_IRQHandler</a> from arm_startup_nrf52840.o(.text) referenced from arm_startup_nrf52840.o(RESET)
 <LI><a href="#[35]">SWI5_EGU5_IRQHandler</a> from arm_startup_nrf52840.o(.text) referenced from arm_startup_nrf52840.o(RESET)
 <LI><a href="#[1b]">SysTick_Handler</a> from arm_startup_nrf52840.o(.text) referenced from arm_startup_nrf52840.o(RESET)
 <LI><a href="#[48]">SystemInit</a> from system_nrf52840.o(i.SystemInit) referenced from arm_startup_nrf52840.o(.text)
 <LI><a href="#[28]">TEMP_IRQHandler</a> from arm_startup_nrf52840.o(.text) referenced from arm_startup_nrf52840.o(RESET)
 <LI><a href="#[24]">TIMER0_IRQHandler</a> from nrf_drv_timer.o(i.TIMER0_IRQHandler) referenced from arm_startup_nrf52840.o(RESET)
 <LI><a href="#[25]">TIMER1_IRQHandler</a> from arm_startup_nrf52840.o(.text) referenced from arm_startup_nrf52840.o(RESET)
 <LI><a href="#[26]">TIMER2_IRQHandler</a> from arm_startup_nrf52840.o(.text) referenced from arm_startup_nrf52840.o(RESET)
 <LI><a href="#[36]">TIMER3_IRQHandler</a> from arm_startup_nrf52840.o(.text) referenced from arm_startup_nrf52840.o(RESET)
 <LI><a href="#[37]">TIMER4_IRQHandler</a> from arm_startup_nrf52840.o(.text) referenced from arm_startup_nrf52840.o(RESET)
 <LI><a href="#[1e]">UARTE0_UART0_IRQHandler</a> from nrf_drv_uart.o(i.UARTE0_UART0_IRQHandler) referenced from arm_startup_nrf52840.o(RESET)
 <LI><a href="#[42]">UARTE1_IRQHandler</a> from arm_startup_nrf52840.o(.text) referenced from arm_startup_nrf52840.o(RESET)
 <LI><a href="#[41]">USBD_IRQHandler</a> from arm_startup_nrf52840.o(.text) referenced from arm_startup_nrf52840.o(RESET)
 <LI><a href="#[17]">UsageFault_Handler</a> from arm_startup_nrf52840.o(.text) referenced from arm_startup_nrf52840.o(RESET)
 <LI><a href="#[2c]">WDT_IRQHandler</a> from arm_startup_nrf52840.o(.text) referenced from arm_startup_nrf52840.o(RESET)
 <LI><a href="#[49]">__main</a> from entry.o(.ARM.Collect$$$$00000000) referenced from arm_startup_nrf52840.o(.text)
 <LI><a href="#[4a]">_snputc</a> from printfa.o(i._snputc) referenced from printfa.o(i.__0vsnprintf)
 <LI><a href="#[1bd]">a_assoc_resp_ntfy</a> from mac_mlme_poll.o(i.a_assoc_resp_ntfy) referenced from mac_mlme_poll.o(.constdata)
 <LI><a href="#[18a]">a_assoc_resp_send</a> from mac_mlme_associate.o(i.a_assoc_resp_send) referenced from mac_mlme_associate.o(.constdata)
 <LI><a href="#[187]">a_assoc_result_raise</a> from mac_mlme_associate.o(i.a_assoc_result_raise) referenced from mac_mlme_associate.o(.constdata)
 <LI><a href="#[181]">a_assoc_start</a> from mac_mlme_associate.o(i.a_assoc_start) referenced from mac_mlme_associate.o(.constdata)
 <LI><a href="#[1fb]">a_bad_address</a> from mac_mlme_start.o(i.a_bad_address) referenced from mac_mlme_start.o(.constdata)
 <LI><a href="#[ce]">a_beacon_raise</a> from mac_frame_processor_rx_fsm.o(i.a_beacon_raise) referenced from mac_frame_processor_rx_fsm.o(.constdata)
 <LI><a href="#[177]">a_beacon_track</a> from mac_frame_processor_tx_fsm.o(i.a_beacon_track) referenced from mac_frame_processor_tx_fsm.o(.constdata)
 <LI><a href="#[78]">a_channel_set</a> from fsm.o(i.a_channel_set) referenced from fsm.o(.constdata)
 <LI><a href="#[214]">a_clear_synced_flag</a> from mac_mlme_sync.o(i.a_clear_synced_flag) referenced from mac_mlme_sync.o(.constdata)
 <LI><a href="#[204]">a_cmd_send_fail_raise</a> from mac_mlme_start.o(i.a_cmd_send_fail_raise) referenced from mac_mlme_start.o(.constdata)
 <LI><a href="#[189]">a_comm_status_invalid_raise</a> from mac_mlme_associate.o(i.a_comm_status_invalid_raise) referenced from mac_mlme_associate.o(.constdata)
 <LI><a href="#[d1]">a_comm_status_raise</a> from mac_frame_processor_rx_fsm.o(i.a_comm_status_raise) referenced 2 times from mac_frame_processor_rx_fsm.o(.constdata)
 <LI><a href="#[cf]">a_command_raise</a> from mac_frame_processor_rx_fsm.o(i.a_command_raise) referenced from mac_frame_processor_rx_fsm.o(.constdata)
 <LI><a href="#[102]">a_conf_finish</a> from mac_indirect_engine.o(i.a_conf_finish) referenced from mac_indirect_engine.o(.constdata)
 <LI><a href="#[103]">a_conf_send_next</a> from mac_indirect_engine.o(i.a_conf_send_next) referenced from mac_indirect_engine.o(.constdata)
 <LI><a href="#[7d]">a_config_complete</a> from fsm.o(i.a_config_complete) referenced from fsm.o(.constdata)
 <LI><a href="#[16e]">a_csma_fail_raise</a> from mac_frame_processor_tx_fsm.o(i.a_csma_fail_raise) referenced from mac_frame_processor_tx_fsm.o(.constdata)
 <LI><a href="#[b4]">a_csma_failure</a> from mac_csma_ca.o(i.a_csma_failure) referenced from mac_csma_ca.o(.constdata)
 <LI><a href="#[b3]">a_csma_success</a> from mac_csma_ca.o(i.a_csma_success) referenced from mac_csma_ca.o(.constdata)
 <LI><a href="#[d0]">a_data_raise</a> from mac_frame_processor_rx_fsm.o(i.a_data_raise) referenced from mac_frame_processor_rx_fsm.o(.constdata)
 <LI><a href="#[186]">a_data_req_send</a> from mac_mlme_associate.o(i.a_data_req_send) referenced 2 times from mac_mlme_associate.o(.constdata)
 <LI><a href="#[90]">a_data_send</a> from mac_mcps_data.o(i.a_data_send) referenced from mac_mcps_data.o(.constdata)
 <LI><a href="#[b9]">a_delay_reduce_s</a> from mac_csma_ca.o(i.a_delay_reduce_s) referenced from mac_csma_ca.o(.constdata)
 <LI><a href="#[b7]">a_delay_start</a> from mac_csma_ca.o(i.a_delay_start) referenced from mac_csma_ca.o(.constdata)
 <LI><a href="#[b8]">a_delay_start_s</a> from mac_csma_ca.o(i.a_delay_start_s) referenced from mac_csma_ca.o(.constdata)
 <LI><a href="#[91]">a_dir_mac_conf</a> from mac_mcps_data.o(i.a_dir_mac_conf) referenced from mac_mcps_data.o(.constdata)
 <LI><a href="#[197]">a_disassoc_confirm_raise</a> from mac_mlme_disassociate.o(i.a_disassoc_confirm_raise) referenced from mac_mlme_disassociate.o(.constdata)
 <LI><a href="#[195]">a_disassoc_fp_time_request</a> from mac_mlme_disassociate.o(i.a_disassoc_fp_time_request) referenced from mac_mlme_disassociate.o(.constdata)
 <LI><a href="#[194]">a_disassoc_indirect_request</a> from mac_mlme_disassociate.o(i.a_disassoc_indirect_request) referenced from mac_mlme_disassociate.o(.constdata)
 <LI><a href="#[193]">a_disassoc_invalid_param_raise</a> from mac_mlme_disassociate.o(i.a_disassoc_invalid_param_raise) referenced from mac_mlme_disassociate.o(.constdata)
 <LI><a href="#[196]">a_disassoc_ntfy_send</a> from mac_mlme_disassociate.o(i.a_disassoc_ntfy_send) referenced from mac_mlme_disassociate.o(.constdata)
 <LI><a href="#[198]">a_disassoc_reset</a> from mac_mlme_disassociate.o(i.a_disassoc_reset) referenced from mac_mlme_disassociate.o(.constdata)
 <LI><a href="#[7a]">a_ext_addr_set</a> from fsm.o(i.a_ext_addr_set) referenced from fsm.o(.constdata)
 <LI><a href="#[1b8]">a_fp_error_raise</a> from mac_mlme_poll.o(i.a_fp_error_raise) referenced from mac_mlme_poll.o(.constdata)
 <LI><a href="#[8f]">a_fp_free_req</a> from mac_mcps_data.o(i.a_fp_free_req) referenced 2 times from mac_mcps_data.o(.constdata)
 <LI><a href="#[183]">a_fp_sent_fail_raise</a> from mac_mlme_associate.o(i.a_fp_sent_fail_raise) referenced from mac_mlme_associate.o(.constdata)
 <LI><a href="#[185]">a_fp_time_request</a> from mac_mlme_associate.o(i.a_fp_time_request) referenced 2 times from mac_mlme_associate.o(.constdata)
 <LI><a href="#[1bf]">a_fp_unblock</a> from mac_mlme_poll.o(i.a_fp_unblock) referenced from mac_mlme_poll.o(.constdata)
 <LI><a href="#[16f]">a_frame_send</a> from mac_frame_processor_tx_fsm.o(i.a_frame_send) referenced from mac_frame_processor_tx_fsm.o(.constdata)
 <LI><a href="#[1a9]">a_gts_allocated_conf</a> from mac_mlme_gts.o(i.a_gts_allocated_conf) referenced from mac_mlme_gts.o(.constdata)
 <LI><a href="#[d8]">a_gts_cfp_end</a> from mac_gts_engine.o(i.a_gts_cfp_end) referenced from mac_gts_engine.o(.constdata)
 <LI><a href="#[1ac]">a_gts_cmd_handle</a> from mac_mlme_gts.o(i.a_gts_cmd_handle) referenced from mac_mlme_gts.o(.constdata)
 <LI><a href="#[1aa]">a_gts_deallocated_on_bcn_conf</a> from mac_mlme_gts.o(i.a_gts_deallocated_on_bcn_conf) referenced from mac_mlme_gts.o(.constdata)
 <LI><a href="#[1ab]">a_gts_deallocated_on_req_conf</a> from mac_mlme_gts.o(i.a_gts_deallocated_on_req_conf) referenced from mac_mlme_gts.o(.constdata)
 <LI><a href="#[1a6]">a_gts_fp_error_conf</a> from mac_mlme_gts.o(i.a_gts_fp_error_conf) referenced from mac_mlme_gts.o(.constdata)
 <LI><a href="#[1a4]">a_gts_fp_req</a> from mac_mlme_gts.o(i.a_gts_fp_req) referenced from mac_mlme_gts.o(.constdata)
 <LI><a href="#[d4]">a_gts_gap_start</a> from mac_gts_engine.o(i.a_gts_gap_start) referenced from mac_gts_engine.o(.constdata)
 <LI><a href="#[1ad]">a_gts_new_slot_ind</a> from mac_mlme_gts.o(i.a_gts_new_slot_ind) referenced from mac_mlme_gts.o(.constdata)
 <LI><a href="#[1a7]">a_gts_no_data_conf</a> from mac_mlme_gts.o(i.a_gts_no_data_conf) referenced from mac_mlme_gts.o(.constdata)
 <LI><a href="#[1a8]">a_gts_no_data_count</a> from mac_mlme_gts.o(i.a_gts_no_data_count) referenced from mac_mlme_gts.o(.constdata)
 <LI><a href="#[1a3]">a_gts_req_no_addr_conf</a> from mac_mlme_gts.o(i.a_gts_req_no_addr_conf) referenced from mac_mlme_gts.o(.constdata)
 <LI><a href="#[1a5]">a_gts_req_send</a> from mac_mlme_gts.o(i.a_gts_req_send) referenced from mac_mlme_gts.o(.constdata)
 <LI><a href="#[d9]">a_gts_reset</a> from mac_gts_engine.o(i.a_gts_reset) referenced from mac_gts_engine.o(.constdata)
 <LI><a href="#[d6]">a_gts_rxslot_start</a> from mac_gts_engine.o(i.a_gts_rxslot_start) referenced from mac_gts_engine.o(.constdata)
 <LI><a href="#[179]">a_gts_slot_ex</a> from mac_frame_processor_tx_fsm.o(i.a_gts_slot_ex) referenced from mac_frame_processor_tx_fsm.o(.constdata)
 <LI><a href="#[db]">a_gts_txframe_denied</a> from mac_gts_engine.o(i.a_gts_txframe_denied) referenced from mac_gts_engine.o(.constdata)
 <LI><a href="#[da]">a_gts_txframe_raise</a> from mac_gts_engine.o(i.a_gts_txframe_raise) referenced from mac_gts_engine.o(.constdata)
 <LI><a href="#[dc]">a_gts_txframe_retry</a> from mac_gts_engine.o(i.a_gts_txframe_retry) referenced from mac_gts_engine.o(.constdata)
 <LI><a href="#[d7]">a_gts_txframe_start</a> from mac_gts_engine.o(i.a_gts_txframe_start) referenced from mac_gts_engine.o(.constdata)
 <LI><a href="#[d5]">a_gts_txslot_start</a> from mac_gts_engine.o(i.a_gts_txslot_start) referenced from mac_gts_engine.o(.constdata)
 <LI><a href="#[22a]">a_in_phy_on_idle</a> from mac_superframe_in_fsm.o(i.a_in_phy_on_idle) referenced from mac_superframe_in_fsm.o(.constdata)
 <LI><a href="#[22b]">a_in_reset</a> from mac_superframe_in_fsm.o(i.a_in_reset) referenced from mac_superframe_in_fsm.o(.constdata)
 <LI><a href="#[228]">a_in_sf_start</a> from mac_superframe_in_fsm.o(i.a_in_sf_start) referenced from mac_superframe_in_fsm.o(.constdata)
 <LI><a href="#[229]">a_in_start_gts_engine</a> from mac_superframe_in_fsm.o(i.a_in_start_gts_engine) referenced from mac_superframe_in_fsm.o(.constdata)
 <LI><a href="#[101]">a_indir_data_send</a> from mac_indirect_engine.o(i.a_indir_data_send) referenced from mac_indirect_engine.o(.constdata)
 <LI><a href="#[100]">a_indir_fp_free_req</a> from mac_indirect_engine.o(i.a_indir_fp_free_req) referenced from mac_indirect_engine.o(.constdata)
 <LI><a href="#[8d]">a_invalid_addr</a> from mac_mcps_data.o(i.a_invalid_addr) referenced from mac_mcps_data.o(.constdata)
 <LI><a href="#[96]">a_invalid_gts</a> from mac_mcps_data.o(i.a_invalid_gts) referenced from mac_mcps_data.o(.constdata)
 <LI><a href="#[93]">a_invalid_param</a> from mac_mcps_data.o(i.a_invalid_param) referenced 2 times from mac_mcps_data.o(.constdata)
 <LI><a href="#[1b7]">a_invalid_param_raise</a> from mac_mlme_poll.o(i.a_invalid_param_raise) referenced from mac_mlme_poll.o(.constdata)
 <LI><a href="#[180]">a_invalid_req_raise</a> from mac_mlme_associate.o(i.a_invalid_req_raise) referenced from mac_mlme_associate.o(.constdata)
 <LI><a href="#[fe]">a_mac_context_req</a> from mac_indirect_engine.o(i.a_mac_context_req) referenced from mac_indirect_engine.o(.constdata)
 <LI><a href="#[ff]">a_mark_msg_to_send</a> from mac_indirect_engine.o(i.a_mark_msg_to_send) referenced from mac_indirect_engine.o(.constdata)
 <LI><a href="#[188]">a_nhl_assoc_req_indicate</a> from mac_mlme_associate.o(i.a_nhl_assoc_req_indicate) referenced from mac_mlme_associate.o(.constdata)
 <LI><a href="#[171]">a_no_ack_raise</a> from mac_frame_processor_tx_fsm.o(i.a_no_ack_raise) referenced from mac_frame_processor_tx_fsm.o(.constdata)
 <LI><a href="#[1b9]">a_no_data_raise</a> from mac_mlme_poll.o(i.a_no_data_raise) referenced from mac_mlme_poll.o(.constdata)
 <LI><a href="#[8e]">a_no_short_addr</a> from mac_mcps_data.o(i.a_no_short_addr) referenced from mac_mcps_data.o(.constdata)
 <LI><a href="#[219]">a_out_bcn_prepare</a> from mac_superframe_out_fsm.o(i.a_out_bcn_prepare) referenced from mac_superframe_out_fsm.o(.constdata)
 <LI><a href="#[218]">a_out_bcn_send</a> from mac_superframe_out_fsm.o(i.a_out_bcn_send) referenced from mac_superframe_out_fsm.o(.constdata)
 <LI><a href="#[217]">a_out_fp_time_request</a> from mac_superframe_out_fsm.o(i.a_out_fp_time_request) referenced from mac_superframe_out_fsm.o(.constdata)
 <LI><a href="#[21d]">a_out_inactive_timer_start</a> from mac_superframe_out_fsm.o(i.a_out_inactive_timer_start) referenced from mac_superframe_out_fsm.o(.constdata)
 <LI><a href="#[21f]">a_out_phy_on_idle</a> from mac_superframe_out_fsm.o(i.a_out_phy_on_idle) referenced from mac_superframe_out_fsm.o(.constdata)
 <LI><a href="#[220]">a_out_reset</a> from mac_superframe_out_fsm.o(i.a_out_reset) referenced from mac_superframe_out_fsm.o(.constdata)
 <LI><a href="#[21b]">a_out_start_cap</a> from mac_superframe_out_fsm.o(i.a_out_start_cap) referenced from mac_superframe_out_fsm.o(.constdata)
 <LI><a href="#[21c]">a_out_start_gts_engine</a> from mac_superframe_out_fsm.o(i.a_out_start_gts_engine) referenced from mac_superframe_out_fsm.o(.constdata)
 <LI><a href="#[21e]">a_out_wait_start_time</a> from mac_superframe_out_fsm.o(i.a_out_wait_start_time) referenced from mac_superframe_out_fsm.o(.constdata)
 <LI><a href="#[7b]">a_pan_id_set</a> from fsm.o(i.a_pan_id_set) referenced from fsm.o(.constdata)
 <LI><a href="#[1bb]">a_poll_timeout_start</a> from mac_mlme_poll.o(i.a_poll_timeout_start) referenced from mac_mlme_poll.o(.constdata)
 <LI><a href="#[1be]">a_postponed_wait_start</a> from mac_mlme_poll.o(i.a_postponed_wait_start) referenced from mac_mlme_poll.o(.constdata)
 <LI><a href="#[7f]">a_radio_tx_restart</a> from fsm.o(i.a_radio_tx_restart) referenced from fsm.o(.constdata)
 <LI><a href="#[7e]">a_radio_tx_start</a> from fsm.o(i.a_radio_tx_start) referenced from fsm.o(.constdata)
 <LI><a href="#[202]">a_realign_cmd_send</a> from mac_mlme_start.o(i.a_realign_cmd_send) referenced from mac_mlme_start.o(.constdata)
 <LI><a href="#[182]">a_req_cmd_send</a> from mac_mlme_associate.o(i.a_req_cmd_send) referenced from mac_mlme_associate.o(.constdata)
 <LI><a href="#[92]">a_reset</a> from mac_mcps_data.o(i.a_reset) referenced 4 times from mac_mcps_data.o(.constdata)
 <LI><a href="#[184]">a_resp_wait_timer_start</a> from mac_mlme_associate.o(i.a_resp_wait_timer_start) referenced from mac_mlme_associate.o(.constdata)
 <LI><a href="#[7c]">a_rx_on_idle_set</a> from fsm.o(i.a_rx_on_idle_set) referenced from fsm.o(.constdata)
 <LI><a href="#[1c8]">a_rxe_conf_invalid</a> from mac_mlme_rx_enable.o(i.a_rxe_conf_invalid) referenced from mac_mlme_rx_enable.o(.constdata)
 <LI><a href="#[1ce]">a_rxe_conf_not_tracking</a> from mac_mlme_rx_enable.o(i.a_rxe_conf_not_tracking) referenced from mac_mlme_rx_enable.o(.constdata)
 <LI><a href="#[1d0]">a_rxe_conf_past_time</a> from mac_mlme_rx_enable.o(i.a_rxe_conf_past_time) referenced from mac_mlme_rx_enable.o(.constdata)
 <LI><a href="#[1cf]">a_rxe_conf_too_long</a> from mac_mlme_rx_enable.o(i.a_rxe_conf_too_long) referenced from mac_mlme_rx_enable.o(.constdata)
 <LI><a href="#[1ca]">a_rxe_off</a> from mac_mlme_rx_enable.o(i.a_rxe_off) referenced from mac_mlme_rx_enable.o(.constdata)
 <LI><a href="#[1cb]">a_rxe_off_conf</a> from mac_mlme_rx_enable.o(i.a_rxe_off_conf) referenced from mac_mlme_rx_enable.o(.constdata)
 <LI><a href="#[1c9]">a_rxe_on</a> from mac_mlme_rx_enable.o(i.a_rxe_on) referenced from mac_mlme_rx_enable.o(.constdata)
 <LI><a href="#[1cc]">a_rxe_reset</a> from mac_mlme_rx_enable.o(i.a_rxe_reset) referenced from mac_mlme_rx_enable.o(.constdata)
 <LI><a href="#[1cd]">a_rxe_wait_on</a> from mac_mlme_rx_enable.o(i.a_rxe_wait_on) referenced from mac_mlme_rx_enable.o(.constdata)
 <LI><a href="#[1e6]">a_scan_active_next_ch</a> from mac_mlme_scan.o(i.a_scan_active_next_ch) referenced from mac_mlme_scan.o(.constdata)
 <LI><a href="#[1e5]">a_scan_active_start</a> from mac_mlme_scan.o(i.a_scan_active_start) referenced from mac_mlme_scan.o(.constdata)
 <LI><a href="#[1eb]">a_scan_bcn_ignore</a> from mac_mlme_scan.o(i.a_scan_bcn_ignore) referenced from mac_mlme_scan.o(.constdata)
 <LI><a href="#[1ee]">a_scan_done</a> from mac_mlme_scan.o(i.a_scan_done) referenced from mac_mlme_scan.o(.constdata)
 <LI><a href="#[1e4]">a_scan_ed_next_ch</a> from mac_mlme_scan.o(i.a_scan_ed_next_ch) referenced from mac_mlme_scan.o(.constdata)
 <LI><a href="#[1e3]">a_scan_ed_start</a> from mac_mlme_scan.o(i.a_scan_ed_start) referenced from mac_mlme_scan.o(.constdata)
 <LI><a href="#[1f0]">a_scan_fp_block</a> from mac_mlme_scan.o(i.a_scan_fp_block) referenced from mac_mlme_scan.o(.constdata)
 <LI><a href="#[1e1]">a_scan_in_progress</a> from mac_mlme_scan.o(i.a_scan_in_progress) referenced from mac_mlme_scan.o(.constdata)
 <LI><a href="#[1ec]">a_scan_limit_reached</a> from mac_mlme_scan.o(i.a_scan_limit_reached) referenced from mac_mlme_scan.o(.constdata)
 <LI><a href="#[1ea]">a_scan_orphan_next_ch</a> from mac_mlme_scan.o(i.a_scan_orphan_next_ch) referenced from mac_mlme_scan.o(.constdata)
 <LI><a href="#[1e8]">a_scan_orphan_start</a> from mac_mlme_scan.o(i.a_scan_orphan_start) referenced from mac_mlme_scan.o(.constdata)
 <LI><a href="#[1ed]">a_scan_pan_descr_add</a> from mac_mlme_scan.o(i.a_scan_pan_descr_add) referenced from mac_mlme_scan.o(.constdata)
 <LI><a href="#[1e9]">a_scan_passive_next_ch</a> from mac_mlme_scan.o(i.a_scan_passive_next_ch) referenced from mac_mlme_scan.o(.constdata)
 <LI><a href="#[1e7]">a_scan_passive_start</a> from mac_mlme_scan.o(i.a_scan_passive_start) referenced from mac_mlme_scan.o(.constdata)
 <LI><a href="#[1e2]">a_scan_req_invalid</a> from mac_mlme_scan.o(i.a_scan_req_invalid) referenced from mac_mlme_scan.o(.constdata)
 <LI><a href="#[1f1]">a_scan_reset</a> from mac_mlme_scan.o(i.a_scan_reset) referenced from mac_mlme_scan.o(.constdata)
 <LI><a href="#[1ef]">a_scan_restart</a> from mac_mlme_scan.o(i.a_scan_restart) referenced from mac_mlme_scan.o(.constdata)
 <LI><a href="#[17a]">a_sec_error_raise</a> from mac_frame_processor_tx_fsm.o(i.a_sec_error_raise) referenced from mac_frame_processor_tx_fsm.o(.constdata)
 <LI><a href="#[82]">a_security_set</a> from fsm.o(i.a_security_set) referenced from fsm.o(.constdata)
 <LI><a href="#[79]">a_short_addr_set</a> from fsm.o(i.a_short_addr_set) referenced from fsm.o(.constdata)
 <LI><a href="#[174]">a_slotted_csma_start</a> from mac_frame_processor_tx_fsm.o(i.a_slotted_csma_start) referenced from mac_frame_processor_tx_fsm.o(.constdata)
 <LI><a href="#[21a]">a_start_crit_timer</a> from mac_superframe_out_fsm.o(i.a_start_crit_timer) referenced from mac_superframe_out_fsm.o(.constdata)
 <LI><a href="#[176]">a_state_restore</a> from mac_frame_processor_tx_fsm.o(i.a_state_restore) referenced from mac_frame_processor_tx_fsm.o(.constdata)
 <LI><a href="#[178]">a_state_store</a> from mac_frame_processor_tx_fsm.o(i.a_state_store) referenced from mac_frame_processor_tx_fsm.o(.constdata)
 <LI><a href="#[b5]">a_stop_csma_failure</a> from mac_csma_ca.o(i.a_stop_csma_failure) referenced from mac_csma_ca.o(.constdata)
 <LI><a href="#[1b4]">a_store</a> from mac_mlme_poll.o(i.a_store) referenced from mac_mlme_poll.o(.constdata)
 <LI><a href="#[1ff]">a_store_cmd_in_queue</a> from mac_mlme_start.o(i.a_store_cmd_in_queue) referenced from mac_mlme_start.o(.constdata)
 <LI><a href="#[95]">a_store_in_gts_queue</a> from mac_mcps_data.o(i.a_store_in_gts_queue) referenced from mac_mcps_data.o(.constdata)
 <LI><a href="#[94]">a_store_in_queue</a> from mac_mcps_data.o(i.a_store_in_queue) referenced from mac_mcps_data.o(.constdata)
 <LI><a href="#[170]">a_success_raise</a> from mac_frame_processor_tx_fsm.o(i.a_success_raise) referenced 2 times from mac_frame_processor_tx_fsm.o(.constdata)
 <LI><a href="#[1fe]">a_superframe_overlap</a> from mac_mlme_start.o(i.a_superframe_overlap) referenced from mac_mlme_start.o(.constdata)
 <LI><a href="#[20e]">a_sync_again</a> from mac_mlme_sync.o(i.a_sync_again) referenced from mac_mlme_sync.o(.constdata)
 <LI><a href="#[212]">a_sync_and_raise</a> from mac_mlme_sync.o(i.a_sync_and_raise) referenced from mac_mlme_sync.o(.constdata)
 <LI><a href="#[211]">a_sync_loss_raise</a> from mac_mlme_sync.o(i.a_sync_loss_raise) referenced from mac_mlme_sync.o(.constdata)
 <LI><a href="#[210]">a_sync_once_start</a> from mac_mlme_sync.o(i.a_sync_once_start) referenced from mac_mlme_sync.o(.constdata)
 <LI><a href="#[20f]">a_sync_prepare</a> from mac_mlme_sync.o(i.a_sync_prepare) referenced from mac_mlme_sync.o(.constdata)
 <LI><a href="#[213]">a_sync_reset</a> from mac_mlme_sync.o(i.a_sync_reset) referenced from mac_mlme_sync.o(.constdata)
 <LI><a href="#[20c]">a_sync_start</a> from mac_mlme_sync.o(i.a_sync_start) referenced from mac_mlme_sync.o(.constdata)
 <LI><a href="#[20d]">a_sync_with_expected</a> from mac_mlme_sync.o(i.a_sync_with_expected) referenced from mac_mlme_sync.o(.constdata)
 <LI><a href="#[16b]">a_task_post</a> from mac_frame_processor_tx_fsm.o(i.a_task_post) referenced from mac_frame_processor_tx_fsm.o(.constdata)
 <LI><a href="#[105]">a_timer_expired_conf</a> from mac_indirect_engine.o(i.a_timer_expired_conf) referenced from mac_indirect_engine.o(.constdata)
 <LI><a href="#[16c]">a_too_long_raise</a> from mac_frame_processor_tx_fsm.o(i.a_too_long_raise) referenced from mac_frame_processor_tx_fsm.o(.constdata)
 <LI><a href="#[104]">a_tr_ovf_conf</a> from mac_indirect_engine.o(i.a_tr_ovf_conf) referenced from mac_indirect_engine.o(.constdata)
 <LI><a href="#[1fd]">a_tracking_off</a> from mac_mlme_start.o(i.a_tracking_off) referenced from mac_mlme_start.o(.constdata)
 <LI><a href="#[172]">a_trx_off_state_set</a> from mac_frame_processor_tx_fsm.o(i.a_trx_off_state_set) referenced from mac_frame_processor_tx_fsm.o(.constdata)
 <LI><a href="#[16d]">a_tx_state_set_frame_send</a> from mac_frame_processor_tx_fsm.o(i.a_tx_state_set_frame_send) referenced from mac_frame_processor_tx_fsm.o(.constdata)
 <LI><a href="#[175]">a_tx_state_set_waiting_trigger_raise</a> from mac_frame_processor_tx_fsm.o(i.a_tx_state_set_waiting_trigger_raise) referenced from mac_frame_processor_tx_fsm.o(.constdata)
 <LI><a href="#[81]">a_uart_tx_idle_set</a> from fsm.o(i.a_uart_tx_idle_set) referenced from fsm.o(.constdata)
 <LI><a href="#[80]">a_uart_tx_start</a> from fsm.o(i.a_uart_tx_start) referenced from fsm.o(.constdata)
 <LI><a href="#[173]">a_unslotted_csma_start</a> from mac_frame_processor_tx_fsm.o(i.a_unslotted_csma_start) referenced from mac_frame_processor_tx_fsm.o(.constdata)
 <LI><a href="#[200]">a_update_raise</a> from mac_mlme_start.o(i.a_update_raise) referenced from mac_mlme_start.o(.constdata)
 <LI><a href="#[203]">a_update_start_raise</a> from mac_mlme_start.o(i.a_update_start_raise) referenced from mac_mlme_start.o(.constdata)
 <LI><a href="#[59]">ack_timeout_expired</a> from ral_irq_handlers.o(i.ack_timeout_expired) referenced from ral_irq_handlers.o(i.event_end_handler)
 <LI><a href="#[9d]">app_task_handler</a> from main.o(i.app_task_handler) referenced from sys_task_scheduler.o(.constdata)
 <LI><a href="#[18d]">assoc_fsm_action</a> from mac_mlme_associate.o(i.assoc_fsm_action) referenced from mac_mlme_associate.o(.constdata)
 <LI><a href="#[18c]">assoc_fsm_guard</a> from mac_mlme_associate.o(i.assoc_fsm_guard) referenced from mac_mlme_associate.o(.constdata)
 <LI><a href="#[18e]">assoc_req_cmd_conf</a> from mac_mlme_associate.o(i.assoc_req_cmd_conf) referenced from mac_mlme_associate.o(.constdata)
 <LI><a href="#[c0]">aux_security_fill</a> from mac_frame_processor.o(i.aux_security_fill) referenced from mac_frame_processor.o(.constdata)
 <LI><a href="#[6d]">bcn_prepared_callback</a> from mac_superframe_out_fsm.o(i.bcn_prepared_callback) referenced from mac_superframe_out_fsm.o(i.out_bcn_prepare)
 <LI><a href="#[61]">beacon_send_confirm</a> from mac_beacon_processor.o(i.beacon_send_confirm) referenced from mac_beacon_processor.o(i.mac_bp_frame_send)
 <LI><a href="#[4d]">cap_period_end</a> from mac_superframe_in_fsm.o(i.cap_period_end) referenced from mac_superframe_in_fsm.o(i.a_in_sf_start)
 <LI><a href="#[4f]">cap_period_end</a> from mac_superframe_out_fsm.o(i.cap_period_end) referenced from mac_superframe_out_fsm.o(i.a_out_start_cap)
 <LI><a href="#[bb]">csma_fsm_action</a> from mac_csma_ca.o(i.csma_fsm_action) referenced 2 times from mac_csma_ca.o(.constdata)
 <LI><a href="#[ba]">csma_fsm_guard</a> from mac_csma_ca.o(i.csma_fsm_guard) referenced 2 times from mac_csma_ca.o(.constdata)
 <LI><a href="#[98]">data_fsm_action</a> from mac_mcps_data.o(i.data_fsm_action) referenced from mac_mcps_data.o(.constdata)
 <LI><a href="#[97]">data_fsm_guard</a> from mac_mcps_data.o(i.data_fsm_guard) referenced from mac_mcps_data.o(.constdata)
 <LI><a href="#[57]">data_req_cp_conf</a> from mac_mlme_poll.o(i.data_req_cp_conf) referenced from mac_mlme_poll.o(i.a_store)
 <LI><a href="#[62]">delay_ends_callback</a> from mac_csma_ca.o(i.delay_ends_callback) referenced from mac_csma_ca.o(i.mac_csma_init)
 <LI><a href="#[bd]">dest_address_fill</a> from mac_frame_processor.o(i.dest_address_fill) referenced from mac_frame_processor.o(.constdata)
 <LI><a href="#[bc]">dest_panid_fill</a> from mac_frame_processor.o(i.dest_panid_fill) referenced from mac_frame_processor.o(.constdata)
 <LI><a href="#[192]">disassoc_fsm_action</a> from mac_mlme_disassociate.o(i.disassoc_fsm_action) referenced from mac_mlme_disassociate.o(.constdata)
 <LI><a href="#[191]">disassoc_fsm_guard</a> from mac_mlme_disassociate.o(i.disassoc_fsm_guard) referenced from mac_mlme_disassociate.o(.constdata)
 <LI><a href="#[10]">event_handler_cmd_sent_result_raise</a> from mac_mlme_start.o(i.event_handler_cmd_sent_result_raise) referenced 2 times from mac_mlme_start.o(.data)
 <LI><a href="#[9]">event_handler_conf</a> from mac_csma_ca.o(i.event_handler_conf) referenced 2 times from mac_csma_ca.o(.data)
 <LI><a href="#[d]">event_handler_confirm_raise</a> from mac_frame_processor_tx_fsm.o(i.event_handler_confirm_raise) referenced 2 times from mac_frame_processor_tx_fsm.o(.data)
 <LI><a href="#[b]">event_handler_context_req</a> from mac_indirect_engine.o(i.event_handler_context_req) referenced 2 times from mac_indirect_engine.o(.data)
 <LI><a href="#[e]">event_handler_next_req_process</a> from mac_frame_processor_tx_fsm.o(i.event_handler_next_req_process) referenced 2 times from mac_frame_processor_tx_fsm.o(.data)
 <LI><a href="#[f]">event_handler_sf_req</a> from mac_mlme_start.o(i.event_handler_sf_req) referenced 2 times from mac_mlme_start.o(.data)
 <LI><a href="#[8]">event_handler_start</a> from mac_csma_ca.o(i.event_handler_start) referenced 2 times from mac_csma_ca.o(.data)
 <LI><a href="#[11]">event_handler_success_raise</a> from mac_mlme_start.o(i.event_handler_success_raise) referenced 2 times from mac_mlme_start.o(.data)
 <LI><a href="#[a]">event_handler_transaction_ovf</a> from mac_indirect_engine.o(i.event_handler_transaction_ovf) referenced 2 times from mac_indirect_engine.o(.data)
 <LI><a href="#[c]">event_handler_tx_complete</a> from mac_indirect_engine.o(i.event_handler_tx_complete) referenced 2 times from mac_indirect_engine.o(.data)
 <LI><a href="#[99]">fp_direct_data_conf</a> from mac_mcps_data.o(i.fp_direct_data_conf) referenced from mac_mcps_data.o(.constdata)
 <LI><a href="#[e5]">fp_gts_data_conf</a> from mac_gts_engine.o(i.fp_gts_data_conf) referenced from mac_gts_engine.o(.constdata)
 <LI><a href="#[c9]">fp_rx_fsm_action</a> from mac_frame_processor_rx_fsm.o(i.fp_rx_fsm_action) referenced from mac_frame_processor_rx_fsm.o(.constdata)
 <LI><a href="#[c8]">fp_rx_fsm_guard</a> from mac_frame_processor_rx_fsm.o(i.fp_rx_fsm_guard) referenced from mac_frame_processor_rx_fsm.o(.constdata)
 <LI><a href="#[159]">fp_tx_fsm_action</a> from mac_frame_processor_tx_fsm.o(i.fp_tx_fsm_action) referenced from mac_frame_processor_tx_fsm.o(.constdata)
 <LI><a href="#[158]">fp_tx_fsm_guard</a> from mac_frame_processor_tx_fsm.o(i.fp_tx_fsm_guard) referenced from mac_frame_processor_tx_fsm.o(.constdata)
 <LI><a href="#[72]">fsm_action</a> from fsm.o(i.fsm_action) referenced from fsm.o(.constdata)
 <LI><a href="#[71]">fsm_guard</a> from fsm.o(i.fsm_guard) referenced from fsm.o(.constdata)
 <LI><a href="#[1c2]">g_rxe_nbpan</a> from mac_mlme_rx_enable.o(i.g_rxe_nbpan) referenced from mac_mlme_rx_enable.o(.constdata)
 <LI><a href="#[1c3]">g_rxe_not_tracking</a> from mac_mlme_rx_enable.o(i.g_rxe_not_tracking) referenced from mac_mlme_rx_enable.o(.constdata)
 <LI><a href="#[1c7]">g_rxe_on_soon</a> from mac_mlme_rx_enable.o(i.g_rxe_on_soon) referenced from mac_mlme_rx_enable.o(.constdata)
 <LI><a href="#[1c6]">g_rxe_past_time</a> from mac_mlme_rx_enable.o(i.g_rxe_past_time) referenced from mac_mlme_rx_enable.o(.constdata)
 <LI><a href="#[1c5]">g_rxe_past_time_notdefer</a> from mac_mlme_rx_enable.o(i.g_rxe_past_time_notdefer) referenced from mac_mlme_rx_enable.o(.constdata)
 <LI><a href="#[1c0]">g_rxe_req_invalid</a> from mac_mlme_rx_enable.o(i.g_rxe_req_invalid) referenced from mac_mlme_rx_enable.o(.constdata)
 <LI><a href="#[1c4]">g_rxe_too_long</a> from mac_mlme_rx_enable.o(i.g_rxe_too_long) referenced from mac_mlme_rx_enable.o(.constdata)
 <LI><a href="#[1c1]">g_rxe_zero_duration</a> from mac_mlme_rx_enable.o(i.g_rxe_zero_duration) referenced from mac_mlme_rx_enable.o(.constdata)
 <LI><a href="#[19a]">gts_common_fsm_action</a> from mac_mlme_gts.o(i.gts_common_fsm_action) referenced from mac_mlme_gts.o(.constdata)
 <LI><a href="#[199]">gts_common_fsm_guard</a> from mac_mlme_gts.o(i.gts_common_fsm_guard) referenced from mac_mlme_gts.o(.constdata)
 <LI><a href="#[d3]">gts_fsm_action</a> from mac_gts_engine.o(i.gts_fsm_action) referenced from mac_gts_engine.o(.constdata)
 <LI><a href="#[d2]">gts_fsm_guard</a> from mac_gts_engine.o(i.gts_fsm_guard) referenced from mac_gts_engine.o(.constdata)
 <LI><a href="#[5a]">gts_gap_timer_handler</a> from mac_gts_engine.o(i.gts_gap_timer_handler) referenced from mac_gts_engine.o(i.gts_gap_timer_start)
 <LI><a href="#[139]">gts_pack</a> from mac_beacon_processor.o(i.gts_pack) referenced from mac_beacon_processor.o(.constdata)
 <LI><a href="#[5b]">gts_slot_timer_handler</a> from mac_gts_engine.o(i.gts_slot_timer_handler) referenced from mac_gts_engine.o(i.gts_slot_timer_start)
 <LI><a href="#[5b]">gts_slot_timer_handler</a> from mac_gts_engine.o(i.gts_slot_timer_handler) referenced from mac_gts_engine.o(i.mac_gts_slot_exceeded)
 <LI><a href="#[13d]">gts_unpack</a> from mac_beacon_processor.o(i.gts_unpack) referenced from mac_beacon_processor.o(.constdata)
 <LI><a href="#[1f2]">gu_addr_not_set</a> from mac_mlme_start.o(i.gu_addr_not_set) referenced from mac_mlme_start.o(.constdata)
 <LI><a href="#[1b2]">gu_assoc_accept_reply</a> from mac_mlme_poll.o(i.gu_assoc_accept_reply) referenced from mac_mlme_poll.o(.constdata)
 <LI><a href="#[17e]">gu_assoc_permitted</a> from mac_mlme_associate.o(i.gu_assoc_permitted) referenced from mac_mlme_associate.o(.constdata)
 <LI><a href="#[1f3]">gu_attrs_incorrect</a> from mac_mlme_start.o(i.gu_attrs_incorrect) referenced from mac_mlme_start.o(.constdata)
 <LI><a href="#[1a1]">gu_bcn_gts_allocated</a> from mac_mlme_gts.o(i.gu_bcn_gts_allocated) referenced from mac_mlme_gts.o(.constdata)
 <LI><a href="#[1a0]">gu_bcn_no_data</a> from mac_mlme_gts.o(i.gu_bcn_no_data) referenced from mac_mlme_gts.o(.constdata)
 <LI><a href="#[19f]">gu_bcn_no_data_limit</a> from mac_mlme_gts.o(i.gu_bcn_no_data_limit) referenced from mac_mlme_gts.o(.constdata)
 <LI><a href="#[166]">gu_bcn_track_fail</a> from mac_frame_processor_tx_fsm.o(i.gu_bcn_track_fail) referenced from mac_frame_processor_tx_fsm.o(.constdata)
 <LI><a href="#[165]">gu_bcn_track_required</a> from mac_frame_processor_tx_fsm.o(i.gu_bcn_track_required) referenced from mac_frame_processor_tx_fsm.o(.constdata)
 <LI><a href="#[1f9]">gu_beacon_enabled</a> from mac_mlme_start.o(i.gu_beacon_enabled) referenced from mac_mlme_start.o(.constdata)
 <LI><a href="#[ca]">gu_beacon_rx</a> from mac_frame_processor_rx_fsm.o(i.gu_beacon_rx) referenced from mac_frame_processor_rx_fsm.o(.constdata)
 <LI><a href="#[167]">gu_bepan_not_ready</a> from mac_frame_processor_tx_fsm.o(i.gu_bepan_not_ready) referenced from mac_frame_processor_tx_fsm.o(.constdata)
 <LI><a href="#[108]">gu_broadcast_exist</a> from mac_indirect_engine.o(i.gu_broadcast_exist) referenced from mac_indirect_engine.o(.constdata)
 <LI><a href="#[88]">gu_broadcast_with_ack</a> from mac_mcps_data.o(i.gu_broadcast_with_ack) referenced from mac_mcps_data.o(.constdata)
 <LI><a href="#[1a2]">gu_cmd_check</a> from mac_mlme_gts.o(i.gu_cmd_check) referenced from mac_mlme_gts.o(.constdata)
 <LI><a href="#[17c]">gu_cmd_send_fail</a> from mac_mlme_associate.o(i.gu_cmd_send_fail) referenced 2 times from mac_mlme_associate.o(.constdata)
 <LI><a href="#[cb]">gu_command_rx</a> from mac_frame_processor_rx_fsm.o(i.gu_command_rx) referenced from mac_frame_processor_rx_fsm.o(.constdata)
 <LI><a href="#[164]">gu_csma_is_postponed</a> from mac_frame_processor_tx_fsm.o(i.gu_csma_is_postponed) referenced from mac_frame_processor_tx_fsm.o(.constdata)
 <LI><a href="#[168]">gu_csma_postponed_not_tracking</a> from mac_frame_processor_tx_fsm.o(i.gu_csma_postponed_not_tracking) referenced from mac_frame_processor_tx_fsm.o(.constdata)
 <LI><a href="#[163]">gu_csma_result_postponed</a> from mac_frame_processor_tx_fsm.o(i.gu_csma_result_postponed) referenced from mac_frame_processor_tx_fsm.o(.constdata)
 <LI><a href="#[15e]">gu_csma_result_success</a> from mac_frame_processor_tx_fsm.o(i.gu_csma_result_success) referenced from mac_frame_processor_tx_fsm.o(.constdata)
 <LI><a href="#[b2]">gu_cw_eq_to_zero_s</a> from mac_csma_ca.o(i.gu_cw_eq_to_zero_s) referenced from mac_csma_ca.o(.constdata)
 <LI><a href="#[cc]">gu_data_rx</a> from mac_frame_processor_rx_fsm.o(i.gu_data_rx) referenced from mac_frame_processor_rx_fsm.o(.constdata)
 <LI><a href="#[b0]">gu_delay_ex_s</a> from mac_csma_ca.o(i.gu_delay_ex_s) referenced from mac_csma_ca.o(.constdata)
 <LI><a href="#[8a]">gu_direct_from_coord</a> from mac_mcps_data.o(i.gu_direct_from_coord) referenced from mac_mcps_data.o(.constdata)
 <LI><a href="#[190]">gu_disassoc_indirect</a> from mac_mlme_disassociate.o(i.gu_disassoc_indirect) referenced from mac_mlme_disassociate.o(.constdata)
 <LI><a href="#[18f]">gu_disassoc_req_invalid</a> from mac_mlme_disassociate.o(i.gu_disassoc_req_invalid) referenced from mac_mlme_disassociate.o(.constdata)
 <LI><a href="#[9f]">gu_empty</a> from ral_fsm.o(i.gu_empty) referenced from ral_fsm.o(.constdata)
 <LI><a href="#[19e]">gu_fp_error</a> from mac_mlme_gts.o(i.gu_fp_error) referenced from mac_mlme_gts.o(.constdata)
 <LI><a href="#[15a]">gu_frame_size</a> from mac_frame_processor_tx_fsm.o(i.gu_frame_size) referenced from mac_frame_processor_tx_fsm.o(.constdata)
 <LI><a href="#[b1]">gu_gen_delay_ex_s</a> from mac_csma_ca.o(i.gu_gen_delay_ex_s) referenced from mac_csma_ca.o(.constdata)
 <LI><a href="#[8b]">gu_gts</a> from mac_mcps_data.o(i.gu_gts) referenced from mac_mcps_data.o(.constdata)
 <LI><a href="#[dd]">gu_gts_gap_present</a> from mac_gts_engine.o(i.gu_gts_gap_present) referenced from mac_gts_engine.o(.constdata)
 <LI><a href="#[19c]">gu_gts_req_alloc</a> from mac_mlme_gts.o(i.gu_gts_req_alloc) referenced from mac_mlme_gts.o(.constdata)
 <LI><a href="#[19d]">gu_gts_req_dealloc</a> from mac_mlme_gts.o(i.gu_gts_req_dealloc) referenced from mac_mlme_gts.o(.constdata)
 <LI><a href="#[19b]">gu_gts_req_no_addr</a> from mac_mlme_gts.o(i.gu_gts_req_no_addr) referenced from mac_mlme_gts.o(.constdata)
 <LI><a href="#[df]">gu_gts_rxslot_present</a> from mac_gts_engine.o(i.gu_gts_rxslot_present) referenced from mac_gts_engine.o(.constdata)
 <LI><a href="#[169]">gu_gts_slot_ex</a> from mac_frame_processor_tx_fsm.o(i.gu_gts_slot_ex) referenced from mac_frame_processor_tx_fsm.o(.constdata)
 <LI><a href="#[e1]">gu_gts_txframe_denied</a> from mac_gts_engine.o(i.gu_gts_txframe_denied) referenced from mac_gts_engine.o(.constdata)
 <LI><a href="#[e2]">gu_gts_txframe_no_ack</a> from mac_gts_engine.o(i.gu_gts_txframe_no_ack) referenced from mac_gts_engine.o(.constdata)
 <LI><a href="#[e4]">gu_gts_txframe_no_ack_limit</a> from mac_gts_engine.o(i.gu_gts_txframe_no_ack_limit) referenced from mac_gts_engine.o(.constdata)
 <LI><a href="#[e0]">gu_gts_txframe_present</a> from mac_gts_engine.o(i.gu_gts_txframe_present) referenced from mac_gts_engine.o(.constdata)
 <LI><a href="#[de]">gu_gts_txslot_present</a> from mac_gts_engine.o(i.gu_gts_txslot_present) referenced from mac_gts_engine.o(.constdata)
 <LI><a href="#[e3]">gu_gts_txslot_txframe_present</a> from mac_gts_engine.o(i.gu_gts_txslot_txframe_present) referenced from mac_gts_engine.o(.constdata)
 <LI><a href="#[227]">gu_in_gts_present_and_real_bcn</a> from mac_superframe_in_fsm.o(i.gu_in_gts_present_and_real_bcn) referenced from mac_superframe_in_fsm.o(.constdata)
 <LI><a href="#[89]">gu_indirect</a> from mac_mcps_data.o(i.gu_indirect) referenced from mac_mcps_data.o(.constdata)
 <LI><a href="#[af]">gu_init_gen_delay_ex_s</a> from mac_csma_ca.o(i.gu_init_gen_delay_ex_s) referenced from mac_csma_ca.o(.constdata)
 <LI><a href="#[ac]">gu_init_us</a> from mac_csma_ca.o(i.gu_init_us) referenced from mac_csma_ca.o(.constdata)
 <LI><a href="#[161]">gu_inside_ifs</a> from mac_frame_processor_tx_fsm.o(i.gu_inside_ifs) referenced from mac_frame_processor_tx_fsm.o(.constdata)
 <LI><a href="#[86]">gu_invalid_addr</a> from mac_mcps_data.o(i.gu_invalid_addr) referenced from mac_mcps_data.o(.constdata)
 <LI><a href="#[8c]">gu_invalid_gts</a> from mac_mcps_data.o(i.gu_invalid_gts) referenced from mac_mcps_data.o(.constdata)
 <LI><a href="#[17b]">gu_invalid_req</a> from mac_mlme_associate.o(i.gu_invalid_req) referenced from mac_mlme_associate.o(.constdata)
 <LI><a href="#[17f]">gu_invalid_resp</a> from mac_mlme_associate.o(i.gu_invalid_resp) referenced from mac_mlme_associate.o(.constdata)
 <LI><a href="#[16a]">gu_is_not_secured</a> from mac_frame_processor_tx_fsm.o(i.gu_is_not_secured) referenced from mac_frame_processor_tx_fsm.o(.constdata)
 <LI><a href="#[20b]">gu_lost_beacon_count</a> from mac_mlme_sync.o(i.gu_lost_beacon_count) referenced from mac_mlme_sync.o(.constdata)
 <LI><a href="#[107]">gu_msg_extracted</a> from mac_indirect_engine.o(i.gu_msg_extracted) referenced from mac_indirect_engine.o(.constdata)
 <LI><a href="#[ad]">gu_nb_excess</a> from mac_csma_ca.o(i.gu_nb_excess) referenced from mac_csma_ca.o(.constdata)
 <LI><a href="#[1fa]">gu_no_beacon</a> from mac_mlme_start.o(i.gu_no_beacon) referenced from mac_mlme_start.o(.constdata)
 <LI><a href="#[15b]">gu_no_csma_or_poll_resp</a> from mac_frame_processor_tx_fsm.o(i.gu_no_csma_or_poll_resp) referenced from mac_frame_processor_tx_fsm.o(.constdata)
 <LI><a href="#[223]">gu_no_inactive</a> from mac_superframe_out_fsm.o(i.gu_no_inactive) referenced from mac_superframe_out_fsm.o(.constdata)
 <LI><a href="#[1f6]">gu_no_realign_bcn_en</a> from mac_mlme_start.o(i.gu_no_realign_bcn_en) referenced from mac_mlme_start.o(.constdata)
 <LI><a href="#[1f4]">gu_no_realign_no_bcn</a> from mac_mlme_start.o(i.gu_no_realign_no_bcn) referenced from mac_mlme_start.o(.constdata)
 <LI><a href="#[1f5]">gu_no_realign_start_bias</a> from mac_mlme_start.o(i.gu_no_realign_start_bias) referenced from mac_mlme_start.o(.constdata)
 <LI><a href="#[221]">gu_out_beacon_disabled</a> from mac_superframe_out_fsm.o(i.gu_out_beacon_disabled) referenced from mac_superframe_out_fsm.o(.constdata)
 <LI><a href="#[224]">gu_out_gts_present</a> from mac_superframe_out_fsm.o(i.gu_out_gts_present) referenced from mac_superframe_out_fsm.o(.constdata)
 <LI><a href="#[222]">gu_out_main_bcns</a> from mac_superframe_out_fsm.o(i.gu_out_main_bcns) referenced from mac_superframe_out_fsm.o(.constdata)
 <LI><a href="#[1b0]">gu_poll_req_invalid</a> from mac_mlme_poll.o(i.gu_poll_req_invalid) referenced from mac_mlme_poll.o(.constdata)
 <LI><a href="#[1b3]">gu_postponed</a> from mac_mlme_poll.o(i.gu_postponed) referenced from mac_mlme_poll.o(.constdata)
 <LI><a href="#[cd]">gu_promiscuous_mode</a> from mac_frame_processor_rx_fsm.o(i.gu_promiscuous_mode) referenced from mac_frame_processor_rx_fsm.o(.constdata)
 <LI><a href="#[76]">gu_radio_tx_idle</a> from fsm.o(i.gu_radio_tx_idle) referenced from fsm.o(.constdata)
 <LI><a href="#[160]">gu_retries_csma</a> from mac_frame_processor_tx_fsm.o(i.gu_retries_csma) referenced from mac_frame_processor_tx_fsm.o(.constdata)
 <LI><a href="#[162]">gu_retries_csma_track</a> from mac_frame_processor_tx_fsm.o(i.gu_retries_csma_track) referenced from mac_frame_processor_tx_fsm.o(.constdata)
 <LI><a href="#[15c]">gu_rx_busy</a> from mac_frame_processor_tx_fsm.o(i.gu_rx_busy) referenced from mac_frame_processor_tx_fsm.o(.constdata)
 <LI><a href="#[1da]">gu_scan_autoreq_false</a> from mac_mlme_scan.o(i.gu_scan_autoreq_false) referenced from mac_mlme_scan.o(.constdata)
 <LI><a href="#[1dc]">gu_scan_beacon_unique</a> from mac_mlme_scan.o(i.gu_scan_beacon_unique) referenced from mac_mlme_scan.o(.constdata)
 <LI><a href="#[1dd]">gu_scan_last_ch_done</a> from mac_mlme_scan.o(i.gu_scan_last_ch_done) referenced from mac_mlme_scan.o(.constdata)
 <LI><a href="#[1db]">gu_scan_limit_reached</a> from mac_mlme_scan.o(i.gu_scan_limit_reached) referenced from mac_mlme_scan.o(.constdata)
 <LI><a href="#[1e0]">gu_scan_media_fail_last_ch</a> from mac_mlme_scan.o(i.gu_scan_media_fail_last_ch) referenced from mac_mlme_scan.o(.constdata)
 <LI><a href="#[1df]">gu_scan_media_fail_more_ch</a> from mac_mlme_scan.o(i.gu_scan_media_fail_more_ch) referenced from mac_mlme_scan.o(.constdata)
 <LI><a href="#[1d7]">gu_scan_req_active</a> from mac_mlme_scan.o(i.gu_scan_req_active) referenced from mac_mlme_scan.o(.constdata)
 <LI><a href="#[1d6]">gu_scan_req_ed</a> from mac_mlme_scan.o(i.gu_scan_req_ed) referenced from mac_mlme_scan.o(.constdata)
 <LI><a href="#[1d5]">gu_scan_req_invalid</a> from mac_mlme_scan.o(i.gu_scan_req_invalid) referenced from mac_mlme_scan.o(.constdata)
 <LI><a href="#[1d9]">gu_scan_req_orphan</a> from mac_mlme_scan.o(i.gu_scan_req_orphan) referenced from mac_mlme_scan.o(.constdata)
 <LI><a href="#[1d8]">gu_scan_req_passive</a> from mac_mlme_scan.o(i.gu_scan_req_passive) referenced from mac_mlme_scan.o(.constdata)
 <LI><a href="#[1de]">gu_scan_send_fail</a> from mac_mlme_scan.o(i.gu_scan_send_fail) referenced from mac_mlme_scan.o(.constdata)
 <LI><a href="#[74]">gu_send_success</a> from fsm.o(i.gu_send_success) referenced 2 times from fsm.o(.constdata)
 <LI><a href="#[109]">gu_sending_broadcast</a> from mac_indirect_engine.o(i.gu_sending_broadcast) referenced from mac_indirect_engine.o(.constdata)
 <LI><a href="#[73]">gu_set_success</a> from fsm.o(i.gu_set_success) referenced from fsm.o(.constdata)
 <LI><a href="#[87]">gu_short_addr_not_set</a> from mac_mcps_data.o(i.gu_short_addr_not_set) referenced from mac_mcps_data.o(.constdata)
 <LI><a href="#[1f8]">gu_superframe_overlap</a> from mac_mlme_start.o(i.gu_superframe_overlap) referenced from mac_mlme_start.o(.constdata)
 <LI><a href="#[208]">gu_synced_already</a> from mac_mlme_sync.o(i.gu_synced_already) referenced from mac_mlme_sync.o(.constdata)
 <LI><a href="#[17d]">gu_track_pending_data</a> from mac_mlme_associate.o(i.gu_track_pending_data) referenced from mac_mlme_associate.o(.constdata)
 <LI><a href="#[20a]">gu_tracking_enabled</a> from mac_mlme_sync.o(i.gu_tracking_enabled) referenced from mac_mlme_sync.o(.constdata)
 <LI><a href="#[1f7]">gu_tracking_off</a> from mac_mlme_start.o(i.gu_tracking_off) referenced from mac_mlme_start.o(.constdata)
 <LI><a href="#[ae]">gu_tx_on_switched</a> from mac_csma_ca.o(i.gu_tx_on_switched) referenced from mac_csma_ca.o(.constdata)
 <LI><a href="#[75]">gu_uart_tx_data_available</a> from fsm.o(i.gu_uart_tx_data_available) referenced from fsm.o(.constdata)
 <LI><a href="#[77]">gu_uart_tx_idle</a> from fsm.o(i.gu_uart_tx_idle) referenced from fsm.o(.constdata)
 <LI><a href="#[15d]">gu_use_start_trigger</a> from mac_frame_processor_tx_fsm.o(i.gu_use_start_trigger) referenced from mac_frame_processor_tx_fsm.o(.constdata)
 <LI><a href="#[209]">gu_wrong_source</a> from mac_mlme_sync.o(i.gu_wrong_source) referenced from mac_mlme_sync.o(.constdata)
 <LI><a href="#[5c]">hal_ll_timer_irq_handler</a> from hal_nrf52_soc_timer.o(i.hal_ll_timer_irq_handler) referenced from hal_nrf52_soc_timer.o(i.hal_timer_init)
 <LI><a href="#[9b]">hal_task_handler</a> from hal_task_scheduler.o(i.hal_task_handler) referenced from sys_task_scheduler.o(.constdata)
 <LI><a href="#[134]">hal_timer_critical_manual_handler</a> from hal_timer.o(i.hal_timer_critical_manual_handler) referenced from hal_task_scheduler.o(.constdata)
 <LI><a href="#[132]">hal_timer_task_handler</a> from hal_timer.o(i.hal_timer_task_handler) referenced from hal_task_scheduler.o(.constdata)
 <LI><a href="#[137]">hal_uart_error_handler</a> from hal_nrf52_soc_uart.o(i.hal_uart_error_handler) referenced from hal_uart_task_scheduler.o(.constdata)
 <LI><a href="#[135]">hal_uart_rx_handler</a> from hal_nrf52_soc_uart.o(i.hal_uart_rx_handler) referenced from hal_uart_task_scheduler.o(.constdata)
 <LI><a href="#[133]">hal_uart_task_handler</a> from hal_uart_task_scheduler.o(i.hal_uart_task_handler) referenced from hal_task_scheduler.o(.constdata)
 <LI><a href="#[136]">hal_uart_tx_handler</a> from hal_nrf52_soc_uart.o(i.hal_uart_tx_handler) referenced from hal_uart_task_scheduler.o(.constdata)
 <LI><a href="#[14c]">in_sf_start_confirm</a> from mac_frame_processor_tx_fsm.o(i.in_sf_start_confirm) referenced from mac_frame_processor_tx_fsm.o(.constdata)
 <LI><a href="#[4e]">inactive_period_end</a> from mac_superframe_out_fsm.o(i.inactive_period_end) referenced from mac_superframe_out_fsm.o(i.a_out_inactive_timer_start)
 <LI><a href="#[10b]">indir_fsm_action</a> from mac_indirect_engine.o(i.indir_fsm_action) referenced from mac_indirect_engine.o(.constdata)
 <LI><a href="#[10a]">indir_fsm_guard</a> from mac_indirect_engine.o(i.indir_fsm_guard) referenced from mac_indirect_engine.o(.constdata)
 <LI><a href="#[66]">indirect_timer_expired</a> from mac_indirect_engine.o(i.indirect_timer_expired) referenced from mac_indirect_engine.o(i.mac_indirect_engine_put)
 <LI><a href="#[58]">lost_beacon_ind</a> from mac_mlme_sync.o(i.lost_beacon_ind) referenced from mac_mlme_sync.o(i.a_sync_once_start)
 <LI><a href="#[58]">lost_beacon_ind</a> from mac_mlme_sync.o(i.lost_beacon_ind) referenced from mac_mlme_sync.o(i.a_sync_prepare)
 <LI><a href="#[58]">lost_beacon_ind</a> from mac_mlme_sync.o(i.lost_beacon_ind) referenced from mac_mlme_sync.o(i.a_sync_start)
 <LI><a href="#[14d]">mac_associate_fp_time_confirm</a> from mac_mlme_associate.o(i.mac_associate_fp_time_confirm) referenced from mac_frame_processor_tx_fsm.o(.constdata)
 <LI><a href="#[c6]">mac_associate_needs_rx_on</a> from mac_mlme_associate.o(i.mac_associate_needs_rx_on) referenced from mac_frame_processor_rx_fsm.o(.constdata)
 <LI><a href="#[10d]">mac_associate_req_handler</a> from mac_mlme_associate.o(i.mac_associate_req_handler) referenced from mac_task_scheduler.o(.constdata)
 <LI><a href="#[14a]">mac_beacon_tx_time_confirm</a> from mac_superframe_out_fsm.o(i.mac_beacon_tx_time_confirm) referenced from mac_frame_processor_tx_fsm.o(.constdata)
 <LI><a href="#[c7]">mac_bp_needs_rx_on</a> from mac_beacon_processor.o(i.mac_bp_needs_rx_on) referenced from mac_frame_processor_rx_fsm.o(.constdata)
 <LI><a href="#[13f]">mac_cp_assoc_req_handler</a> from mac_mlme_associate.o(i.mac_cp_assoc_req_handler) referenced from mac_command_processor.o(.constdata)
 <LI><a href="#[140]">mac_cp_assoc_resp_handler</a> from mac_mlme_associate.o(i.mac_cp_assoc_resp_handler) referenced from mac_command_processor.o(.constdata)
 <LI><a href="#[145]">mac_cp_beacon_req_handler</a> from mac_beacon_processor.o(i.mac_cp_beacon_req_handler) referenced from mac_command_processor.o(.constdata)
 <LI><a href="#[146]">mac_cp_coord_realign_handler</a> from mac_mlme_scan.o(i.mac_cp_coord_realign_handler) referenced from mac_command_processor.o(.constdata)
 <LI><a href="#[142]">mac_cp_data_req_handler</a> from mac_indirect_engine.o(i.mac_cp_data_req_handler) referenced from mac_command_processor.o(.constdata)
 <LI><a href="#[141]">mac_cp_disassoc_ntf_handler</a> from mac_mlme_disassociate.o(i.mac_cp_disassoc_ntf_handler) referenced from mac_command_processor.o(.constdata)
 <LI><a href="#[148]">mac_cp_general_confirm</a> from mac_command_processor.o(i.mac_cp_general_confirm) referenced 9 times from mac_command_processor.o(.constdata)
 <LI><a href="#[147]">mac_cp_gts_req_handler</a> from mac_mlme_gts.o(i.mac_cp_gts_req_handler) referenced from mac_command_processor.o(.constdata)
 <LI><a href="#[144]">mac_cp_orphan_ntf_handler</a> from mac_mlme_orphan.o(i.mac_cp_orphan_ntf_handler) referenced from mac_command_processor.o(.constdata)
 <LI><a href="#[143]">mac_cp_panid_conflict_ntf_handler</a> from mac_panid_conflict.o(i.mac_cp_panid_conflict_ntf_handler) referenced from mac_command_processor.o(.constdata)
 <LI><a href="#[11b]">mac_csma_ca_handler</a> from mac_csma_ca.o(i.mac_csma_ca_handler) referenced from mac_task_scheduler.o(.constdata)
 <LI><a href="#[11e]">mac_data_dir_conf_handler</a> from mac_mcps_data.o(i.mac_data_dir_conf_handler) referenced from mac_task_scheduler.o(.constdata)
 <LI><a href="#[154]">mac_data_fp_time_confirm</a> from mac_mcps_data.o(i.mac_data_fp_time_confirm) referenced from mac_frame_processor_tx_fsm.o(.constdata)
 <LI><a href="#[11f]">mac_data_indir_req_handler</a> from mac_indirect_engine.o(i.mac_data_indir_req_handler) referenced from mac_task_scheduler.o(.constdata)
 <LI><a href="#[118]">mac_data_req_handler</a> from mac_mcps_data.o(i.mac_data_req_handler) referenced from mac_task_scheduler.o(.constdata)
 <LI><a href="#[122]">mac_disassoc_ind_handler</a> from mac_mlme_disassociate.o(i.mac_disassoc_ind_handler) referenced from mac_task_scheduler.o(.constdata)
 <LI><a href="#[4c]">mac_disassoc_ntfy_cp_confirm</a> from mac_mlme_disassociate.o(i.mac_disassoc_ntfy_cp_confirm) referenced from mac_mlme_disassociate.o(i.a_disassoc_ntfy_send)
 <LI><a href="#[14e]">mac_disassociate_fp_time_confirm</a> from mac_mlme_disassociate.o(i.mac_disassociate_fp_time_confirm) referenced from mac_frame_processor_tx_fsm.o(.constdata)
 <LI><a href="#[10e]">mac_disassociate_req_handler</a> from mac_mlme_disassociate.o(i.mac_disassociate_req_handler) referenced from mac_task_scheduler.o(.constdata)
 <LI><a href="#[120]">mac_fp_rx_task_handler</a> from mac_frame_processor_rx_fsm.o(i.mac_fp_rx_task_handler) referenced from mac_task_scheduler.o(.constdata)
 <LI><a href="#[11d]">mac_fp_tx_task_handler</a> from mac_frame_processor_tx_fsm.o(i.mac_fp_tx_task_handler) referenced from mac_task_scheduler.o(.constdata)
 <LI><a href="#[124]">mac_get_req_conf_handler</a> from mac_mlme_pib.o(i.mac_get_req_conf_handler) referenced from mac_task_scheduler.o(.constdata)
 <LI><a href="#[10f]">mac_get_req_handler</a> from mac_mlme_pib.o(i.mac_get_req_handler) referenced from mac_task_scheduler.o(.constdata)
 <LI><a href="#[155]">mac_gts_fp_time_confirm</a> from mac_gts_engine.o(i.mac_gts_fp_time_confirm) referenced from mac_frame_processor_tx_fsm.o(.constdata)
 <LI><a href="#[110]">mac_gts_req_handler</a> from mac_mlme_gts.o(i.mac_gts_req_handler) referenced from mac_task_scheduler.o(.constdata)
 <LI><a href="#[65]">mac_gts_rxreq_cb</a> from mac_mlme_gts.o(i.mac_gts_rxreq_cb) referenced from mac_command_processor.o(i.mac_gts_request_send)
 <LI><a href="#[157]">mac_gts_rxreq_fp_time_confirm</a> from mac_mlme_gts.o(i.mac_gts_rxreq_fp_time_confirm) referenced from mac_frame_processor_tx_fsm.o(.constdata)
 <LI><a href="#[64]">mac_gts_txreq_cb</a> from mac_mlme_gts.o(i.mac_gts_txreq_cb) referenced from mac_command_processor.o(i.mac_gts_request_send)
 <LI><a href="#[156]">mac_gts_txreq_fp_time_confirm</a> from mac_mlme_gts.o(i.mac_gts_txreq_fp_time_confirm) referenced from mac_frame_processor_tx_fsm.o(.constdata)
 <LI><a href="#[eb]">mac_ie_assoc_resp_conf</a> from mac_indirect_assoc_resp.o(i.mac_ie_assoc_resp_conf) referenced from mac_indirect_engine.o(.constdata)
 <LI><a href="#[ef]">mac_ie_assoc_resp_delete</a> from mac_indirect_assoc_resp.o(i.mac_ie_assoc_resp_delete) referenced from mac_indirect_engine.o(.constdata)
 <LI><a href="#[fb]">mac_ie_assoc_resp_dst_addr_get</a> from mac_indirect_assoc_resp.o(i.mac_ie_assoc_resp_dst_addr_get) referenced from mac_indirect_engine.o(.constdata)
 <LI><a href="#[f7]">mac_ie_assoc_resp_dst_addr_mode_get</a> from mac_indirect_assoc_resp.o(i.mac_ie_assoc_resp_dst_addr_mode_get) referenced from mac_indirect_engine.o(.constdata)
 <LI><a href="#[f3]">mac_ie_assoc_resp_item_address_cmp</a> from mac_indirect_assoc_resp.o(i.mac_ie_assoc_resp_item_address_cmp) referenced from mac_indirect_engine.o(.constdata)
 <LI><a href="#[e7]">mac_ie_assoc_resp_send</a> from mac_indirect_assoc_resp.o(i.mac_ie_assoc_resp_send) referenced from mac_indirect_engine.o(.constdata)
 <LI><a href="#[ed]">mac_ie_coord_realignment_conf</a> from mac_indirect_coord_realignment.o(i.mac_ie_coord_realignment_conf) referenced from mac_indirect_engine.o(.constdata)
 <LI><a href="#[f1]">mac_ie_coord_realignment_delete</a> from mac_indirect_coord_realignment.o(i.mac_ie_coord_realignment_delete) referenced from mac_indirect_engine.o(.constdata)
 <LI><a href="#[fd]">mac_ie_coord_realignment_dst_addr_get</a> from mac_indirect_coord_realignment.o(i.mac_ie_coord_realignment_dst_addr_get) referenced from mac_indirect_engine.o(.constdata)
 <LI><a href="#[f9]">mac_ie_coord_realignment_dst_addr_mode_get</a> from mac_indirect_coord_realignment.o(i.mac_ie_coord_realignment_dst_addr_mode_get) referenced from mac_indirect_engine.o(.constdata)
 <LI><a href="#[f5]">mac_ie_coord_realignment_item_address_cmp</a> from mac_indirect_coord_realignment.o(i.mac_ie_coord_realignment_item_address_cmp) referenced from mac_indirect_engine.o(.constdata)
 <LI><a href="#[e9]">mac_ie_coord_realignment_send</a> from mac_indirect_coord_realignment.o(i.mac_ie_coord_realignment_send) referenced from mac_indirect_engine.o(.constdata)
 <LI><a href="#[f4]">mac_ie_disassoc_ntfy_address_cmp</a> from mac_indirect_disassoc_ntfy.o(i.mac_ie_disassoc_ntfy_address_cmp) referenced from mac_indirect_engine.o(.constdata)
 <LI><a href="#[ec]">mac_ie_disassoc_ntfy_conf</a> from mac_indirect_disassoc_ntfy.o(i.mac_ie_disassoc_ntfy_conf) referenced from mac_indirect_engine.o(.constdata)
 <LI><a href="#[f0]">mac_ie_disassoc_ntfy_delete</a> from mac_indirect_disassoc_ntfy.o(i.mac_ie_disassoc_ntfy_delete) referenced from mac_indirect_engine.o(.constdata)
 <LI><a href="#[fc]">mac_ie_disassoc_ntfy_dst_addr_get</a> from mac_indirect_disassoc_ntfy.o(i.mac_ie_disassoc_ntfy_dst_addr_get) referenced from mac_indirect_engine.o(.constdata)
 <LI><a href="#[f8]">mac_ie_disassoc_ntfy_dst_addr_mode_get</a> from mac_indirect_disassoc_ntfy.o(i.mac_ie_disassoc_ntfy_dst_addr_mode_get) referenced from mac_indirect_engine.o(.constdata)
 <LI><a href="#[e8]">mac_ie_disassoc_ntfy_send</a> from mac_indirect_disassoc_ntfy.o(i.mac_ie_disassoc_ntfy_send) referenced from mac_indirect_engine.o(.constdata)
 <LI><a href="#[ea]">mac_ie_mcps_data_conf</a> from mac_indirect_mcps_data.o(i.mac_ie_mcps_data_conf) referenced from mac_indirect_engine.o(.constdata)
 <LI><a href="#[ee]">mac_ie_mcps_data_delete</a> from mac_indirect_mcps_data.o(i.mac_ie_mcps_data_delete) referenced from mac_indirect_engine.o(.constdata)
 <LI><a href="#[fa]">mac_ie_mcps_data_dst_addr_get</a> from mac_indirect_mcps_data.o(i.mac_ie_mcps_data_dst_addr_get) referenced from mac_indirect_engine.o(.constdata)
 <LI><a href="#[f6]">mac_ie_mcps_data_dst_addr_mode_get</a> from mac_indirect_mcps_data.o(i.mac_ie_mcps_data_dst_addr_mode_get) referenced from mac_indirect_engine.o(.constdata)
 <LI><a href="#[f2]">mac_ie_mcps_data_item_address_cmp</a> from mac_indirect_mcps_data.o(i.mac_ie_mcps_data_item_address_cmp) referenced from mac_indirect_engine.o(.constdata)
 <LI><a href="#[e6]">mac_ie_mcps_data_send</a> from mac_indirect_mcps_data.o(i.mac_ie_mcps_data_send) referenced from mac_indirect_engine.o(.constdata)
 <LI><a href="#[151]">mac_indir_data_fp_time_confirm</a> from mac_indirect_engine.o(i.mac_indir_data_fp_time_confirm) referenced from mac_frame_processor_tx_fsm.o(.constdata)
 <LI><a href="#[5f]">mac_indirect_engine_fp_conf</a> from mac_indirect_engine.o(i.mac_indirect_engine_fp_conf) referenced 2 times from mac_indirect_coord_realignment.o(.constdata)
 <LI><a href="#[5f]">mac_indirect_engine_fp_conf</a> from mac_indirect_engine.o(i.mac_indirect_engine_fp_conf) referenced from mac_command_processor.o(i.mac_associate_response_send)
 <LI><a href="#[5f]">mac_indirect_engine_fp_conf</a> from mac_indirect_engine.o(i.mac_indirect_engine_fp_conf) referenced from mac_indirect_disassoc_ntfy.o(i.mac_ie_disassoc_ntfy_send)
 <LI><a href="#[127]">mac_mem_allocator_task_handler</a> from mac_memory.o(i.mac_mem_allocator_task_handler) referenced from mac_task_scheduler.o(.constdata)
 <LI><a href="#[121]">mac_orphan_ind_handler</a> from mac_mlme_orphan.o(i.mac_orphan_ind_handler) referenced from mac_task_scheduler.o(.constdata)
 <LI><a href="#[152]">mac_orphan_resp_fp_time_confirm</a> from mac_mlme_orphan.o(i.mac_orphan_resp_fp_time_confirm) referenced from mac_frame_processor_tx_fsm.o(.constdata)
 <LI><a href="#[119]">mac_orphan_resp_handler</a> from mac_mlme_orphan.o(i.mac_orphan_resp_handler) referenced from mac_task_scheduler.o(.constdata)
 <LI><a href="#[126]">mac_outer_reqs_task_handler</a> from mac_task_scheduler.o(i.mac_outer_reqs_task_handler) referenced from mac_task_scheduler.o(.constdata)
 <LI><a href="#[6b]">mac_panid_conflict_cb</a> from mac_panid_conflict.o(i.mac_panid_conflict_cb) referenced from mac_command_processor.o(i.mac_panid_conflict_send)
 <LI><a href="#[153]">mac_panid_conflict_fp_time_confirm</a> from mac_panid_conflict.o(i.mac_panid_conflict_fp_time_confirm) referenced from mac_frame_processor_tx_fsm.o(.constdata)
 <LI><a href="#[150]">mac_poll_fp_time_confirm</a> from mac_mlme_poll.o(i.mac_poll_fp_time_confirm) referenced from mac_frame_processor_tx_fsm.o(.constdata)
 <LI><a href="#[c3]">mac_poll_needs_rx_on</a> from mac_mlme_poll.o(i.mac_poll_needs_rx_on) referenced from mac_frame_processor_rx_fsm.o(.constdata)
 <LI><a href="#[116]">mac_poll_req_handler</a> from mac_mlme_poll.o(i.mac_poll_req_handler) referenced from mac_task_scheduler.o(.constdata)
 <LI><a href="#[128]">mac_poll_task_handler</a> from mac_mlme_poll.o(i.mac_poll_task_handler) referenced from mac_task_scheduler.o(.constdata)
 <LI><a href="#[10c]">mac_purge_req_handler</a> from mac_mcps_purge.o(i.mac_purge_req_handler) referenced from mac_task_scheduler.o(.constdata)
 <LI><a href="#[111]">mac_reset_req_handler</a> from mac_mlme_reset.o(i.mac_reset_req_handler) referenced from mac_task_scheduler.o(.constdata)
 <LI><a href="#[c2]">mac_rx_enable_needs_rx_on</a> from mac_mlme_rx_enable.o(i.mac_rx_enable_needs_rx_on) referenced from mac_frame_processor_rx_fsm.o(.constdata)
 <LI><a href="#[112]">mac_rx_enable_req_handler</a> from mac_mlme_rx_enable.o(i.mac_rx_enable_req_handler) referenced from mac_task_scheduler.o(.constdata)
 <LI><a href="#[60]">mac_scan_beacon_req_tx_done</a> from mac_mlme_scan.o(i.mac_scan_beacon_req_tx_done) referenced from mac_command_processor.o(i.mac_beacon_request_send)
 <LI><a href="#[129]">mac_scan_conf_handler</a> from mac_mlme_scan.o(i.mac_scan_conf_handler) referenced from mac_task_scheduler.o(.constdata)
 <LI><a href="#[149]">mac_scan_fp_time_confirm</a> from mac_mlme_scan.o(i.mac_scan_fp_time_confirm) referenced from mac_frame_processor_tx_fsm.o(.constdata)
 <LI><a href="#[c1]">mac_scan_needs_rx_on</a> from mac_mlme_scan.o(i.mac_scan_needs_rx_on) referenced from mac_frame_processor_rx_fsm.o(.constdata)
 <LI><a href="#[6a]">mac_scan_orphan_ntf_tx_done</a> from mac_mlme_scan.o(i.mac_scan_orphan_ntf_tx_done) referenced from mac_command_processor.o(i.mac_orphan_notification_send)
 <LI><a href="#[113]">mac_scan_req_handler</a> from mac_mlme_scan.o(i.mac_scan_req_handler) referenced from mac_task_scheduler.o(.constdata)
 <LI><a href="#[125]">mac_set_req_conf_handler</a> from mac_mlme_pib.o(i.mac_set_req_conf_handler) referenced from mac_task_scheduler.o(.constdata)
 <LI><a href="#[114]">mac_set_req_handler</a> from mac_mlme_pib.o(i.mac_set_req_handler) referenced from mac_task_scheduler.o(.constdata)
 <LI><a href="#[c5]">mac_sf_needs_rx_on</a> from mac_superframe.o(i.mac_sf_needs_rx_on) referenced from mac_frame_processor_rx_fsm.o(.constdata)
 <LI><a href="#[11a]">mac_sf_out_task_handler</a> from mac_superframe_out_fsm.o(i.mac_sf_out_task_handler) referenced from mac_task_scheduler.o(.constdata)
 <LI><a href="#[207]">mac_start_coord_realignment_conf</a> from mac_mlme_start.o(i.mac_start_coord_realignment_conf) referenced from mac_mlme_start.o(.constdata)
 <LI><a href="#[14f]">mac_start_fp_time_confirm</a> from mac_mlme_start.o(i.mac_start_fp_time_confirm) referenced from mac_frame_processor_tx_fsm.o(.constdata)
 <LI><a href="#[11c]">mac_start_handler</a> from mac_mlme_start.o(i.mac_start_handler) referenced from mac_task_scheduler.o(.constdata)
 <LI><a href="#[117]">mac_start_req_handler</a> from mac_mlme_start.o(i.mac_start_req_handler) referenced from mac_task_scheduler.o(.constdata)
 <LI><a href="#[123]">mac_sync_loss_ind_handler</a> from mac_mlme_sync.o(i.mac_sync_loss_ind_handler) referenced from mac_task_scheduler.o(.constdata)
 <LI><a href="#[c4]">mac_sync_needs_rx_on</a> from mac_mlme_sync.o(i.mac_sync_needs_rx_on) referenced from mac_frame_processor_rx_fsm.o(.constdata)
 <LI><a href="#[115]">mac_sync_req_handler</a> from mac_mlme_sync.o(i.mac_sync_req_handler) referenced from mac_task_scheduler.o(.constdata)
 <LI><a href="#[9c]">mac_task_handler</a> from mac_task_scheduler.o(i.mac_task_handler) referenced from sys_task_scheduler.o(.constdata)
 <LI><a href="#[47]">main</a> from main.o(i.main) referenced from entry9a.o(.ARM.Collect$$$$0000000B)
 <LI><a href="#[51]">mcps_data_conf</a> from fsm.o(i.mcps_data_conf) referenced from fsm.o(i.a_radio_tx_restart)
 <LI><a href="#[51]">mcps_data_conf</a> from fsm.o(i.mcps_data_conf) referenced from fsm.o(i.a_radio_tx_start)
 <LI><a href="#[2]">mcps_data_conf_store</a> from fsm.o(i.mcps_data_conf_store) referenced 2 times from fsm.o(.data)
 <LI><a href="#[1]">mcps_data_ind_store</a> from fsm.o(i.mcps_data_ind_store) referenced 2 times from fsm.o(.data)
 <LI><a href="#[4]">memory_freed_callback</a> from main.o(i.memory_freed_callback) referenced 2 times from main.o(.data)
 <LI><a href="#[69]">memory_freed_callback</a> from mac_memory.o(i.memory_freed_callback) referenced from mac_memory.o(i.mac_mem_init)
 <LI><a href="#[4b]">mlme_set_conf</a> from fsm.o(i.mlme_set_conf) referenced from fsm.o(i.a_channel_set)
 <LI><a href="#[4b]">mlme_set_conf</a> from fsm.o(i.mlme_set_conf) referenced from fsm.o(i.a_ext_addr_set)
 <LI><a href="#[4b]">mlme_set_conf</a> from fsm.o(i.mlme_set_conf) referenced from fsm.o(i.a_pan_id_set)
 <LI><a href="#[4b]">mlme_set_conf</a> from fsm.o(i.mlme_set_conf) referenced from fsm.o(i.a_rx_on_idle_set)
 <LI><a href="#[4b]">mlme_set_conf</a> from fsm.o(i.mlme_set_conf) referenced from fsm.o(i.a_short_addr_set)
 <LI><a href="#[0]">mlme_set_conf_store</a> from fsm.o(i.mlme_set_conf_store) referenced 2 times from fsm.o(.data)
 <LI><a href="#[85]">nrf_log_backend_rtt_flush</a> from nrf_log_backend_rtt.o(i.nrf_log_backend_rtt_flush) referenced from nrf_log_backend_rtt.o(.constdata)
 <LI><a href="#[84]">nrf_log_backend_rtt_panic_set</a> from nrf_log_backend_rtt.o(i.nrf_log_backend_rtt_panic_set) referenced from nrf_log_backend_rtt.o(.constdata)
 <LI><a href="#[83]">nrf_log_backend_rtt_put</a> from nrf_log_backend_rtt.o(i.nrf_log_backend_rtt_put) referenced from nrf_log_backend_rtt.o(.constdata)
 <LI><a href="#[3]">out_of_memory_callback</a> from main.o(i.out_of_memory_callback) referenced 2 times from main.o(.data)
 <LI><a href="#[68]">out_of_memory_event_callback</a> from mac_memory.o(i.out_of_memory_event_callback) referenced from mac_memory.o(i.mac_mem_init)
 <LI><a href="#[14b]">out_sf_start_confirm</a> from mac_frame_processor_tx_fsm.o(i.out_sf_start_confirm) referenced from mac_frame_processor_tx_fsm.o(.constdata)
 <LI><a href="#[13b]">payload_pack</a> from mac_beacon_processor.o(i.payload_pack) referenced from mac_beacon_processor.o(.constdata)
 <LI><a href="#[63]">pending_bit_timer_cb</a> from mac_beacon_processor.o(i.pending_bit_timer_cb) referenced from mac_beacon_processor.o(i.mac_fp_beacon_indicate)
 <LI><a href="#[13a]">pending_pack</a> from mac_beacon_processor.o(i.pending_pack) referenced from mac_beacon_processor.o(.constdata)
 <LI><a href="#[13e]">pending_unpack</a> from mac_beacon_processor.o(i.pending_unpack) referenced from mac_beacon_processor.o(.constdata)
 <LI><a href="#[12e]">phy_cca_handler</a> from phy_plme_cca.o(i.phy_cca_handler) referenced from phy_task_scheduler.o(.constdata)
 <LI><a href="#[12f]">phy_ed_handler</a> from phy_plme_ed.o(i.phy_ed_handler) referenced from phy_task_scheduler.o(.constdata)
 <LI><a href="#[131]">phy_get_handler</a> from phy_plme_pib.o(i.phy_get_handler) referenced from phy_task_scheduler.o(.constdata)
 <LI><a href="#[12b]">phy_rx_handler</a> from phy_pd_data.o(i.phy_rx_handler) referenced from phy_task_scheduler.o(.constdata)
 <LI><a href="#[130]">phy_set_handler</a> from phy_plme_pib.o(i.phy_set_handler) referenced from phy_task_scheduler.o(.constdata)
 <LI><a href="#[9a]">phy_task_handler</a> from phy_task_scheduler.o(i.phy_task_handler) referenced from sys_task_scheduler.o(.constdata)
 <LI><a href="#[12d]">phy_trx_req_handler</a> from phy_plme_trx.o(i.phy_trx_req_handler) referenced from phy_task_scheduler.o(.constdata)
 <LI><a href="#[12c]">phy_tx_done_handler</a> from phy_pd_data.o(i.phy_tx_done_handler) referenced from phy_task_scheduler.o(.constdata)
 <LI><a href="#[1af]">poll_fsm_action</a> from mac_mlme_poll.o(i.poll_fsm_action) referenced from mac_mlme_poll.o(.constdata)
 <LI><a href="#[1ae]">poll_fsm_guard</a> from mac_mlme_poll.o(i.poll_fsm_guard) referenced from mac_mlme_poll.o(.constdata)
 <LI><a href="#[67]">poll_timer_callback</a> from mac_memory.o(i.poll_timer_callback) referenced from mac_memory.o(i.mac_mem_init)
 <LI><a href="#[a5]">ral_fsm_a_force_tx_on</a> from ral_fsm.o(i.ral_fsm_a_force_tx_on) referenced from ral_fsm.o(.constdata)
 <LI><a href="#[a2]">ral_fsm_a_reset</a> from ral_fsm.o(i.ral_fsm_a_reset) referenced from ral_fsm.o(.constdata)
 <LI><a href="#[a7]">ral_fsm_a_rx_done</a> from ral_fsm.o(i.ral_fsm_a_rx_done) referenced from ral_fsm.o(.constdata)
 <LI><a href="#[a6]">ral_fsm_a_rx_on</a> from ral_fsm.o(i.ral_fsm_a_rx_on) referenced from ral_fsm.o(.constdata)
 <LI><a href="#[a3]">ral_fsm_a_trx_off</a> from ral_fsm.o(i.ral_fsm_a_trx_off) referenced from ral_fsm.o(.constdata)
 <LI><a href="#[a9]">ral_fsm_a_tx_done</a> from ral_fsm.o(i.ral_fsm_a_tx_done) referenced from ral_fsm.o(.constdata)
 <LI><a href="#[a4]">ral_fsm_a_tx_on</a> from ral_fsm.o(i.ral_fsm_a_tx_on) referenced from ral_fsm.o(.constdata)
 <LI><a href="#[a8]">ral_fsm_a_tx_start</a> from ral_fsm.o(i.ral_fsm_a_tx_start) referenced from ral_fsm.o(.constdata)
 <LI><a href="#[aa]">ral_fsm_a_tx_to_rx</a> from ral_fsm.o(i.ral_fsm_a_tx_to_rx) referenced from ral_fsm.o(.constdata)
 <LI><a href="#[ab]">ral_fsm_a_tx_unexpected</a> from ral_fsm.o(i.ral_fsm_a_tx_unexpected) referenced from ral_fsm.o(.constdata)
 <LI><a href="#[a1]">ral_fsm_action</a> from ral_fsm.o(i.ral_fsm_action) referenced from ral_fsm.o(.constdata)
 <LI><a href="#[a0]">ral_fsm_guard</a> from ral_fsm.o(i.ral_fsm_guard) referenced from ral_fsm.o(.constdata)
 <LI><a href="#[12a]">ral_trx_end_handler</a> from ral_fsm.o(i.ral_trx_end_handler) referenced from phy_task_scheduler.o(.constdata)
 <LI><a href="#[52]">resp_wait_timeout</a> from mac_mlme_associate.o(i.resp_wait_timeout) referenced from mac_mlme_associate.o(i.a_resp_wait_timer_start)
 <LI><a href="#[1d2]">rxe_fsm_action</a> from mac_mlme_rx_enable.o(i.rxe_fsm_action) referenced from mac_mlme_rx_enable.o(.constdata)
 <LI><a href="#[1d1]">rxe_fsm_guard</a> from mac_mlme_rx_enable.o(i.rxe_fsm_guard) referenced from mac_mlme_rx_enable.o(.constdata)
 <LI><a href="#[53]">rxe_timer_handler_off</a> from mac_mlme_rx_enable.o(i.rxe_timer_handler_off) referenced from mac_mlme_rx_enable.o(i.a_rxe_on)
 <LI><a href="#[54]">rxe_timer_handler_on</a> from mac_mlme_rx_enable.o(i.rxe_timer_handler_on) referenced from mac_mlme_rx_enable.o(i.a_rxe_wait_on)
 <LI><a href="#[55]">scan_channel_timeout</a> from mac_mlme_scan.o(i.scan_channel_timeout) referenced from mac_mlme_scan.o(i.a_scan_fp_block)
 <LI><a href="#[55]">scan_channel_timeout</a> from mac_mlme_scan.o(i.scan_channel_timeout) referenced from mac_mlme_scan.o(i.scan_timer_start)
 <LI><a href="#[1d4]">scan_fsm_action</a> from mac_mlme_scan.o(i.scan_fsm_action) referenced from mac_mlme_scan.o(.constdata)
 <LI><a href="#[1d3]">scan_fsm_guard</a> from mac_mlme_scan.o(i.scan_fsm_guard) referenced from mac_mlme_scan.o(.constdata)
 <LI><a href="#[6c]">serial_tx</a> from nrf_log_backend_rtt.o(i.serial_tx) referenced from nrf_log_backend_rtt.o(i.nrf_log_backend_rtt_put)
 <LI><a href="#[6f]">sf_end_notify</a> from mac_mlme_sync.o(i.sf_end_notify) referenced from mac_mlme_sync.o(i.sf_pause_timer_start)
 <LI><a href="#[22d]">sf_in_fsm_action</a> from mac_superframe_in_fsm.o(i.sf_in_fsm_action) referenced from mac_superframe_in_fsm.o(.constdata)
 <LI><a href="#[22c]">sf_in_fsm_guard</a> from mac_superframe_in_fsm.o(i.sf_in_fsm_guard) referenced from mac_superframe_in_fsm.o(.constdata)
 <LI><a href="#[226]">sf_tx_fsm_action</a> from mac_superframe_out_fsm.o(i.sf_tx_fsm_action) referenced from mac_superframe_out_fsm.o(.constdata)
 <LI><a href="#[225]">sf_tx_fsm_guard</a> from mac_superframe_out_fsm.o(i.sf_tx_fsm_guard) referenced from mac_superframe_out_fsm.o(.constdata)
 <LI><a href="#[138]">sframe_spec_pack</a> from mac_beacon_processor.o(i.sframe_spec_pack) referenced from mac_beacon_processor.o(.constdata)
 <LI><a href="#[13c]">sframe_spec_unpack</a> from mac_beacon_processor.o(i.sframe_spec_unpack) referenced from mac_beacon_processor.o(.constdata)
 <LI><a href="#[bf]">src_address_fill</a> from mac_frame_processor.o(i.src_address_fill) referenced from mac_frame_processor.o(.constdata)
 <LI><a href="#[be]">src_panid_fill</a> from mac_frame_processor.o(i.src_panid_fill) referenced from mac_frame_processor.o(.constdata)
 <LI><a href="#[206]">start_fsm_action</a> from mac_mlme_start.o(i.start_fsm_action) referenced from mac_mlme_start.o(.constdata)
 <LI><a href="#[205]">start_fsm_guard</a> from mac_mlme_start.o(i.start_fsm_guard) referenced from mac_mlme_start.o(.constdata)
 <LI><a href="#[50]">start_time_end</a> from mac_superframe_out_fsm.o(i.start_time_end) referenced from mac_superframe_out_fsm.o(i.a_out_wait_start_time)
 <LI><a href="#[216]">sync_fsm_action</a> from mac_mlme_sync.o(i.sync_fsm_action) referenced from mac_mlme_sync.o(.constdata)
 <LI><a href="#[215]">sync_fsm_guard</a> from mac_mlme_sync.o(i.sync_fsm_guard) referenced from mac_mlme_sync.o(.constdata)
 <LI><a href="#[9e]">sys_task_handler</a> from sys_task_scheduler.o(i.sys_task_handler) referenced from sys_task_scheduler.o(.constdata)
 <LI><a href="#[6e]">timeout_cb</a> from mac_mlme_poll.o(i.timeout_cb) referenced from mac_mlme_poll.o(i.poll_timer_start)
 <LI><a href="#[70]">timer_push</a> from sys_time.o(i.timer_push) referenced from sys_time.o(i.sys_timer_fire)
 <LI><a href="#[70]">timer_push</a> from sys_time.o(i.timer_push) referenced from sys_time.o(i.sys_timer_start)
 <LI><a href="#[56]">tx_crit_timer_callback</a> from mac_superframe_out_fsm.o(i.tx_crit_timer_callback) referenced from mac_superframe_out_fsm.o(i.a_start_crit_timer)
[...]
</UL>
<P><STRONG><a name="[21b]"></a>a_out_start_cap</STRONG> (Thumb, 76 bytes, Stack size 16 bytes, mac_superframe_out_fsm.o(i.a_out_start_cap))
<BR><BR>[Stack]<UL><LI>Max Depth = 688<LI>Call Chain = a_out_start_cap &rArr; mac_fp_rx_on_set &rArr; set_radio_state &rArr; plme_set_trx_state &rArr; ral_state_set &rArr; ral_fsm_state_change &rArr; ral_fsm_event_post &rArr; sys_fsm_event_post &rArr; sys_fsm_event_post_try &rArr; sys_fsm_transition_perform_try &rArr; sys_assert_info_handler &rArr; sys_assert_handler &rArr; nrf_log_frontend_std_3 &rArr; std_n &rArr; nrf_log_frontend_dequeue &rArr; nrf_memobj_alloc &rArr; nrf_memobj_free &rArr; nrf_balloc_free
</UL>
<BR>[Calls]<UL><LI><a href="#[280]">&gt;&gt;</a>&nbsp;&nbsp;&nbsp;assert_nrf_callback
<LI><a href="#[278]">&gt;&gt;</a>&nbsp;&nbsp;&nbsp;sys_time_get
<LI><a href="#[27b]">&gt;&gt;</a>&nbsp;&nbsp;&nbsp;sys_timer_start
<LI><a href="#[294]">&gt;&gt;</a>&nbsp;&nbsp;&nbsp;mac_fp_rx_on_set
<LI><a href="#[29f]">&gt;&gt;</a>&nbsp;&nbsp;&nbsp;periods_update
</UL>
<BR>[Address Reference Count : 1]<UL><LI> mac_superframe_out_fsm.o(.constdata)
</UL>
<P><STRONG><a name="[21c]"></a>a_out_start_gts_engine</STRONG> (Thumb, 4 bytes, Stack size 0 bytes, mac_superframe_out_fsm.o(i.a_out_start_gts_engine))
<BR><BR>[Stack]<UL><LI>Max Depth = 624<LI>Call Chain = a_out_start_gts_engine &rArr; mac_gts_cfp_start &rArr; sys_fsm_event_post &rArr; sys_fsm_event_post_try &rArr; sys_fsm_transition_perform_try &rArr; sys_assert_info_handler &rArr; sys_assert_handler &rArr; nrf_log_frontend_std_3 &rArr; std_n &rArr; nrf_log_frontend_dequeue &rArr; nrf_memobj_alloc &rArr; nrf_memobj_free &rArr; nrf_balloc_free
</UL>
<BR>[Calls]<UL><LI><a href="#[295]">&gt;&gt;</a>&nbsp;&nbsp;&nbsp;mac_gts_cfp_start
</UL>
<BR>[Address Reference Count : 1]<UL><LI> mac_superframe_out_fsm.o(.constdata)
</UL>
<P><STRONG><a name="[21e]"></a>a_out_wait_start_time</STRONG> (Thumb, 70 bytes, Stack size 24 bytes, mac_superframe_out_fsm.o(i.a_out_wait_start_time))
<BR><BR>[Stack]<UL><LI>Max Depth = 296<LI>Call Chain = a_out_wait_start_time &rArr; sys_timer_start &rArr; sys_queue_push_predicated_force &rArr; sys_queue_push_predicated &rArr; sys_queue_push_front &rArr; sys_queue_contains &rArr; sys_queue_next &rArr; sys_queue_front &rArr; assert_nrf_callback &rArr; app_error_fault_handler &rArr; nrf_log_frontend_std_0 &rArr; std_n &rArr; nrf_log_frontend_dequeue &rArr; nrf_memobj_alloc &rArr; nrf_memobj_free &rArr; nrf_balloc_free
</UL>
<BR>[Calls]<UL><LI><a href="#[278]">&gt;&gt;</a>&nbsp;&nbsp;&nbsp;sys_time_get
<LI><a href="#[27b]">&gt;&gt;</a>&nbsp;&nbsp;&nbsp;sys_timer_start
<LI><a href="#[29e]">&gt;&gt;</a>&nbsp;&nbsp;&nbsp;mac_sf_beacon_prepare_time_get
<LI><a href="#[2a0]">&gt;&gt;</a>&nbsp;&nbsp;&nbsp;mac_sync_beacon_timestamp_get
</UL>
<BR>[Address Reference Count : 1]<UL><LI> mac_superframe_out_fsm.o(.constdata)
</UL>
<P><STRONG><a name="[21a]"></a>a_start_crit_timer</STRONG> (Thumb, 120 bytes, Stack size 40 bytes, mac_superframe_out_fsm.o(i.a_start_crit_timer))
<BR><BR>[Stack]<UL><LI>Max Depth = 536<LI>Call Chain = a_start_crit_timer &rArr; sys_assert_info_handler &rArr; sys_assert_handler &rArr; nrf_log_frontend_std_3 &rArr; std_n &rArr; nrf_log_frontend_dequeue &rArr; nrf_memobj_alloc &rArr; nrf_memobj_free &rArr; nrf_balloc_free
</UL>
<BR>[Calls]<UL><LI><a href="#[293]">&gt;&gt;</a>&nbsp;&nbsp;&nbsp;sys_assert_info_handler
<LI><a href="#[280]">&gt;&gt;</a>&nbsp;&nbsp;&nbsp;assert_nrf_callback
<LI><a href="#[278]">&gt;&gt;</a>&nbsp;&nbsp;&nbsp;sys_time_get
<LI><a href="#[2bd]">&gt;&gt;</a>&nbsp;&nbsp;&nbsp;hal_timer_critical_start
<LI><a href="#[291]">&gt;&gt;</a>&nbsp;&nbsp;&nbsp;mac_sf_beacon_interval
</UL>
<BR>[Address Reference Count : 1]<UL><LI> mac_superframe_out_fsm.o(.constdata)
</UL>
<P><STRONG><a name="[6d]"></a>bcn_prepared_callback</STRONG> (Thumb, 30 bytes, Stack size 8 bytes, mac_superframe_out_fsm.o(i.bcn_prepared_callback))
<BR><BR>[Stack]<UL><LI>Max Depth = 624<LI>Call Chain = bcn_prepared_callback &rArr; sys_fsm_event_post &rArr; sys_fsm_event_post_try &rArr; sys_fsm_transition_perform_try &rArr; sys_assert_info_handler &rArr; sys_assert_handler &rArr; nrf_log_frontend_std_3 &rArr; std_n &rArr; nrf_log_frontend_dequeue &rArr; nrf_memobj_alloc &rArr; nrf_memobj_free &rArr; nrf_balloc_free
</UL>
<BR>[Calls]<UL><LI><a href="#[2eb]">&gt;&gt;</a>&nbsp;&nbsp;&nbsp;sys_fsm_event_post
<LI><a href="#[280]">&gt;&gt;</a>&nbsp;&nbsp;&nbsp;assert_nrf_callback
</UL>
<BR>[Address Reference Count : 1]<UL><LI> mac_superframe_out_fsm.o(i.out_bcn_prepare)
</UL>
<P><STRONG><a name="[4f]"></a>cap_period_end</STRONG> (Thumb, 10 bytes, Stack size 0 bytes, mac_superframe_out_fsm.o(i.cap_period_end))
<BR><BR>[Stack]<UL><LI>Max Depth = 616<LI>Call Chain = cap_period_end &rArr; sys_fsm_event_post &rArr; sys_fsm_event_post_try &rArr; sys_fsm_transition_perform_try &rArr; sys_assert_info_handler &rArr; sys_assert_handler &rArr; nrf_log_frontend_std_3 &rArr; std_n &rArr; nrf_log_frontend_dequeue &rArr; nrf_memobj_alloc &rArr; nrf_memobj_free &rArr; nrf_balloc_free
</UL>
<BR>[Calls]<UL><LI><a href="#[2eb]">&gt;&gt;</a>&nbsp;&nbsp;&nbsp;sys_fsm_event_post
</UL>
<BR>[Address Reference Count : 1]<UL><LI> mac_superframe_out_fsm.o(i.a_out_start_cap)
</UL>
<P><STRONG><a name="[223]"></a>gu_no_inactive</STRONG> (Thumb, 22 bytes, Stack size 0 bytes, mac_superframe_out_fsm.o(i.gu_no_inactive))
<BR>[Address Reference Count : 1]<UL><LI> mac_superframe_out_fsm.o(.constdata)
</UL>
<P><STRONG><a name="[221]"></a>gu_out_beacon_disabled</STRONG> (Thumb, 18 bytes, Stack size 0 bytes, mac_superframe_out_fsm.o(i.gu_out_beacon_disabled))
<BR>[Address Reference Count : 1]<UL><LI> mac_superframe_out_fsm.o(.constdata)
</UL>
<P><STRONG><a name="[224]"></a>gu_out_gts_present</STRONG> (Thumb, 4 bytes, Stack size 0 bytes, mac_superframe_out_fsm.o(i.gu_out_gts_present))
<BR><BR>[Stack]<UL><LI>Max Depth = 16<LI>Call Chain = gu_out_gts_present &rArr; mac_gts_cfp_present
</UL>
<BR>[Calls]<UL><LI><a href="#[32b]">&gt;&gt;</a>&nbsp;&nbsp;&nbsp;mac_gts_cfp_present
</UL>
<BR>[Address Reference Count : 1]<UL><LI> mac_superframe_out_fsm.o(.constdata)
</UL>
<P><STRONG><a name="[222]"></a>gu_out_main_bcns</STRONG> (Thumb, 16 bytes, Stack size 0 bytes, mac_superframe_out_fsm.o(i.gu_out_main_bcns))
<BR>[Address Reference Count : 1]<UL><LI> mac_superframe_out_fsm.o(.constdata)
</UL>
<P><STRONG><a name="[4e]"></a>inactive_period_end</STRONG> (Thumb, 10 bytes, Stack size 0 bytes, mac_superframe_out_fsm.o(i.inactive_period_end))
<BR><BR>[Stack]<UL><LI>Max Depth = 616<LI>Call Chain = inactive_period_end &rArr; sys_fsm_event_post &rArr; sys_fsm_event_post_try &rArr; sys_fsm_transition_perform_try &rArr; sys_assert_info_handler &rArr; sys_assert_handler &rArr; nrf_log_frontend_std_3 &rArr; std_n &rArr; nrf_log_frontend_dequeue &rArr; nrf_memobj_alloc &rArr; nrf_memobj_free &rArr; nrf_balloc_free
</UL>
<BR>[Calls]<UL><LI><a href="#[2eb]">&gt;&gt;</a>&nbsp;&nbsp;&nbsp;sys_fsm_event_post
</UL>
<BR>[Address Reference Count : 1]<UL><LI> mac_superframe_out_fsm.o(i.a_out_inactive_timer_start)
</UL>
<P><STRONG><a name="[29c]"></a>mac_time_to_us</STRONG> (Thumb, 6 bytes, Stack size 0 bytes, mac_superframe_out_fsm.o(i.mac_time_to_us))
<BR><BR>[Called By]<UL><LI><a href="#[29f]">&gt;&gt;</a>&nbsp;&nbsp;&nbsp;periods_update
<LI><a href="#[218]">&gt;&gt;</a>&nbsp;&nbsp;&nbsp;a_out_bcn_send
</UL>

<P><STRONG><a name="[29b]"></a>out_bcn_prepare</STRONG> (Thumb, 16 bytes, Stack size 8 bytes, mac_superframe_out_fsm.o(i.out_bcn_prepare))
<BR><BR>[Stack]<UL><LI>Max Depth = 760<LI>Call Chain = out_bcn_prepare &rArr; mac_bp_frame_prepare &rArr; mac_fp_frame_send &rArr; mac_fp_tx_fsm_frame_send &rArr; sys_fsm_event_post &rArr; sys_fsm_event_post_try &rArr; sys_fsm_transition_perform_try &rArr; sys_assert_info_handler &rArr; sys_assert_handler &rArr; nrf_log_frontend_std_3 &rArr; std_n &rArr; nrf_log_frontend_dequeue &rArr; nrf_memobj_alloc &rArr; nrf_memobj_free &rArr; nrf_balloc_free
</UL>
<BR>[Calls]<UL><LI><a href="#[3b4]">&gt;&gt;</a>&nbsp;&nbsp;&nbsp;mac_gts_out_table_update
<LI><a href="#[374]">&gt;&gt;</a>&nbsp;&nbsp;&nbsp;mac_bp_frame_prepare
</UL>
<BR>[Called By]<UL><LI><a href="#[3e4]">&gt;&gt;</a>&nbsp;&nbsp;&nbsp;mac_sf_out_beacon_prepare_try
<LI><a href="#[219]">&gt;&gt;</a>&nbsp;&nbsp;&nbsp;a_out_bcn_prepare
</UL>

<P><STRONG><a name="[29f]"></a>periods_update</STRONG> (Thumb, 166 bytes, Stack size 24 bytes, mac_superframe_out_fsm.o(i.periods_update))
<BR><BR>[Stack]<UL><LI>Max Depth = 32<LI>Call Chain = periods_update &rArr; mac_gts_first_slot_is_for_rx
</UL>
<BR>[Calls]<UL><LI><a href="#[29e]">&gt;&gt;</a>&nbsp;&nbsp;&nbsp;mac_sf_beacon_prepare_time_get
<LI><a href="#[292]">&gt;&gt;</a>&nbsp;&nbsp;&nbsp;mac_gts_first_slot_is_for_rx
<LI><a href="#[291]">&gt;&gt;</a>&nbsp;&nbsp;&nbsp;mac_sf_beacon_interval
<LI><a href="#[29c]">&gt;&gt;</a>&nbsp;&nbsp;&nbsp;mac_time_to_us
<LI><a href="#[232]">&gt;&gt;</a>&nbsp;&nbsp;&nbsp;__aeabi_llsl
</UL>
<BR>[Called By]<UL><LI><a href="#[21b]">&gt;&gt;</a>&nbsp;&nbsp;&nbsp;a_out_start_cap
</UL>

<P><STRONG><a name="[226]"></a>sf_tx_fsm_action</STRONG> (Thumb, 10 bytes, Stack size 0 bytes, mac_superframe_out_fsm.o(i.sf_tx_fsm_action))
<BR>[Address Reference Count : 1]<UL><LI> mac_superframe_out_fsm.o(.constdata)
</UL>
<P><STRONG><a name="[225]"></a>sf_tx_fsm_guard</STRONG> (Thumb, 10 bytes, Stack size 0 bytes, mac_superframe_out_fsm.o(i.sf_tx_fsm_guard))
<BR>[Address Reference Count : 1]<UL><LI> mac_superframe_out_fsm.o(.constdata)
</UL>
<P><STRONG><a name="[50]"></a>start_time_end</STRONG> (Thumb, 10 bytes, Stack size 0 bytes, mac_superframe_out_fsm.o(i.start_time_end))
<BR><BR>[Stack]<UL><LI>Max Depth = 616<LI>Call Chain = start_time_end &rArr; sys_fsm_event_post &rArr; sys_fsm_event_post_try &rArr; sys_fsm_transition_perform_try &rArr; sys_assert_info_handler &rArr; sys_assert_handler &rArr; nrf_log_frontend_std_3 &rArr; std_n &rArr; nrf_log_frontend_dequeue &rArr; nrf_memobj_alloc &rArr; nrf_memobj_free &rArr; nrf_balloc_free
</UL>
<BR>[Calls]<UL><LI><a href="#[2eb]">&gt;&gt;</a>&nbsp;&nbsp;&nbsp;sys_fsm_event_post
</UL>
<BR>[Address Reference Count : 1]<UL><LI> mac_superframe_out_fsm.o(i.a_out_wait_start_time)
</UL>
<P><STRONG><a name="[56]"></a>tx_crit_timer_callback</STRONG> (Thumb, 10 bytes, Stack size 0 bytes, mac_superframe_out_fsm.o(i.tx_crit_timer_callback))
<BR><BR>[Stack]<UL><LI>Max Depth = 616<LI>Call Chain = tx_crit_timer_callback &rArr; sys_fsm_event_post &rArr; sys_fsm_event_post_try &rArr; sys_fsm_transition_perform_try &rArr; sys_assert_info_handler &rArr; sys_assert_handler &rArr; nrf_log_frontend_std_3 &rArr; std_n &rArr; nrf_log_frontend_dequeue &rArr; nrf_memobj_alloc &rArr; nrf_memobj_free &rArr; nrf_balloc_free
</UL>
<BR>[Calls]<UL><LI><a href="#[2eb]">&gt;&gt;</a>&nbsp;&nbsp;&nbsp;sys_fsm_event_post
</UL>
<BR>[Address Reference Count : 1]<UL><LI> mac_superframe_out_fsm.o(i.a_start_crit_timer)
</UL>
<P><STRONG><a name="[303]"></a>data_req_send</STRONG> (Thumb, 134 bytes, Stack size 64 bytes, mac_auto_request.o(i.data_req_send))
<BR><BR>[Stack]<UL><LI>Max Depth = 696<LI>Call Chain = data_req_send &rArr; mac_poll_data_req_send &rArr; sys_fsm_event_post &rArr; sys_fsm_event_post_try &rArr; sys_fsm_transition_perform_try &rArr; sys_assert_info_handler &rArr; sys_assert_handler &rArr; nrf_log_frontend_std_3 &rArr; std_n &rArr; nrf_log_frontend_dequeue &rArr; nrf_memobj_alloc &rArr; nrf_memobj_free &rArr; nrf_balloc_free
</UL>
<BR>[Calls]<UL><LI><a href="#[275]">&gt;&gt;</a>&nbsp;&nbsp;&nbsp;mac_poll_data_req_send
</UL>
<BR>[Called By]<UL><LI><a href="#[372]">&gt;&gt;</a>&nbsp;&nbsp;&nbsp;mac_auto_request_notify_ind
</UL>

<P><STRONG><a name="[37d]"></a>sync_loss_ind_issue</STRONG> (Thumb, 52 bytes, Stack size 16 bytes, mac_panid_conflict.o(i.sync_loss_ind_issue))
<BR><BR>[Stack]<UL><LI>Max Depth = 640<LI>Call Chain = sync_loss_ind_issue &rArr; mac_sync_loss_indicate &rArr; mac_sync_reset &rArr; sys_fsm_event_post &rArr; sys_fsm_event_post_try &rArr; sys_fsm_transition_perform_try &rArr; sys_assert_info_handler &rArr; sys_assert_handler &rArr; nrf_log_frontend_std_3 &rArr; std_n &rArr; nrf_log_frontend_dequeue &rArr; nrf_memobj_alloc &rArr; nrf_memobj_free &rArr; nrf_balloc_free
</UL>
<BR>[Calls]<UL><LI><a href="#[280]">&gt;&gt;</a>&nbsp;&nbsp;&nbsp;assert_nrf_callback
<LI><a href="#[331]">&gt;&gt;</a>&nbsp;&nbsp;&nbsp;plme_get
<LI><a href="#[379]">&gt;&gt;</a>&nbsp;&nbsp;&nbsp;mac_sync_loss_indicate
<LI><a href="#[378]">&gt;&gt;</a>&nbsp;&nbsp;&nbsp;mac_sync_ind_get
</UL>
<BR>[Called By]<UL><LI><a href="#[6b]">&gt;&gt;</a>&nbsp;&nbsp;&nbsp;mac_panid_conflict_cb
<LI><a href="#[143]">&gt;&gt;</a>&nbsp;&nbsp;&nbsp;mac_cp_panid_conflict_ntf_handler
<LI><a href="#[386]">&gt;&gt;</a>&nbsp;&nbsp;&nbsp;mac_panid_conflict_beacon_notify_ind
</UL>

<P><STRONG><a name="[22a]"></a>a_in_phy_on_idle</STRONG> (Thumb, 4 bytes, Stack size 0 bytes, mac_superframe_in_fsm.o(i.a_in_phy_on_idle))
<BR><BR>[Stack]<UL><LI>Max Depth = 688<LI>Call Chain = a_in_phy_on_idle &rArr; mac_fp_rx_idle_set &rArr; set_radio_state &rArr; plme_set_trx_state &rArr; ral_state_set &rArr; ral_fsm_state_change &rArr; ral_fsm_event_post &rArr; sys_fsm_event_post &rArr; sys_fsm_event_post_try &rArr; sys_fsm_transition_perform_try &rArr; sys_assert_info_handler &rArr; sys_assert_handler &rArr; nrf_log_frontend_std_3 &rArr; std_n &rArr; nrf_log_frontend_dequeue &rArr; nrf_memobj_alloc &rArr; nrf_memobj_free &rArr; nrf_balloc_free
</UL>
<BR>[Calls]<UL><LI><a href="#[25c]">&gt;&gt;</a>&nbsp;&nbsp;&nbsp;mac_fp_rx_idle_set
</UL>
<BR>[Address Reference Count : 1]<UL><LI> mac_superframe_in_fsm.o(.constdata)
</UL>
<P><STRONG><a name="[22b]"></a>a_in_reset</STRONG> (Thumb, 6 bytes, Stack size 0 bytes, mac_superframe_in_fsm.o(i.a_in_reset))
<BR><BR>[Stack]<UL><LI>Max Depth = 264<LI>Call Chain = a_in_reset &rArr; sys_timer_stop &rArr; timer_launch &rArr; hal_timer_start &rArr; hal_time_get &rArr; ll_nrf_drv_timer_capture &rArr; assert_nrf_callback &rArr; app_error_fault_handler &rArr; nrf_log_frontend_std_0 &rArr; std_n &rArr; nrf_log_frontend_dequeue &rArr; nrf_memobj_alloc &rArr; nrf_memobj_free &rArr; nrf_balloc_free
</UL>
<BR>[Calls]<UL><LI><a href="#[25a]">&gt;&gt;</a>&nbsp;&nbsp;&nbsp;sys_timer_stop
</UL>
<BR>[Address Reference Count : 1]<UL><LI> mac_superframe_in_fsm.o(.constdata)
</UL>
<P><STRONG><a name="[228]"></a>a_in_sf_start</STRONG> (Thumb, 206 bytes, Stack size 56 bytes, mac_superframe_in_fsm.o(i.a_in_sf_start))
<BR><BR>[Stack]<UL><LI>Max Depth = 728<LI>Call Chain = a_in_sf_start &rArr; mac_fp_rx_on_set &rArr; set_radio_state &rArr; plme_set_trx_state &rArr; ral_state_set &rArr; ral_fsm_state_change &rArr; ral_fsm_event_post &rArr; sys_fsm_event_post &rArr; sys_fsm_event_post_try &rArr; sys_fsm_transition_perform_try &rArr; sys_assert_info_handler &rArr; sys_assert_handler &rArr; nrf_log_frontend_std_3 &rArr; std_n &rArr; nrf_log_frontend_dequeue &rArr; nrf_memobj_alloc &rArr; nrf_memobj_free &rArr; nrf_balloc_free
</UL>
<BR>[Calls]<UL><LI><a href="#[293]">&gt;&gt;</a>&nbsp;&nbsp;&nbsp;sys_assert_info_handler
<LI><a href="#[278]">&gt;&gt;</a>&nbsp;&nbsp;&nbsp;sys_time_get
<LI><a href="#[25a]">&gt;&gt;</a>&nbsp;&nbsp;&nbsp;sys_timer_stop
<LI><a href="#[27b]">&gt;&gt;</a>&nbsp;&nbsp;&nbsp;sys_timer_start
<LI><a href="#[260]">&gt;&gt;</a>&nbsp;&nbsp;&nbsp;mac_fp_time_request
<LI><a href="#[292]">&gt;&gt;</a>&nbsp;&nbsp;&nbsp;mac_gts_first_slot_is_for_rx
<LI><a href="#[294]">&gt;&gt;</a>&nbsp;&nbsp;&nbsp;mac_fp_rx_on_set
<LI><a href="#[291]">&gt;&gt;</a>&nbsp;&nbsp;&nbsp;mac_sf_beacon_interval
<LI><a href="#[232]">&gt;&gt;</a>&nbsp;&nbsp;&nbsp;__aeabi_llsl
</UL>
<BR>[Address Reference Count : 1]<UL><LI> mac_superframe_in_fsm.o(.constdata)
</UL>
<P><STRONG><a name="[229]"></a>a_in_start_gts_engine</STRONG> (Thumb, 4 bytes, Stack size 0 bytes, mac_superframe_in_fsm.o(i.a_in_start_gts_engine))
<BR><BR>[Stack]<UL><LI>Max Depth = 624<LI>Call Chain = a_in_start_gts_engine &rArr; mac_gts_cfp_start &rArr; sys_fsm_event_post &rArr; sys_fsm_event_post_try &rArr; sys_fsm_transition_perform_try &rArr; sys_assert_info_handler &rArr; sys_assert_handler &rArr; nrf_log_frontend_std_3 &rArr; std_n &rArr; nrf_log_frontend_dequeue &rArr; nrf_memobj_alloc &rArr; nrf_memobj_free &rArr; nrf_balloc_free
</UL>
<BR>[Calls]<UL><LI><a href="#[295]">&gt;&gt;</a>&nbsp;&nbsp;&nbsp;mac_gts_cfp_start
</UL>
<BR>[Address Reference Count : 1]<UL><LI> mac_superframe_in_fsm.o(.constdata)
</UL>
<P><STRONG><a name="[4d]"></a>cap_period_end</STRONG> (Thumb, 10 bytes, Stack size 0 bytes, mac_superframe_in_fsm.o(i.cap_period_end))
<BR><BR>[Stack]<UL><LI>Max Depth = 616<LI>Call Chain = cap_period_end &rArr; sys_fsm_event_post &rArr; sys_fsm_event_post_try &rArr; sys_fsm_transition_perform_try &rArr; sys_assert_info_handler &rArr; sys_assert_handler &rArr; nrf_log_frontend_std_3 &rArr; std_n &rArr; nrf_log_frontend_dequeue &rArr; nrf_memobj_alloc &rArr; nrf_memobj_free &rArr; nrf_balloc_free
</UL>
<BR>[Calls]<UL><LI><a href="#[2eb]">&gt;&gt;</a>&nbsp;&nbsp;&nbsp;sys_fsm_event_post
</UL>
<BR>[Address Reference Count : 1]<UL><LI> mac_superframe_in_fsm.o(i.a_in_sf_start)
</UL>
<P><STRONG><a name="[227]"></a>gu_in_gts_present_and_real_bcn</STRONG> (Thumb, 4 bytes, Stack size 0 bytes, mac_superframe_in_fsm.o(i.gu_in_gts_present_and_real_bcn))
<BR><BR>[Stack]<UL><LI>Max Depth = 16<LI>Call Chain = gu_in_gts_present_and_real_bcn &rArr; mac_gts_cfp_present
</UL>
<BR>[Calls]<UL><LI><a href="#[32b]">&gt;&gt;</a>&nbsp;&nbsp;&nbsp;mac_gts_cfp_present
</UL>
<BR>[Address Reference Count : 1]<UL><LI> mac_superframe_in_fsm.o(.constdata)
</UL>
<P><STRONG><a name="[22d]"></a>sf_in_fsm_action</STRONG> (Thumb, 10 bytes, Stack size 0 bytes, mac_superframe_in_fsm.o(i.sf_in_fsm_action))
<BR>[Address Reference Count : 1]<UL><LI> mac_superframe_in_fsm.o(.constdata)
</UL>
<P><STRONG><a name="[22c]"></a>sf_in_fsm_guard</STRONG> (Thumb, 10 bytes, Stack size 0 bytes, mac_superframe_in_fsm.o(i.sf_in_fsm_guard))
<BR>[Address Reference Count : 1]<UL><LI> mac_superframe_in_fsm.o(.constdata)
</UL>
<P><STRONG><a name="[252]"></a>_fp_digits</STRONG> (Thumb, 334 bytes, Stack size 56 bytes, printfa.o(i._fp_digits), UNUSED)
<BR><BR>[Calls]<UL><LI><a href="#[23c]">&gt;&gt;</a>&nbsp;&nbsp;&nbsp;__aeabi_dmul
<LI><a href="#[23d]">&gt;&gt;</a>&nbsp;&nbsp;&nbsp;__aeabi_ddiv
<LI><a href="#[236]">&gt;&gt;</a>&nbsp;&nbsp;&nbsp;__aeabi_dadd
<LI><a href="#[23e]">&gt;&gt;</a>&nbsp;&nbsp;&nbsp;__aeabi_d2ulz
<LI><a href="#[253]">&gt;&gt;</a>&nbsp;&nbsp;&nbsp;__aeabi_cdrcmple
<LI><a href="#[230]">&gt;&gt;</a>&nbsp;&nbsp;&nbsp;__aeabi_uldivmod
</UL>
<BR>[Called By]<UL><LI><a href="#[251]">&gt;&gt;</a>&nbsp;&nbsp;&nbsp;_printf_core
</UL>

<P><STRONG><a name="[251]"></a>_printf_core</STRONG> (Thumb, 1744 bytes, Stack size 136 bytes, printfa.o(i._printf_core), UNUSED)
<BR><BR>[Calls]<UL><LI><a href="#[256]">&gt;&gt;</a>&nbsp;&nbsp;&nbsp;__aeabi_uidivmod
<LI><a href="#[254]">&gt;&gt;</a>&nbsp;&nbsp;&nbsp;_printf_pre_padding
<LI><a href="#[255]">&gt;&gt;</a>&nbsp;&nbsp;&nbsp;_printf_post_padding
<LI><a href="#[252]">&gt;&gt;</a>&nbsp;&nbsp;&nbsp;_fp_digits
<LI><a href="#[230]">&gt;&gt;</a>&nbsp;&nbsp;&nbsp;__aeabi_uldivmod
</UL>
<BR>[Called By]<UL><LI><a href="#[250]">&gt;&gt;</a>&nbsp;&nbsp;&nbsp;__0vsnprintf
</UL>

<P><STRONG><a name="[255]"></a>_printf_post_padding</STRONG> (Thumb, 36 bytes, Stack size 24 bytes, printfa.o(i._printf_post_padding), UNUSED)
<BR><BR>[Called By]<UL><LI><a href="#[251]">&gt;&gt;</a>&nbsp;&nbsp;&nbsp;_printf_core
</UL>

<P><STRONG><a name="[254]"></a>_printf_pre_padding</STRONG> (Thumb, 46 bytes, Stack size 24 bytes, printfa.o(i._printf_pre_padding), UNUSED)
<BR><BR>[Called By]<UL><LI><a href="#[251]">&gt;&gt;</a>&nbsp;&nbsp;&nbsp;_printf_core
</UL>

<P><STRONG><a name="[4a]"></a>_snputc</STRONG> (Thumb, 22 bytes, Stack size 0 bytes, printfa.o(i._snputc))
<BR>[Address Reference Count : 1]<UL><LI> printfa.o(i.__0vsnprintf)
</UL><P>
<H3>
Undefined Global Symbols
</H3><HR></body></html>
