Component: ARM Compiler 5.05 update 2 (build 169) Tool: armlink [4d0f33]

==============================================================================

Section Cross References

    assert.o(i.sys_assert_handler) refers to app_error.o(i.app_error_handler_bare) for app_error_handler_bare
    assert.o(i.sys_assert_handler) refers to nrf_log_frontend.o(i.nrf_log_push) for nrf_log_push
    assert.o(i.sys_assert_handler) refers to nrf_log_frontend.o(i.nrf_log_frontend_std_3) for nrf_log_frontend_std_3
    assert.o(i.sys_assert_handler) refers to app_error_weak.o(i.app_error_fault_handler) for app_error_fault_handler
    assert.o(i.sys_assert_handler) refers to nrf_log_frontend.o(log_dynamic_data) for m_nrf_log_app_logs_data_dynamic
    assert.o(i.sys_assert_info_handler) refers to memseta.o(.text) for __aeabi_memclr4
    assert.o(i.sys_assert_info_handler) refers to app_error.o(i.app_error_handler_bare) for app_error_handler_bare
    assert.o(i.sys_assert_info_handler) refers to printfa.o(i.__0vsnprintf) for vsnprintf
    assert.o(i.sys_assert_info_handler) refers to nrf_log_frontend.o(i.nrf_log_push) for nrf_log_push
    assert.o(i.sys_assert_info_handler) refers to nrf_log_frontend.o(i.nrf_log_frontend_std_1) for nrf_log_frontend_std_1
    assert.o(i.sys_assert_info_handler) refers to assert.o(i.sys_assert_handler) for sys_assert_handler
    assert.o(i.sys_assert_info_handler) refers to nrf_log_frontend.o(log_dynamic_data) for m_nrf_log_app_logs_data_dynamic
    fsm.o(i.a_channel_set) refers to sys_memory_manager.o(i.sys_mm_alloc) for sys_mm_alloc
    fsm.o(i.a_channel_set) refers to mac_mlme_pib.o(i.mlme_pib_attr_size_calc) for mlme_pib_attr_size_calc
    fsm.o(i.a_channel_set) refers to mac_mlme_pib.o(i.mlme_set_req) for mlme_set_req
    fsm.o(i.a_channel_set) refers to fsm.o(.data) for .data
    fsm.o(i.a_channel_set) refers to fsm.o(i.mlme_set_conf) for mlme_set_conf
    fsm.o(i.a_ext_addr_set) refers to sys_memory_manager.o(i.sys_mm_alloc) for sys_mm_alloc
    fsm.o(i.a_ext_addr_set) refers to mac_mlme_pib.o(i.mlme_pib_attr_size_calc) for mlme_pib_attr_size_calc
    fsm.o(i.a_ext_addr_set) refers to mac_mlme_pib.o(i.mlme_set_req) for mlme_set_req
    fsm.o(i.a_ext_addr_set) refers to fsm.o(.constdata) for .constdata
    fsm.o(i.a_ext_addr_set) refers to fsm.o(.data) for .data
    fsm.o(i.a_ext_addr_set) refers to fsm.o(i.mlme_set_conf) for mlme_set_conf
    fsm.o(i.a_pan_id_set) refers to sys_memory_manager.o(i.sys_mm_alloc) for sys_mm_alloc
    fsm.o(i.a_pan_id_set) refers to mac_mlme_pib.o(i.mlme_pib_attr_size_calc) for mlme_pib_attr_size_calc
    fsm.o(i.a_pan_id_set) refers to mac_mlme_pib.o(i.mlme_set_req) for mlme_set_req
    fsm.o(i.a_pan_id_set) refers to fsm.o(.constdata) for .constdata
    fsm.o(i.a_pan_id_set) refers to fsm.o(.data) for .data
    fsm.o(i.a_pan_id_set) refers to fsm.o(i.mlme_set_conf) for mlme_set_conf
    fsm.o(i.a_radio_tx_restart) refers to memcpya.o(.text) for __aeabi_memcpy
    fsm.o(i.a_radio_tx_restart) refers to mac_mcps_data.o(i.mcps_data_req) for mcps_data_req
    fsm.o(i.a_radio_tx_restart) refers to fsm.o(.bss) for .bss
    fsm.o(i.a_radio_tx_restart) refers to fsm.o(i.mcps_data_conf) for mcps_data_conf
    fsm.o(i.a_radio_tx_start) refers to hal_nrf52_soc_uart.o(i.hal_uart_read_buffer_size_get) for hal_uart_read_buffer_size_get
    fsm.o(i.a_radio_tx_start) refers to hal_nrf52_soc_uart.o(i.hal_uart_read) for hal_uart_read
    fsm.o(i.a_radio_tx_start) refers to memcpya.o(.text) for __aeabi_memcpy
    fsm.o(i.a_radio_tx_start) refers to mac_mcps_data.o(i.mcps_data_req) for mcps_data_req
    fsm.o(i.a_radio_tx_start) refers to fsm.o(.data) for .data
    fsm.o(i.a_radio_tx_start) refers to uart.o(.data) for g_uart_descr
    fsm.o(i.a_radio_tx_start) refers to fsm.o(.bss) for .bss
    fsm.o(i.a_radio_tx_start) refers to fsm.o(i.mcps_data_conf) for mcps_data_conf
    fsm.o(i.a_rx_on_idle_set) refers to sys_memory_manager.o(i.sys_mm_alloc) for sys_mm_alloc
    fsm.o(i.a_rx_on_idle_set) refers to mac_mlme_pib.o(i.mlme_pib_attr_size_calc) for mlme_pib_attr_size_calc
    fsm.o(i.a_rx_on_idle_set) refers to mac_mlme_pib.o(i.mlme_set_req) for mlme_set_req
    fsm.o(i.a_rx_on_idle_set) refers to fsm.o(.constdata) for .constdata
    fsm.o(i.a_rx_on_idle_set) refers to fsm.o(.data) for .data
    fsm.o(i.a_rx_on_idle_set) refers to fsm.o(i.mlme_set_conf) for mlme_set_conf
    fsm.o(i.a_security_set) refers to security.o(i.security_tables_init) for security_tables_init
    fsm.o(i.a_security_set) refers to fsm.o(i.fsm_event_post) for fsm_event_post
    fsm.o(i.a_short_addr_set) refers to sys_memory_manager.o(i.sys_mm_alloc) for sys_mm_alloc
    fsm.o(i.a_short_addr_set) refers to mac_mlme_pib.o(i.mlme_pib_attr_size_calc) for mlme_pib_attr_size_calc
    fsm.o(i.a_short_addr_set) refers to mac_mlme_pib.o(i.mlme_set_req) for mlme_set_req
    fsm.o(i.a_short_addr_set) refers to fsm.o(.constdata) for .constdata
    fsm.o(i.a_short_addr_set) refers to fsm.o(.data) for .data
[...]
    0x0000839c   0x00000038   Code   RO         5481    i.mac_gts_cfp_present  802_15_4_lib_keil.lib(mac_gts_engine.o)
    0x000083d4   0x00000028   Code   RO         5482    i.mac_gts_cfp_start  802_15_4_lib_keil.lib(mac_gts_engine.o)
    0x000083fc   0x0000002e   Code   RO         5483    i.mac_gts_data_clean  802_15_4_lib_keil.lib(mac_gts_engine.o)
    0x0000842a   0x00000002   PAD
    0x0000842c   0x00000044   Code   RO         5484    i.mac_gts_data_get  802_15_4_lib_keil.lib(mac_gts_engine.o)
    0x00008470   0x00000024   Code   RO         5485    i.mac_gts_data_put  802_15_4_lib_keil.lib(mac_gts_engine.o)
    0x00008494   0x0000000c   Code   RO         5486    i.mac_gts_data_remove  802_15_4_lib_keil.lib(mac_gts_engine.o)
    0x000084a0   0x0000003c   Code   RO         5487    i.mac_gts_engine_init  802_15_4_lib_keil.lib(mac_gts_engine.o)
    0x000084dc   0x0000001a   Code   RO         5488    i.mac_gts_first_slot_is_for_rx  802_15_4_lib_keil.lib(mac_gts_engine.o)
    0x000084f6   0x00000002   PAD
    0x000084f8   0x000000b8   Code   RO         5489    i.mac_gts_fp_time_confirm  802_15_4_lib_keil.lib(mac_gts_engine.o)
    0x000085b0   0x00000010   Code   RO         5490    i.mac_gts_frame_received  802_15_4_lib_keil.lib(mac_gts_engine.o)
    0x000085c0   0x0000003c   Code   RO         8633    i.mac_gts_in_beacon_notify_ind  802_15_4_lib_keil.lib(mac_mlme_gts.o)
    0x000085fc   0x000000a8   Code   RO         5491    i.mac_gts_in_table_alloc  802_15_4_lib_keil.lib(mac_gts_engine.o)
    0x000086a4   0x000000ac   Code   RO         5492    i.mac_gts_in_table_dealloc  802_15_4_lib_keil.lib(mac_gts_engine.o)
    0x00008750   0x0000004c   Code   RO         8634    i.mac_gts_indication_raise  802_15_4_lib_keil.lib(mac_mlme_gts.o)
    0x0000879c   0x00000060   Code   RO         5493    i.mac_gts_is_in_txslot  802_15_4_lib_keil.lib(mac_gts_engine.o)
    0x000087fc   0x00000010   Code   RO         5494    i.mac_gts_item_is_allocated  802_15_4_lib_keil.lib(mac_gts_engine.o)
    0x0000880c   0x00000012   Code   RO         5495    i.mac_gts_item_is_allocated_or_pending  802_15_4_lib_keil.lib(mac_gts_engine.o)
    0x0000881e   0x00000016   Code   RO         7277    i.mac_gts_item_is_in_bcn  802_15_4_lib_keil.lib(mac_beacon_processor.o)
    0x00008834   0x00000010   Code   RO         8635    i.mac_gts_out_beacon_notify_ind  802_15_4_lib_keil.lib(mac_mlme_gts.o)
    0x00008844   0x000000c4   Code   RO         5496    i.mac_gts_out_table_alloc  802_15_4_lib_keil.lib(mac_gts_engine.o)
    0x00008908   0x0000009c   Code   RO         5497    i.mac_gts_out_table_dealloc  802_15_4_lib_keil.lib(mac_gts_engine.o)
    0x000089a4   0x0000008c   Code   RO         5498    i.mac_gts_out_table_update  802_15_4_lib_keil.lib(mac_gts_engine.o)
    0x00008a30   0x00000070   Code   RO         8636    i.mac_gts_req_handler  802_15_4_lib_keil.lib(mac_mlme_gts.o)
    0x00008aa0   0x000000a8   Code   RO         7433    i.mac_gts_request_send  802_15_4_lib_keil.lib(mac_command_processor.o)
    0x00008b48   0x00000024   Code   RO         8637    i.mac_gts_rxreq_cb  802_15_4_lib_keil.lib(mac_mlme_gts.o)
    0x00008b6c   0x00000018   Code   RO         8638    i.mac_gts_rxreq_fp_time_confirm  802_15_4_lib_keil.lib(mac_mlme_gts.o)
    0x00008b84   0x00000054   Code   RO         5499    i.mac_gts_slot_exceeded  802_15_4_lib_keil.lib(mac_gts_engine.o)
    0x00008bd8   0x00000068   Code   RO         5500    i.mac_gts_tx_slot_present  802_15_4_lib_keil.lib(mac_gts_engine.o)
    0x00008c40   0x00000024   Code   RO         8639    i.mac_gts_txreq_cb  802_15_4_lib_keil.lib(mac_mlme_gts.o)
    0x00008c64   0x00000018   Code   RO         8640    i.mac_gts_txreq_fp_time_confirm  802_15_4_lib_keil.lib(mac_mlme_gts.o)
    0x00008c7c   0x00000020   Code   RO         7883    i.mac_ie_assoc_resp_conf  802_15_4_lib_keil.lib(mac_indirect_assoc_resp.o)
    0x00008c9c   0x00000002   Code   RO         7884    i.mac_ie_assoc_resp_delete  802_15_4_lib_keil.lib(mac_indirect_assoc_resp.o)
    0x00008c9e   0x00000002   PAD
    0x00008ca0   0x00000020   Code   RO         7885    i.mac_ie_assoc_resp_dst_addr_get  802_15_4_lib_keil.lib(mac_indirect_assoc_resp.o)
    0x00008cc0   0x00000004   Code   RO         7886    i.mac_ie_assoc_resp_dst_addr_mode_get  802_15_4_lib_keil.lib(mac_indirect_assoc_resp.o)
    0x00008cc4   0x00000044   Code   RO         7887    i.mac_ie_assoc_resp_item_address_cmp  802_15_4_lib_keil.lib(mac_indirect_assoc_resp.o)
    0x00008d08   0x00000006   Code   RO         7888    i.mac_ie_assoc_resp_send  802_15_4_lib_keil.lib(mac_indirect_assoc_resp.o)
    0x00008d0e   0x00000002   PAD
    0x00008d10   0x00000024   Code   RO         7948    i.mac_ie_coord_realignment_conf  802_15_4_lib_keil.lib(mac_indirect_coord_realignment.o)
    0x00008d34   0x00000002   Code   RO         7949    i.mac_ie_coord_realignment_delete  802_15_4_lib_keil.lib(mac_indirect_coord_realignment.o)
    0x00008d36   0x0000000e   Code   RO         7950    i.mac_ie_coord_realignment_dst_addr_get  802_15_4_lib_keil.lib(mac_indirect_coord_realignment.o)
    0x00008d44   0x00000004   Code   RO         7951    i.mac_ie_coord_realignment_dst_addr_mode_get  802_15_4_lib_keil.lib(mac_indirect_coord_realignment.o)
    0x00008d48   0x0000003c   Code   RO         7952    i.mac_ie_coord_realignment_item_address_cmp  802_15_4_lib_keil.lib(mac_indirect_coord_realignment.o)
    0x00008d84   0x00000054   Code   RO         7953    i.mac_ie_coord_realignment_send  802_15_4_lib_keil.lib(mac_indirect_coord_realignment.o)
    0x00008dd8   0x0000002e   Code   RO         8011    i.mac_ie_disassoc_ntfy_address_cmp  802_15_4_lib_keil.lib(mac_indirect_disassoc_ntfy.o)
    0x00008e06   0x00000002   PAD
    0x00008e08   0x00000030   Code   RO         8012    i.mac_ie_disassoc_ntfy_conf  802_15_4_lib_keil.lib(mac_indirect_disassoc_ntfy.o)
    0x00008e38   0x00000002   Code   RO         8013    i.mac_ie_disassoc_ntfy_delete  802_15_4_lib_keil.lib(mac_indirect_disassoc_ntfy.o)
    0x00008e3a   0x0000000c   Code   RO         8014    i.mac_ie_disassoc_ntfy_dst_addr_get  802_15_4_lib_keil.lib(mac_indirect_disassoc_ntfy.o)
    0x00008e46   0x00000008   Code   RO         8015    i.mac_ie_disassoc_ntfy_dst_addr_mode_get  802_15_4_lib_keil.lib(mac_indirect_disassoc_ntfy.o)
    0x00008e4e   0x00000002   PAD
    0x00008e50   0x00000064   Code   RO         8016    i.mac_ie_disassoc_ntfy_send  802_15_4_lib_keil.lib(mac_indirect_disassoc_ntfy.o)
    0x00008eb4   0x00000026   Code   RO         8073    i.mac_ie_mcps_data_conf  802_15_4_lib_keil.lib(mac_indirect_mcps_data.o)
    0x00008eda   0x00000002   PAD
    0x00008edc   0x0000002c   Code   RO         8074    i.mac_ie_mcps_data_delete  802_15_4_lib_keil.lib(mac_indirect_mcps_data.o)
    0x00008f08   0x0000000c   Code   RO         8075    i.mac_ie_mcps_data_dst_addr_get  802_15_4_lib_keil.lib(mac_indirect_mcps_data.o)
    0x00008f14   0x00000006   Code   RO         8076    i.mac_ie_mcps_data_dst_addr_mode_get  802_15_4_lib_keil.lib(mac_indirect_mcps_data.o)
    0x00008f1a   0x0000002c   Code   RO         8077    i.mac_ie_mcps_data_item_address_cmp  802_15_4_lib_keil.lib(mac_indirect_mcps_data.o)
    0x00008f46   0x00000012   Code   RO         8078    i.mac_ie_mcps_data_item_handle_cmp  802_15_4_lib_keil.lib(mac_indirect_mcps_data.o)
    0x00008f58   0x000000bc   Code   RO         8079    i.mac_ie_mcps_data_send  802_15_4_lib_keil.lib(mac_indirect_mcps_data.o)
    0x00009014   0x00000010   Code   RO         5806    i.mac_indir_data_fp_time_confirm  802_15_4_lib_keil.lib(mac_indirect_engine.o)
    0x00009024   0x00000024   Code   RO         5807    i.mac_indirect_engine_beacon_notify_ind  802_15_4_lib_keil.lib(mac_indirect_engine.o)
    0x00009048   0x00000010   Code   RO         5808    i.mac_indirect_engine_fp_conf  802_15_4_lib_keil.lib(mac_indirect_engine.o)
    0x00009058   0x0000002c   Code   RO         5809    i.mac_indirect_engine_init  802_15_4_lib_keil.lib(mac_indirect_engine.o)
    0x00009084   0x00000050   Code   RO         5810    i.mac_indirect_engine_item_dst_addr_get  802_15_4_lib_keil.lib(mac_indirect_engine.o)
    0x000090d4   0x0000004c   Code   RO         5811    i.mac_indirect_engine_item_dst_addr_mode_get  802_15_4_lib_keil.lib(mac_indirect_engine.o)
    0x00009120   0x00000044   Code   RO         5812    i.mac_indirect_engine_pending_get  802_15_4_lib_keil.lib(mac_indirect_engine.o)
    0x00009164   0x000000a0   Code   RO         5813    i.mac_indirect_engine_put  802_15_4_lib_keil.lib(mac_indirect_engine.o)
    0x00009204   0x00000068   Code   RO         5814    i.mac_indirect_engine_remove_data_req_by_handle  802_15_4_lib_keil.lib(mac_indirect_engine.o)
    0x0000926c   0x00000044   Code   RO         5815    i.mac_indirect_engine_reset  802_15_4_lib_keil.lib(mac_indirect_engine.o)
    0x000092b0   0x00000058   Code   RO         6057    i.mac_init          802_15_4_lib_keil.lib(mac_task_scheduler.o)
    0x00009308   0x0000002c   Code   RO         6058    i.mac_internal_task_post  802_15_4_lib_keil.lib(mac_task_scheduler.o)
    0x00009334   0x00000030   Code   RO         3230    i.mac_mem_allocator_task_handler  802_15_4_lib_keil.lib(mac_memory.o)
    0x00009364   0x00000018   Code   RO         3231    i.mac_mem_chunk_allocate  802_15_4_lib_keil.lib(mac_memory.o)
    0x0000937c   0x00000006   Code   RO         3232    i.mac_mem_chunk_free  802_15_4_lib_keil.lib(mac_memory.o)
    0x00009382   0x00000002   PAD
    0x00009384   0x00000054   Code   RO         3233    i.mac_mem_init      802_15_4_lib_keil.lib(mac_memory.o)
    0x000093d8   0x0000000a   Code   RO         3234    i.mac_mem_msdu_free  802_15_4_lib_keil.lib(mac_memory.o)
    0x000093e2   0x00000002   PAD
    0x000093e4   0x00000010   Code   RO         8843    i.mac_orphan_ind_handler  802_15_4_lib_keil.lib(mac_mlme_orphan.o)
    0x000093f4   0x00000014   Code   RO         8844    i.mac_orphan_is_realign_after_resp  802_15_4_lib_keil.lib(mac_mlme_orphan.o)
    0x00009408   0x00000060   Code   RO         7434    i.mac_orphan_notification_send  802_15_4_lib_keil.lib(mac_command_processor.o)
    0x00009468   0x000000ac   Code   RO         8845    i.mac_orphan_resp_fp_time_confirm  802_15_4_lib_keil.lib(mac_mlme_orphan.o)
    0x00009514   0x00000030   Code   RO         8846    i.mac_orphan_resp_handler  802_15_4_lib_keil.lib(mac_mlme_orphan.o)
    0x00009544   0x00000058   Code   RO         6059    i.mac_outer_reqs_task_handler  802_15_4_lib_keil.lib(mac_task_scheduler.o)
    0x0000959c   0x00000070   Code   RO        10754    i.mac_panid_conflict_beacon_notify_ind  802_15_4_lib_keil.lib(mac_panid_conflict.o)
    0x0000960c   0x0000000a   Code   RO        10755    i.mac_panid_conflict_cb  802_15_4_lib_keil.lib(mac_panid_conflict.o)
    0x00009616   0x00000002   PAD
    0x00009618   0x0000000c   Code   RO        10756    i.mac_panid_conflict_detected  802_15_4_lib_keil.lib(mac_panid_conflict.o)
    0x00009624   0x00000004   Code   RO        10757    i.mac_panid_conflict_fp_time_confirm  802_15_4_lib_keil.lib(mac_panid_conflict.o)
    0x00009628   0x0000007c   Code   RO         7435    i.mac_panid_conflict_send  802_15_4_lib_keil.lib(mac_command_processor.o)
    0x000096a4   0x00000044   Code   RO         3398    i.mac_pib_init      802_15_4_lib_keil.lib(mac_mlme_pib.o)
    0x000096e8   0x00000054   Code   RO         3399    i.mac_pib_reset     802_15_4_lib_keil.lib(mac_mlme_pib.o)
    0x0000973c   0x00000010   Code   RO         8936    i.mac_poll_beacon_notify_ind  802_15_4_lib_keil.lib(mac_mlme_poll.o)
    0x0000974c   0x00000044   Code   RO         8937    i.mac_poll_data_req_notify  802_15_4_lib_keil.lib(mac_mlme_poll.o)
    0x00009790   0x00000018   Code   RO         8938    i.mac_poll_data_req_send  802_15_4_lib_keil.lib(mac_mlme_poll.o)
    0x000097a8   0x00000010   Code   RO         8939    i.mac_poll_fp_time_confirm  802_15_4_lib_keil.lib(mac_mlme_poll.o)
    0x000097b8   0x000000b4   Code   RO         8940    i.mac_poll_frame_check  802_15_4_lib_keil.lib(mac_mlme_poll.o)
    0x0000986c   0x0000001c   Code   RO         8942    i.mac_poll_init     802_15_4_lib_keil.lib(mac_mlme_poll.o)
    0x00009888   0x0000001c   Code   RO         8943    i.mac_poll_needs_rx_on  802_15_4_lib_keil.lib(mac_mlme_poll.o)
    0x000098a4   0x00000070   Code   RO         8944    i.mac_poll_req_handler  802_15_4_lib_keil.lib(mac_mlme_poll.o)
    0x00009914   0x00000010   Code   RO         8945    i.mac_poll_reset    802_15_4_lib_keil.lib(mac_mlme_poll.o)
    0x00009924   0x0000005c   Code   RO         8946    i.mac_poll_task_handler  802_15_4_lib_keil.lib(mac_mlme_poll.o)
    0x00009980   0x0000001c   Code   RO         8156    i.mac_purge_req_handler  802_15_4_lib_keil.lib(mac_mcps_purge.o)
    0x0000999c   0x0000003c   Code   RO         6060    i.mac_request_schedule  802_15_4_lib_keil.lib(mac_task_scheduler.o)
    0x000099d8   0x0000007c   Code   RO         9151    i.mac_reset_req_handler  802_15_4_lib_keil.lib(mac_mlme_reset.o)
    0x00009a54   0x00000010   Code   RO         9214    i.mac_rx_enable_beacon_notify_ind  802_15_4_lib_keil.lib(mac_mlme_rx_enable.o)
    0x00009a64   0x00000010   Code   RO         9215    i.mac_rx_enable_init  802_15_4_lib_keil.lib(mac_mlme_rx_enable.o)
    0x00009a74   0x00000024   Code   RO         9216    i.mac_rx_enable_needs_rx_on  802_15_4_lib_keil.lib(mac_mlme_rx_enable.o)
    0x00009a98   0x00000024   Code   RO         9217    i.mac_rx_enable_req_handler  802_15_4_lib_keil.lib(mac_mlme_rx_enable.o)
    0x00009abc   0x00000010   Code   RO         9424    i.mac_scan_beacon_notify_ind  802_15_4_lib_keil.lib(mac_mlme_scan.o)
    0x00009acc   0x00000014   Code   RO         9425    i.mac_scan_beacon_req_tx_done  802_15_4_lib_keil.lib(mac_mlme_scan.o)
    0x00009ae0   0x0000003c   Code   RO         9426    i.mac_scan_conf_handler  802_15_4_lib_keil.lib(mac_mlme_scan.o)
    0x00009b1c   0x00000010   Code   RO         9427    i.mac_scan_fp_time_confirm  802_15_4_lib_keil.lib(mac_mlme_scan.o)
    0x00009b2c   0x00000010   Code   RO         9428    i.mac_scan_in_progress  802_15_4_lib_keil.lib(mac_mlme_scan.o)
    0x00009b3c   0x00000030   Code   RO         9429    i.mac_scan_is_frame_suitable  802_15_4_lib_keil.lib(mac_mlme_scan.o)
    0x00009b6c   0x0000000c   Code   RO         9430    i.mac_scan_needs_rx_on  802_15_4_lib_keil.lib(mac_mlme_scan.o)
    0x00009b78   0x00000014   Code   RO         9431    i.mac_scan_orphan_ntf_tx_done  802_15_4_lib_keil.lib(mac_mlme_scan.o)
    0x00009b8c   0x00000010   Code   RO         9432    i.mac_scan_req_handler  802_15_4_lib_keil.lib(mac_mlme_scan.o)
    0x00009b9c   0x00000038   Code   RO         3400    i.mac_set_req_conf_handler  802_15_4_lib_keil.lib(mac_mlme_pib.o)
    0x00009bd4   0x000000bc   Code   RO         3401    i.mac_set_req_handler  802_15_4_lib_keil.lib(mac_mlme_pib.o)
    0x00009c90   0x00000044   Code   RO        10360    i.mac_sf_apply_req  802_15_4_lib_keil.lib(mac_superframe_out_fsm.o)
    0x00009cd4   0x0000001c   Code   RO        10246    i.mac_sf_beacon_interval  802_15_4_lib_keil.lib(mac_superframe.o)
    0x00009cf0   0x0000001e   Code   RO        10247    i.mac_sf_beacon_notify  802_15_4_lib_keil.lib(mac_superframe.o)
    0x00009d0e   0x00000002   PAD
    0x00009d10   0x00000040   Code   RO        10361    i.mac_sf_beacon_prepare_time_find  802_15_4_lib_keil.lib(mac_superframe_out_fsm.o)
    0x00009d50   0x0000000c   Code   RO        10248    i.mac_sf_beacon_prepare_time_get  802_15_4_lib_keil.lib(mac_superframe.o)
    0x00009d5c   0x00000030   Code   RO        10249    i.mac_sf_cap_end_time_get  802_15_4_lib_keil.lib(mac_superframe.o)
    0x00009d8c   0x00000110   Code   RO        10250    i.mac_sf_fit_in_current_cap  802_15_4_lib_keil.lib(mac_superframe.o)
    0x00009e9c   0x00000014   Code   RO        10251    i.mac_sf_gts_end    802_15_4_lib_keil.lib(mac_superframe.o)
    0x00009eb0   0x00000020   Code   RO        10813    i.mac_sf_in_beacon_received  802_15_4_lib_keil.lib(mac_superframe_in_fsm.o)
    0x00009ed0   0x00000010   Code   RO        10814    i.mac_sf_in_gts_end  802_15_4_lib_keil.lib(mac_superframe_in_fsm.o)
    0x00009ee0   0x0000001c   Code   RO        10815    i.mac_sf_in_init    802_15_4_lib_keil.lib(mac_superframe_in_fsm.o)
    0x00009efc   0x00000010   Code   RO        10816    i.mac_sf_in_reset   802_15_4_lib_keil.lib(mac_superframe_in_fsm.o)
    0x00009f0c   0x0000000e   Code   RO        10252    i.mac_sf_init       802_15_4_lib_keil.lib(mac_superframe.o)
    0x00009f1a   0x0000002e   Code   RO        10253    i.mac_sf_is_inside_cap  802_15_4_lib_keil.lib(mac_superframe.o)
    0x00009f48   0x0000002c   Code   RO        10254    i.mac_sf_needs_rx_on  802_15_4_lib_keil.lib(mac_superframe.o)
    0x00009f74   0x00000006   Code   RO        10362    i.mac_sf_out_beacon_notify_ind  802_15_4_lib_keil.lib(mac_superframe_out_fsm.o)
    0x00009f7a   0x00000002   PAD
    0x00009f7c   0x00000214   Code   RO        10363    i.mac_sf_out_beacon_prepare_try  802_15_4_lib_keil.lib(mac_superframe_out_fsm.o)
    0x0000a190   0x00000014   Code   RO        10364    i.mac_sf_out_beacon_received  802_15_4_lib_keil.lib(mac_superframe_out_fsm.o)
    0x0000a1a4   0x00000010   Code   RO        10365    i.mac_sf_out_gts_end  802_15_4_lib_keil.lib(mac_superframe_out_fsm.o)
    0x0000a1b4   0x00000010   Code   RO        10366    i.mac_sf_out_init   802_15_4_lib_keil.lib(mac_superframe_out_fsm.o)
    0x0000a1c4   0x00000010   Code   RO        10367    i.mac_sf_out_reset  802_15_4_lib_keil.lib(mac_superframe_out_fsm.o)
    0x0000a1d4   0x0000001c   Code   RO        10368    i.mac_sf_out_task_handler  802_15_4_lib_keil.lib(mac_superframe_out_fsm.o)
    0x0000a1f0   0x00000058   Code   RO        10255    i.mac_sf_overlap_check  802_15_4_lib_keil.lib(mac_superframe.o)
    0x0000a248   0x0000000e   Code   RO        10256    i.mac_sf_reset      802_15_4_lib_keil.lib(mac_superframe.o)
    0x0000a256   0x00000002   PAD
    0x0000a258   0x00000040   Code   RO        10257    i.mac_sf_start_time_get  802_15_4_lib_keil.lib(mac_superframe.o)
    0x0000a298   0x0000002c   Code   RO        10258    i.mac_sf_superframe_order_get  802_15_4_lib_keil.lib(mac_superframe.o)
    0x0000a2c4   0x00000010   Code   RO         9723    i.mac_start_coord_realignment_conf  802_15_4_lib_keil.lib(mac_mlme_start.o)
    0x0000a2d4   0x00000010   Code   RO         9724    i.mac_start_fp_time_confirm  802_15_4_lib_keil.lib(mac_mlme_start.o)
    0x0000a2e4   0x00000048   Code   RO         9725    i.mac_start_handler  802_15_4_lib_keil.lib(mac_mlme_start.o)
    0x0000a32c   0x00000014   Code   RO         9726    i.mac_start_is_req_pending  802_15_4_lib_keil.lib(mac_mlme_start.o)
    0x0000a340   0x00000010   Code   RO         9727    i.mac_start_next_out_beacon_ntfy  802_15_4_lib_keil.lib(mac_mlme_start.o)
    0x0000a350   0x0000003c   Code   RO         9728    i.mac_start_out_beacon_notify_ind  802_15_4_lib_keil.lib(mac_mlme_start.o)
    0x0000a38c   0x00000010   Code   RO         9729    i.mac_start_req_handler  802_15_4_lib_keil.lib(mac_mlme_start.o)
    0x0000a39c   0x00000010   Code   RO         9953    i.mac_sync_beacon_notify_ind  802_15_4_lib_keil.lib(mac_mlme_sync.o)
    0x0000a3ac   0x0000000c   Code   RO         9954    i.mac_sync_beacon_timestamp_get  802_15_4_lib_keil.lib(mac_mlme_sync.o)
    0x0000a3b8   0x00000008   Code   RO         9955    i.mac_sync_ind_get  802_15_4_lib_keil.lib(mac_mlme_sync.o)
    0x0000a3c0   0x0000001c   Code   RO         9956    i.mac_sync_init     802_15_4_lib_keil.lib(mac_mlme_sync.o)
    0x0000a3dc   0x00000024   Code   RO         9957    i.mac_sync_is_bcn_to_be_tracked  802_15_4_lib_keil.lib(mac_mlme_sync.o)
    0x0000a400   0x0000001e   Code   RO         9958    i.mac_sync_is_in_once_synced_cap  802_15_4_lib_keil.lib(mac_mlme_sync.o)
    0x0000a41e   0x00000002   PAD
    0x0000a420   0x00000010   Code   RO         9959    i.mac_sync_is_synced  802_15_4_lib_keil.lib(mac_mlme_sync.o)
    0x0000a430   0x0000001c   Code   RO         9960    i.mac_sync_is_tracking  802_15_4_lib_keil.lib(mac_mlme_sync.o)
    0x0000a44c   0x00000010   Code   RO         9961    i.mac_sync_loss_ind_handler  802_15_4_lib_keil.lib(mac_mlme_sync.o)
    0x0000a45c   0x00000010   Code   RO         9962    i.mac_sync_loss_indicate  802_15_4_lib_keil.lib(mac_mlme_sync.o)
    0x0000a46c   0x00000010   Code   RO         9963    i.mac_sync_needs_rx_on  802_15_4_lib_keil.lib(mac_mlme_sync.o)
    0x0000a47c   0x0000001c   Code   RO         9964    i.mac_sync_req_handler  802_15_4_lib_keil.lib(mac_mlme_sync.o)
    0x0000a498   0x00000010   Code   RO         9965    i.mac_sync_reset    802_15_4_lib_keil.lib(mac_mlme_sync.o)
    0x0000a4a8   0x00000024   Code   RO         9966    i.mac_sync_track_beacon_once_initiate  802_15_4_lib_keil.lib(mac_mlme_sync.o)
    0x0000a4cc   0x00000044   Code   RO         3611    i.mac_table_attribute_item_size_get  802_15_4_lib_keil.lib(mac_mlme_pib_table.o)
    0x0000a510   0x0000001e   Code   RO         3612    i.mac_table_attribute_set  802_15_4_lib_keil.lib(mac_mlme_pib_table.o)
    0x0000a52e   0x00000002   PAD
    0x0000a530   0x00000030   Code   RO         3613    i.mac_table_idx_get  802_15_4_lib_keil.lib(mac_mlme_pib_table.o)
    0x0000a560   0x0000000e   Code   RO         3614    i.mac_table_init    802_15_4_lib_keil.lib(mac_mlme_pib_table.o)
    0x0000a56e   0x00000002   PAD
    0x0000a570   0x00000048   Code   RO         3617    i.mac_table_item_remove  802_15_4_lib_keil.lib(mac_mlme_pib_table.o)
    0x0000a5b8   0x000000b0   Code   RO         3618    i.mac_table_item_set  802_15_4_lib_keil.lib(mac_mlme_pib_table.o)
    0x0000a668   0x00000020   Code   RO         3619    i.mac_table_reset   802_15_4_lib_keil.lib(mac_mlme_pib_table.o)
    0x0000a688   0x00000064   Code   RO         6061    i.mac_task_handler  802_15_4_lib_keil.lib(mac_task_scheduler.o)
    0x0000a6ec   0x0000000c   Code   RO         4938    i.mac_time_from_us  802_15_4_lib_keil.lib(mac_csma_ca.o)
    0x0000a6f8   0x00000006   Code   RO        10369    i.mac_time_to_us    802_15_4_lib_keil.lib(mac_superframe_out_fsm.o)
    0x0000a6fe   0x00000002   PAD
    0x0000a700   0x00000098   Code   RO          440    i.main              main.o
    0x0000a798   0x0000002c   Code   RO         5816    i.max_item_lifetime_get  802_15_4_lib_keil.lib(mac_indirect_engine.o)
    0x0000a7c4   0x00000030   Code   RO          183    i.mcps_data_conf    fsm.o
    0x0000a7f4   0x00000014   Code   RO          184    i.mcps_data_conf_store  fsm.o
    0x0000a808   0x000000dc   Code   RO          441    i.mcps_data_ind     main.o
    0x0000a8e4   0x0000003c   Code   RO          185    i.mcps_data_ind_store  fsm.o
    0x0000a920   0x00000010   Code   RO         2894    i.mcps_data_init    802_15_4_lib_keil.lib(mac_mcps_data.o)
    0x0000a930   0x0000000a   Code   RO         8081    i.mcps_data_is_owner  802_15_4_lib_keil.lib(mac_indirect_mcps_data.o)
    0x0000a93a   0x00000002   PAD
    0x0000a93c   0x00000034   Code   RO         2895    i.mcps_data_req     802_15_4_lib_keil.lib(mac_mcps_data.o)
    0x0000a970   0x0000001c   Code   RO         2896    i.mcps_data_reset   802_15_4_lib_keil.lib(mac_mcps_data.o)
    0x0000a98c   0x00000016   Code   RO         8157    i.mcps_purge        802_15_4_lib_keil.lib(mac_mcps_purge.o)
    0x0000a9a2   0x00000076   Code   RO         1517    i.memobj_op         nrf_memobj.o
    0x0000aa18   0x00000014   Code   RO          442    i.memory_freed_callback  main.o
    0x0000aa2c   0x00000038   Code   RO         3235    i.memory_freed_callback  802_15_4_lib_keil.lib(mac_memory.o)
    0x0000aa64   0x0000001a   Code   RO         4011    i.merge_next        802_15_4_lib_keil.lib(sys_memory_manager.o)
    0x0000aa7e   0x00000002   PAD
    0x0000aa80   0x00000118   Code   RO         5167    i.mhr_compose       802_15_4_lib_keil.lib(mac_frame_processor.o)
    0x0000ab98   0x00000068   Code   RO         5168    i.mhr_size_count    802_15_4_lib_keil.lib(mac_frame_processor.o)
    0x0000ac00   0x00000002   Code   RO         8232    i.mlme_associate_ind  802_15_4_lib_keil.lib(mac_mlme_associate.o)
    0x0000ac02   0x00000006   Code   RO         7278    i.mlme_beacon_notify_ind  802_15_4_lib_keil.lib(mac_beacon_processor.o)
    0x0000ac08   0x00000050   Code   RO         3402    i.mlme_check        802_15_4_lib_keil.lib(mac_mlme_pib.o)
    0x0000ac58   0x00000028   Code   RO         3403    i.mlme_check_group  802_15_4_lib_keil.lib(mac_mlme_pib.o)
    0x0000ac80   0x00000048   Code   RO          595    i.mlme_comm_status_ind  security.o
    0x0000acc8   0x00000002   Code   RO         8479    i.mlme_disassociate_ind  802_15_4_lib_keil.lib(mac_mlme_disassociate.o)
    0x0000acca   0x00000002   Code   RO         8641    i.mlme_gts_ind      802_15_4_lib_keil.lib(mac_mlme_gts.o)
    0x0000accc   0x00000020   Code   RO         8642    i.mlme_gts_init     802_15_4_lib_keil.lib(mac_mlme_gts.o)
    0x0000acec   0x00000002   Code   RO         8847    i.mlme_orphan_ind   802_15_4_lib_keil.lib(mac_mlme_orphan.o)
    0x0000acee   0x00000002   PAD
    0x0000acf0   0x00000060   Code   RO         3406    i.mlme_pib_attr_size_calc  802_15_4_lib_keil.lib(mac_mlme_pib.o)
    0x0000ad50   0x00000002   Code   RO         8947    i.mlme_poll_ind     802_15_4_lib_keil.lib(mac_mlme_poll.o)
    0x0000ad52   0x00000002   PAD
    0x0000ad54   0x00000010   Code   RO         9433    i.mlme_scan_init    802_15_4_lib_keil.lib(mac_mlme_scan.o)
    0x0000ad64   0x00000010   Code   RO         9435    i.mlme_scan_reset   802_15_4_lib_keil.lib(mac_mlme_scan.o)
    0x0000ad74   0x000000d4   Code   RO         3407    i.mlme_set          802_15_4_lib_keil.lib(mac_mlme_pib.o)
    0x0000ae48   0x00000024   Code   RO          186    i.mlme_set_conf     fsm.o
    0x0000ae6c   0x00000018   Code   RO          187    i.mlme_set_conf_store  fsm.o
    0x0000ae84   0x00000068   Code   RO         3408    i.mlme_set_fast     802_15_4_lib_keil.lib(mac_mlme_pib.o)
    0x0000aeec   0x00000020   Code   RO         3409    i.mlme_set_group    802_15_4_lib_keil.lib(mac_mlme_pib.o)
    0x0000af0c   0x00000024   Code   RO         3410    i.mlme_set_req      802_15_4_lib_keil.lib(mac_mlme_pib.o)
    0x0000af30   0x00000010   Code   RO         9730    i.mlme_start_init   802_15_4_lib_keil.lib(mac_mlme_start.o)
    0x0000af40   0x0000001c   Code   RO         9732    i.mlme_start_reset  802_15_4_lib_keil.lib(mac_mlme_start.o)
    0x0000af5c   0x00000002   Code   RO         9967    i.mlme_sync_loss_ind  802_15_4_lib_keil.lib(mac_mlme_sync.o)
    0x0000af5e   0x00000002   PAD
    0x0000af60   0x00000034   Code   RO         1767    i.module_idx_get    nrf_log_frontend.o
    0x0000af94   0x0000002e   Code   RO         3411    i.new_value_set     802_15_4_lib_keil.lib(mac_mlme_pib.o)
    0x0000afc2   0x00000002   PAD
    0x0000afc4   0x0000009c   Code   RO         7279    i.next_higher_layer_notify_ind  802_15_4_lib_keil.lib(mac_beacon_processor.o)
    0x0000b060   0x00000058   Code   RO         5817    i.next_interval_start  802_15_4_lib_keil.lib(mac_indirect_engine.o)
    0x0000b0b8   0x00000036   Code   RO        10182    i.nonce_format      802_15_4_lib_keil.lib(mac_secure_frame_processor.o)
    0x0000b0ee   0x0000000e   Code   RO         1768    i.nrf_atomic_flag_set  nrf_log_frontend.o
    0x0000b0fc   0x0000003e   Code   RO         1395    i.nrf_balloc_alloc  nrf_balloc.o
    0x0000b13a   0x0000002a   Code   RO         1396    i.nrf_balloc_free   nrf_balloc.o
    0x0000b164   0x00000030   Code   RO         1397    i.nrf_balloc_init   nrf_balloc.o
    0x0000b194   0x0000000e   Code   RO          889    i.nrf_clock_event_check  nrf_drv_clock.o
    0x0000b1a2   0x00000010   Code   RO          890    i.nrf_clock_event_clear  nrf_drv_clock.o
    0x0000b1b2   0x00000002   PAD
    0x0000b1b4   0x0000001c   Code   RO          891    i.nrf_clock_hf_is_running  nrf_drv_clock.o
    0x0000b1d0   0x0000008c   Code   RO         7068    i.nrf_delay_us      802_15_4_lib_keil.lib(hal_nrf52_soc_delay.o)
    0x0000b25c   0x00000006   Code   RO          894    i.nrf_drv_clock_hfclk_is_running  nrf_drv_clock.o
    0x0000b262   0x00000002   PAD
    0x0000b264   0x00000058   Code   RO          896    i.nrf_drv_clock_hfclk_request  nrf_drv_clock.o
    0x0000b2bc   0x00000044   Code   RO          897    i.nrf_drv_clock_init  nrf_drv_clock.o
    0x0000b300   0x00000010   Code   RO          900    i.nrf_drv_clock_lfclk_is_running  nrf_drv_clock.o
    0x0000b310   0x00000060   Code   RO          902    i.nrf_drv_clock_lfclk_request  nrf_drv_clock.o
    0x0000b370   0x00000038   Code   RO         1045    i.nrf_drv_common_irq_enable  nrf_drv_common.o
    0x0000b3a8   0x0000009c   Code   RO         4311    i.nrf_drv_uart_rx_for_uart  802_15_4_lib_keil.lib(nrf_drv_uart.o)
    0x0000b444   0x00000090   Code   RO         4312    i.nrf_drv_uart_rx_for_uarte  802_15_4_lib_keil.lib(nrf_drv_uart.o)
    0x0000b4d4   0x00000080   Code   RO         4313    i.nrf_drv_uart_tx_for_uart  802_15_4_lib_keil.lib(nrf_drv_uart.o)
    0x0000b554   0x00000054   Code   RO         1085    i.nrf_ecb_crypt     nrf_ecb.o
    0x0000b5a8   0x00000024   Code   RO         1086    i.nrf_ecb_init      nrf_ecb.o
    0x0000b5cc   0x00000010   Code   RO         1087    i.nrf_ecb_set_key   nrf_ecb.o
    0x0000b5dc   0x0000001a   Code   RO         1436    i.nrf_fprintf       nrf_fprintf.o
    0x0000b5f6   0x00000018   Code   RO         1437    i.nrf_fprintf_buffer_flush  nrf_fprintf.o
    0x0000b60e   0x000001da   Code   RO         1478    i.nrf_fprintf_fmt   nrf_fprintf_format.o
    0x0000b7e8   0x00000022   Code   RO         4314    i.nrf_gpio_cfg      802_15_4_lib_keil.lib(nrf_drv_uart.o)
    0x0000b80a   0x00000012   Code   RO         4316    i.nrf_gpio_cfg_input  802_15_4_lib_keil.lib(nrf_drv_uart.o)
    0x0000b81c   0x00000014   Code   RO         4317    i.nrf_gpio_cfg_output  802_15_4_lib_keil.lib(nrf_drv_uart.o)
    0x0000b830   0x00000050   Code   RO         1769    i.nrf_log_backend_add  nrf_log_frontend.o
    0x0000b880   0x00000002   Code   RO         1631    i.nrf_log_backend_rtt_flush  nrf_log_backend_rtt.o
    0x0000b882   0x00000004   Code   RO         1632    i.nrf_log_backend_rtt_init  nrf_log_backend_rtt.o
    0x0000b886   0x00000002   Code   RO         1633    i.nrf_log_backend_rtt_panic_set  nrf_log_backend_rtt.o
    0x0000b888   0x00000018   Code   RO         1634    i.nrf_log_backend_rtt_put  nrf_log_backend_rtt.o
    0x0000b8a0   0x000000d2   Code   RO         1695    i.nrf_log_backend_serial_put  nrf_log_backend_serial.o
    0x0000b972   0x00000002   PAD
    0x0000b974   0x00000030   Code   RO         1771    i.nrf_log_color_id_get  nrf_log_frontend.o
    0x0000b9a4   0x0000001c   Code   RO         1729    i.nrf_log_default_backends_init  nrf_log_default_backends.o
    0x0000b9c0   0x000001e4   Code   RO         1772    i.nrf_log_frontend_dequeue  nrf_log_frontend.o
    0x0000bba4   0x00000008   Code   RO         1774    i.nrf_log_frontend_std_0  nrf_log_frontend.o
    0x0000bbac   0x0000000e   Code   RO         1775    i.nrf_log_frontend_std_1  nrf_log_frontend.o
    0x0000bbba   0x00000012   Code   RO         1777    i.nrf_log_frontend_std_3  nrf_log_frontend.o
    0x0000bbcc   0x000000ac   Code   RO         1954    i.nrf_log_hexdump_entry_process  nrf_log_str_formatter.o
    0x0000bc78   0x0000005c   Code   RO         1781    i.nrf_log_init      nrf_log_frontend.o
    0x0000bcd4   0x00000014   Code   RO         1782    i.nrf_log_module_cnt_get  nrf_log_frontend.o
    0x0000bce8   0x0000001c   Code   RO         1785    i.nrf_log_module_name_get  nrf_log_frontend.o
    0x0000bd04   0x00000028   Code   RO         1786    i.nrf_log_panic     nrf_log_frontend.o
    0x0000bd2c   0x00000068   Code   RO         1787    i.nrf_log_push      nrf_log_frontend.o
    0x0000bd94   0x000000b6   Code   RO         1955    i.nrf_log_std_entry_process  nrf_log_str_formatter.o
    0x0000be4a   0x00000060   Code   RO         1518    i.nrf_memobj_alloc  nrf_memobj.o
    0x0000beaa   0x00000032   Code   RO         1519    i.nrf_memobj_free   nrf_memobj.o
    0x0000bedc   0x0000000e   Code   RO         1520    i.nrf_memobj_get    nrf_memobj.o
    0x0000beea   0x00000004   Code   RO         1521    i.nrf_memobj_pool_init  nrf_memobj.o
    0x0000beee   0x00000022   Code   RO         1522    i.nrf_memobj_put    nrf_memobj.o
    0x0000bf10   0x0000000c   Code   RO         1523    i.nrf_memobj_read   nrf_memobj.o
    0x0000bf1c   0x0000000c   Code   RO         1524    i.nrf_memobj_write  nrf_memobj.o
    0x0000bf28   0x00000028   Code   RO         4705    i.nrf_radio_idle    802_15_4_lib_keil.lib(ral_fsm.o)
    0x0000bf50   0x00000020   Code   RO         4706    i.nrf_radio_off     802_15_4_lib_keil.lib(ral_fsm.o)
    0x0000bf70   0x0000006c   Code   RO         4707    i.nrf_radio_rx_on_initiate  802_15_4_lib_keil.lib(ral_fsm.o)
    0x0000bfdc   0x0000000a   Code   RO         4164    i.nrf_timer_event_check  802_15_4_lib_keil.lib(hal_nrf52_soc_timer.o)
    0x0000bfe6   0x0000000a   Code   RO         4318    i.nrf_uart_event_check  802_15_4_lib_keil.lib(nrf_drv_uart.o)
    0x0000bff0   0x0000000c   Code   RO         4319    i.nrf_uart_int_enable_check  802_15_4_lib_keil.lib(nrf_drv_uart.o)
    0x0000bffc   0x0000000a   Code   RO         4320    i.nrf_uarte_event_check  802_15_4_lib_keil.lib(nrf_drv_uart.o)
    0x0000c006   0x00000002   PAD
    0x0000c008   0x00000014   Code   RO         9436    i.orphan_in_progress  802_15_4_lib_keil.lib(mac_mlme_scan.o)
    0x0000c01c   0x0000000e   Code   RO         9969    i.other_modules_notify  802_15_4_lib_keil.lib(mac_mlme_sync.o)
    0x0000c02a   0x00000002   PAD
    0x0000c02c   0x00000014   Code   RO        10370    i.out_bcn_prepare   802_15_4_lib_keil.lib(mac_superframe_out_fsm.o)
    0x0000c040   0x00000014   Code   RO          443    i.out_of_memory_callback  main.o
    0x0000c054   0x00000028   Code   RO         3236    i.out_of_memory_event_callback  802_15_4_lib_keil.lib(mac_memory.o)
    0x0000c07c   0x00000018   Code   RO         7588    i.out_sf_start_confirm  802_15_4_lib_keil.lib(mac_frame_processor_tx_fsm.o)
    0x0000c094   0x00000018   Code   RO         7280    i.payload_pack      802_15_4_lib_keil.lib(mac_beacon_processor.o)
    0x0000c0ac   0x00000028   Code   RO        10183    i.payload_size_get  802_15_4_lib_keil.lib(mac_secure_frame_processor.o)
    0x0000c0d4   0x00000010   Code   RO         7589    i.pd_data_conf      802_15_4_lib_keil.lib(mac_frame_processor_tx_fsm.o)
    0x0000c0e4   0x0000001c   Code   RO         5326    i.pd_data_ind       802_15_4_lib_keil.lib(mac_frame_processor_rx_fsm.o)
    0x0000c100   0x00000054   Code   RO        10576    i.pd_data_req       802_15_4_lib_keil.lib(phy_pd_data.o)
    0x0000c154   0x00000004   Code   RO         7281    i.pending_bit_timer_cb  802_15_4_lib_keil.lib(mac_beacon_processor.o)
    0x0000c158   0x000000d4   Code   RO         5501    i.pending_descr_insert_and_defrag  802_15_4_lib_keil.lib(mac_gts_engine.o)
    0x0000c22c   0x00000060   Code   RO         7282    i.pending_pack      802_15_4_lib_keil.lib(mac_beacon_processor.o)
    0x0000c28c   0x00000050   Code   RO         7283    i.pending_unpack    802_15_4_lib_keil.lib(mac_beacon_processor.o)
    0x0000c2dc   0x000000b0   Code   RO        10371    i.periods_update    802_15_4_lib_keil.lib(mac_superframe_out_fsm.o)
    0x0000c38c   0x00000012   Code   RO        10623    i.phy_cca_handler   802_15_4_lib_keil.lib(phy_plme_cca.o)
    0x0000c39e   0x00000002   PAD
    0x0000c3a0   0x00000068   Code   RO        10669    i.phy_ed_handler    802_15_4_lib_keil.lib(phy_plme_ed.o)
    0x0000c408   0x0000001c   Code   RO         6137    i.phy_frame_free    802_15_4_lib_keil.lib(phy_frame_pool.o)
    0x0000c424   0x00000024   Code   RO         6138    i.phy_frame_pool_alloc_try  802_15_4_lib_keil.lib(phy_frame_pool.o)
    0x0000c448   0x00000024   Code   RO         6139    i.phy_frame_pool_get  802_15_4_lib_keil.lib(phy_frame_pool.o)
    0x0000c46c   0x0000007c   Code   RO         6140    i.phy_frame_pool_init  802_15_4_lib_keil.lib(phy_frame_pool.o)
    0x0000c4e8   0x0000000c   Code   RO         6141    i.phy_frame_pool_is_empty  802_15_4_lib_keil.lib(phy_frame_pool.o)
    0x0000c4f4   0x00000010   Code   RO         6142    i.phy_frame_release  802_15_4_lib_keil.lib(phy_frame_pool.o)
    0x0000c504   0x0000003c   Code   RO         6357    i.phy_get_handler   802_15_4_lib_keil.lib(phy_plme_pib.o)
    0x0000c540   0x00000018   Code   RO         6486    i.phy_init          802_15_4_lib_keil.lib(phy_task_scheduler.o)
    0x0000c558   0x00000054   Code   RO        10577    i.phy_rx_handler    802_15_4_lib_keil.lib(phy_pd_data.o)
    0x0000c5ac   0x0000003c   Code   RO         6358    i.phy_set_handler   802_15_4_lib_keil.lib(phy_plme_pib.o)
    0x0000c5e8   0x00000064   Code   RO         6487    i.phy_task_handler  802_15_4_lib_keil.lib(phy_task_scheduler.o)
    0x0000c64c   0x0000002c   Code   RO         6488    i.phy_task_post     802_15_4_lib_keil.lib(phy_task_scheduler.o)
    0x0000c678   0x00000034   Code   RO         3412    i.phy_to_mac_status  802_15_4_lib_keil.lib(mac_mlme_pib.o)
    0x0000c6ac   0x00000024   Code   RO         6443    i.phy_trx_req_handler  802_15_4_lib_keil.lib(phy_plme_trx.o)
    0x0000c6d0   0x00000014   Code   RO        10578    i.phy_tx_done_handler  802_15_4_lib_keil.lib(phy_pd_data.o)
    0x0000c6e4   0x00000014   Code   RO         4012    i.phys_next         802_15_4_lib_keil.lib(sys_memory_manager.o)
    0x0000c6f8   0x00000044   Code   RO         6547    i.plain_text_data_get  802_15_4_lib_keil.lib(sec_aes_ccm.o)
    0x0000c73c   0x00000014   Code   RO        10624    i.plme_cca          802_15_4_lib_keil.lib(phy_plme_cca.o)
    0x0000c750   0x00000002   Code   RO        10625    i.plme_cca_conf     802_15_4_lib_keil.lib(phy_plme_cca.o)
    0x0000c752   0x0000002a   Code   RO         6359    i.plme_check        802_15_4_lib_keil.lib(phy_plme_pib.o)
    0x0000c77c   0x000000ac   Code   RO         9437    i.plme_ed_conf      802_15_4_lib_keil.lib(mac_mlme_scan.o)
    0x0000c828   0x00000024   Code   RO        10671    i.plme_ed_req       802_15_4_lib_keil.lib(phy_plme_ed.o)
    0x0000c84c   0x00000044   Code   RO         6360    i.plme_get          802_15_4_lib_keil.lib(phy_plme_pib.o)
    0x0000c890   0x00000010   Code   RO         3413    i.plme_get_conf     802_15_4_lib_keil.lib(mac_mlme_pib.o)
    0x0000c8a0   0x00000024   Code   RO         6362    i.plme_get_req      802_15_4_lib_keil.lib(phy_plme_pib.o)
    0x0000c8c4   0x00000040   Code   RO         6363    i.plme_set          802_15_4_lib_keil.lib(phy_plme_pib.o)
    0x0000c904   0x00000010   Code   RO         3414    i.plme_set_conf     802_15_4_lib_keil.lib(mac_mlme_pib.o)
    0x0000c914   0x00000024   Code   RO         6365    i.plme_set_req      802_15_4_lib_keil.lib(phy_plme_pib.o)
    0x0000c938   0x00000032   Code   RO         6444    i.plme_set_trx_state  802_15_4_lib_keil.lib(phy_plme_trx.o)
    0x0000c96a   0x00000002   PAD
    0x0000c96c   0x00000010   Code   RO         7590    i.plme_set_trx_state_conf  802_15_4_lib_keil.lib(mac_frame_processor_tx_fsm.o)
    0x0000c97c   0x00000048   Code   RO         8949    i.poll_confirm_raise  802_15_4_lib_keil.lib(mac_mlme_poll.o)
    0x0000c9c4   0x00000010   Code   RO         8950    i.poll_fsm_action   802_15_4_lib_keil.lib(mac_mlme_poll.o)
    0x0000c9d4   0x00000010   Code   RO         8951    i.poll_fsm_guard    802_15_4_lib_keil.lib(mac_mlme_poll.o)
    0x0000c9e4   0x00000018   Code   RO         3237    i.poll_timer_callback  802_15_4_lib_keil.lib(mac_memory.o)
    0x0000c9fc   0x00000084   Code   RO         8952    i.poll_timer_start  802_15_4_lib_keil.lib(mac_mlme_poll.o)
    0x0000ca80   0x0000003c   Code   RO         1956    i.postfix_process   nrf_log_str_formatter.o
    0x0000cabc   0x0000005c   Code   RO         1957    i.prefix_process    nrf_log_str_formatter.o
    0x0000cb18   0x00000084   Code   RO         5502    i.present_descr_update  802_15_4_lib_keil.lib(mac_gts_engine.o)
    0x0000cb9c   0x00000014   Code   RO         8953    i.primitive_is_free  802_15_4_lib_keil.lib(mac_mlme_poll.o)
    0x0000cbb0   0x00000090   Code   RO         4863    i.radio_state_restore  802_15_4_lib_keil.lib(ral_pib.o)
    0x0000cc40   0x00000044   Code   RO         4864    i.radio_state_store  802_15_4_lib_keil.lib(ral_pib.o)
    0x0000cc84   0x0000002c   Code   RO         9733    i.raise             802_15_4_lib_keil.lib(mac_mlme_start.o)
    0x0000ccb0   0x000000a0   Code   RO         4865    i.ral_attribute_get  802_15_4_lib_keil.lib(ral_pib.o)
    0x0000cd50   0x0000011c   Code   RO         4866    i.ral_attribute_set  802_15_4_lib_keil.lib(ral_pib.o)
    0x0000ce6c   0x00000054   Code   RO         4501    i.ral_cca_perform   802_15_4_lib_keil.lib(ral_api.o)
    0x0000cec0   0x00000020   Code   RO         4502    i.ral_cca_result_get  802_15_4_lib_keil.lib(ral_api.o)
    0x0000cee0   0x00000018   Code   RO         4671    i.ral_critical_queue_init  802_15_4_lib_keil.lib(ral_critical_queue.o)
    0x0000cef8   0x0000001e   Code   RO         4672    i.ral_critical_queue_is_empty  802_15_4_lib_keil.lib(ral_critical_queue.o)
    0x0000cf16   0x00000024   Code   RO         4673    i.ral_critical_queue_pop  802_15_4_lib_keil.lib(ral_critical_queue.o)
    0x0000cf3a   0x00000024   Code   RO         4674    i.ral_critical_queue_push  802_15_4_lib_keil.lib(ral_critical_queue.o)
    0x0000cf5e   0x00000002   PAD
    0x0000cf60   0x00000020   Code   RO         4503    i.ral_data_flow_disable  802_15_4_lib_keil.lib(ral_api.o)
    0x0000cf80   0x0000001c   Code   RO         4504    i.ral_data_flow_enable  802_15_4_lib_keil.lib(ral_api.o)
    0x0000cf9c   0x00000060   Code   RO         4505    i.ral_data_ind_read  802_15_4_lib_keil.lib(ral_api.o)
    0x0000cffc   0x00000008   Code   RO         4506    i.ral_data_req      802_15_4_lib_keil.lib(ral_api.o)
    0x0000d004   0x0000003c   Code   RO         4507    i.ral_ed_perform    802_15_4_lib_keil.lib(ral_api.o)
    0x0000d040   0x0000001c   Code   RO         4708    i.ral_fsm_a_force_tx_on  802_15_4_lib_keil.lib(ral_fsm.o)
    0x0000d05c   0x00000014   Code   RO         4709    i.ral_fsm_a_reset   802_15_4_lib_keil.lib(ral_fsm.o)
    0x0000d070   0x00000006   Code   RO         4710    i.ral_fsm_a_rx_done  802_15_4_lib_keil.lib(ral_fsm.o)
    0x0000d076   0x00000002   PAD
    0x0000d078   0x000000a0   Code   RO         4711    i.ral_fsm_a_rx_on   802_15_4_lib_keil.lib(ral_fsm.o)
    0x0000d118   0x00000004   Code   RO         4713    i.ral_fsm_a_trx_off  802_15_4_lib_keil.lib(ral_fsm.o)
    0x0000d11c   0x00000006   Code   RO         4714    i.ral_fsm_a_tx_done  802_15_4_lib_keil.lib(ral_fsm.o)
    0x0000d122   0x00000004   Code   RO         4715    i.ral_fsm_a_tx_on   802_15_4_lib_keil.lib(ral_fsm.o)
    0x0000d126   0x00000002   PAD
    0x0000d128   0x000000f0   Code   RO         4716    i.ral_fsm_a_tx_start  802_15_4_lib_keil.lib(ral_fsm.o)
    0x0000d218   0x00000012   Code   RO         4717    i.ral_fsm_a_tx_to_rx  802_15_4_lib_keil.lib(ral_fsm.o)
    0x0000d22a   0x00000002   PAD
    0x0000d22c   0x00000044   Code   RO         4718    i.ral_fsm_a_tx_unexpected  802_15_4_lib_keil.lib(ral_fsm.o)
    0x0000d270   0x00000010   Code   RO         4719    i.ral_fsm_action    802_15_4_lib_keil.lib(ral_fsm.o)
    0x0000d280   0x0000000c   Code   RO         4720    i.ral_fsm_current_state_get  802_15_4_lib_keil.lib(ral_fsm.o)
    0x0000d28c   0x00000010   Code   RO         4721    i.ral_fsm_event_post  802_15_4_lib_keil.lib(ral_fsm.o)
    0x0000d29c   0x00000010   Code   RO         4722    i.ral_fsm_guard     802_15_4_lib_keil.lib(ral_fsm.o)
    0x0000d2ac   0x00000010   Code   RO         4723    i.ral_fsm_init      802_15_4_lib_keil.lib(ral_fsm.o)
    0x0000d2bc   0x00000050   Code   RO         4508    i.ral_fsm_state_change  802_15_4_lib_keil.lib(ral_api.o)
    0x0000d30c   0x00000058   Code   RO         4509    i.ral_fsm_state_translate  802_15_4_lib_keil.lib(ral_api.o)
    0x0000d364   0x00000098   Code   RO         4510    i.ral_init          802_15_4_lib_keil.lib(ral_api.o)
    0x0000d3fc   0x00000002   Code   RO         2586    i.ral_irq_handler_import  802_15_4_lib_keil.lib(ral_irq_handlers.o)
    0x0000d3fe   0x00000002   PAD
    0x0000d400   0x00000078   Code   RO         7242    i.ral_rf_init       802_15_4_lib_keil.lib(ral_rf_init.o)
    0x0000d478   0x00000024   Code   RO         4724    i.ral_rx_frame_buffer_prepare  802_15_4_lib_keil.lib(ral_fsm.o)
    0x0000d49c   0x00000008   Code   RO         4512    i.ral_rx_start_time  802_15_4_lib_keil.lib(ral_api.o)
    0x0000d4a4   0x00000024   Code   RO         4514    i.ral_state_get     802_15_4_lib_keil.lib(ral_api.o)
    0x0000d4c8   0x00000054   Code   RO         4515    i.ral_state_set     802_15_4_lib_keil.lib(ral_api.o)
    0x0000d51c   0x0000001c   Code   RO         4725    i.ral_trx_end_handler  802_15_4_lib_keil.lib(ral_fsm.o)
    0x0000d538   0x0000003e   Code   RO         7284    i.read_pending_address  802_15_4_lib_keil.lib(mac_beacon_processor.o)
    0x0000d576   0x00000002   PAD
    0x0000d578   0x0000004c   Code   RO         5818    i.recipient_find    802_15_4_lib_keil.lib(mac_indirect_engine.o)
    0x0000d5c4   0x00000034   Code   RO         8954    i.req_close         802_15_4_lib_keil.lib(mac_mlme_poll.o)
    0x0000d5f8   0x00000010   Code   RO         8235    i.resp_wait_timeout  802_15_4_lib_keil.lib(mac_mlme_associate.o)
    0x0000d608   0x00000068   Code   RO        10184    i.retrieval_procedure_perform  802_15_4_lib_keil.lib(mac_secure_frame_processor.o)
    0x0000d670   0x00000020   Code   RO         2362    i.rx_buffer_space_available  802_15_4_lib_keil.lib(hal_nrf52_soc_uart.o)
    0x0000d690   0x00000030   Code   RO         4322    i.rx_byte           802_15_4_lib_keil.lib(nrf_drv_uart.o)
    0x0000d6c0   0x00000020   Code   RO         4323    i.rx_done_event     802_15_4_lib_keil.lib(nrf_drv_uart.o)
    0x0000d6e0   0x0000000c   Code   RO         2363    i.rx_enable         802_15_4_lib_keil.lib(hal_nrf52_soc_uart.o)
    0x0000d6ec   0x00000018   Code   RO         4324    i.rx_enable         802_15_4_lib_keil.lib(nrf_drv_uart.o)
    0x0000d704   0x00000074   Code   RO         2587    i.rx_frame_process  802_15_4_lib_keil.lib(ral_irq_handlers.o)
    0x0000d778   0x00000034   Code   RO         9219    i.rx_on_time        802_15_4_lib_keil.lib(mac_mlme_rx_enable.o)
    0x0000d7ac   0x0000001c   Code   RO         9220    i.rxe_conf          802_15_4_lib_keil.lib(mac_mlme_rx_enable.o)
    0x0000d7c8   0x0000000c   Code   RO         9221    i.rxe_fsm_action    802_15_4_lib_keil.lib(mac_mlme_rx_enable.o)
    0x0000d7d4   0x0000000c   Code   RO         9222    i.rxe_fsm_guard     802_15_4_lib_keil.lib(mac_mlme_rx_enable.o)
    0x0000d7e0   0x00000010   Code   RO         9223    i.rxe_timer_handler_off  802_15_4_lib_keil.lib(mac_mlme_rx_enable.o)
    0x0000d7f0   0x00000010   Code   RO         9224    i.rxe_timer_handler_on  802_15_4_lib_keil.lib(mac_mlme_rx_enable.o)
    0x0000d800   0x00000028   Code   RO         9438    i.scan_channel_timeout  802_15_4_lib_keil.lib(mac_mlme_scan.o)
    0x0000d828   0x00000010   Code   RO         9439    i.scan_fsm_action   802_15_4_lib_keil.lib(mac_mlme_scan.o)
    0x0000d838   0x00000010   Code   RO         9440    i.scan_fsm_guard    802_15_4_lib_keil.lib(mac_mlme_scan.o)
    0x0000d848   0x0000002c   Code   RO         9441    i.scan_pan_id_broadcast_set  802_15_4_lib_keil.lib(mac_mlme_scan.o)
    0x0000d874   0x00000014   Code   RO         9442    i.scan_pan_id_restore  802_15_4_lib_keil.lib(mac_mlme_scan.o)
    0x0000d888   0x00000098   Code   RO         9443    i.scan_switch_to_next_chan  802_15_4_lib_keil.lib(mac_mlme_scan.o)
    0x0000d920   0x00000048   Code   RO         9444    i.scan_timer_start  802_15_4_lib_keil.lib(mac_mlme_scan.o)
    0x0000d968   0x000000b0   Code   RO         6548    i.sec_aes_ccm_dec   802_15_4_lib_keil.lib(sec_aes_ccm.o)
    0x0000da18   0x00000084   Code   RO         6549    i.sec_aes_ccm_enc   802_15_4_lib_keil.lib(sec_aes_ccm.o)
    0x0000da9c   0x00000004   Code   RO         6550    i.sec_init          802_15_4_lib_keil.lib(sec_aes_ccm.o)
    0x0000daa0   0x00000104   Code   RO          596    i.security_tables_init  security.o
    0x0000dba4   0x00000040   Code   RO         8481    i.self_disassociate  802_15_4_lib_keil.lib(mac_mlme_disassociate.o)
    0x0000dbe4   0x0000002a   Code   RO         1635    i.serial_tx         nrf_log_backend_rtt.o
    0x0000dc0e   0x00000002   PAD
    0x0000dc10   0x00000024   Code   RO         2364    i.set_baudrate      802_15_4_lib_keil.lib(hal_nrf52_soc_uart.o)
    0x0000dc34   0x00000010   Code   RO         2365    i.set_last_error    802_15_4_lib_keil.lib(hal_nrf52_soc_uart.o)
    0x0000dc44   0x00000018   Code   RO         5327    i.set_radio_state   802_15_4_lib_keil.lib(mac_frame_processor_rx_fsm.o)
    0x0000dc5c   0x00000014   Code   RO         4013    i.set_tail_guard    802_15_4_lib_keil.lib(sys_memory_manager.o)
    0x0000dc70   0x00000050   Code   RO         9970    i.sf_end_notify     802_15_4_lib_keil.lib(mac_mlme_sync.o)
    0x0000dcc0   0x00000010   Code   RO        10817    i.sf_in_fsm_action  802_15_4_lib_keil.lib(mac_superframe_in_fsm.o)
    0x0000dcd0   0x00000010   Code   RO        10818    i.sf_in_fsm_guard   802_15_4_lib_keil.lib(mac_superframe_in_fsm.o)
    0x0000dce0   0x00000048   Code   RO         9971    i.sf_pause_timer_start  802_15_4_lib_keil.lib(mac_mlme_sync.o)
    0x0000dd28   0x00000084   Code   RO         9734    i.sf_spec_apply     802_15_4_lib_keil.lib(mac_mlme_start.o)
    0x0000ddac   0x00000014   Code   RO         9225    i.sf_start_time     802_15_4_lib_keil.lib(mac_mlme_rx_enable.o)
    0x0000ddc0   0x00000010   Code   RO        10372    i.sf_tx_fsm_action  802_15_4_lib_keil.lib(mac_superframe_out_fsm.o)
    0x0000ddd0   0x00000010   Code   RO        10373    i.sf_tx_fsm_guard   802_15_4_lib_keil.lib(mac_superframe_out_fsm.o)
    0x0000dde0   0x0000003a   Code   RO         5169    i.sf_type_choose    802_15_4_lib_keil.lib(mac_frame_processor.o)
    0x0000de1a   0x00000002   PAD
    0x0000de1c   0x00000054   Code   RO         7285    i.sframe_spec_pack  802_15_4_lib_keil.lib(mac_beacon_processor.o)
    0x0000de70   0x00000048   Code   RO         7286    i.sframe_spec_unpack  802_15_4_lib_keil.lib(mac_beacon_processor.o)
    0x0000deb8   0x00000070   Code   RO         4939    i.slotted_cca_perform  802_15_4_lib_keil.lib(mac_csma_ca.o)
    0x0000df28   0x0000000e   Code   RO         5170    i.src_address_fill  802_15_4_lib_keil.lib(mac_frame_processor.o)
    0x0000df36   0x0000000e   Code   RO         5171    i.src_panid_fill    802_15_4_lib_keil.lib(mac_frame_processor.o)
    0x0000df44   0x00000010   Code   RO         9735    i.start_fsm_action  802_15_4_lib_keil.lib(mac_mlme_start.o)
    0x0000df54   0x00000010   Code   RO         9736    i.start_fsm_guard   802_15_4_lib_keil.lib(mac_mlme_start.o)
    0x0000df64   0x00000010   Code   RO        10374    i.start_time_end    802_15_4_lib_keil.lib(mac_superframe_out_fsm.o)
    0x0000df74   0x00000058   Code   RO         2366    i.start_transmit    802_15_4_lib_keil.lib(hal_nrf52_soc_uart.o)
    0x0000dfcc   0x00000090   Code   RO         1788    i.std_n             nrf_log_frontend.o
    0x0000e05c   0x00000010   Code   RO         9972    i.sync_fsm_action   802_15_4_lib_keil.lib(mac_mlme_sync.o)
    0x0000e06c   0x00000010   Code   RO         9973    i.sync_fsm_guard    802_15_4_lib_keil.lib(mac_mlme_sync.o)
    0x0000e07c   0x0000003c   Code   RO        10758    i.sync_loss_ind_issue  802_15_4_lib_keil.lib(mac_panid_conflict.o)
    0x0000e0b8   0x0000002c   Code   RO         9974    i.sync_mem_init     802_15_4_lib_keil.lib(mac_mlme_sync.o)
    0x0000e0e4   0x00000030   Code   RO         9975    i.sync_req_src_flag_check  802_15_4_lib_keil.lib(mac_mlme_sync.o)
    0x0000e114   0x00000038   Code   RO         9976    i.sync_req_src_flag_clear  802_15_4_lib_keil.lib(mac_mlme_sync.o)
    0x0000e14c   0x00000034   Code   RO         9977    i.sync_req_src_flag_set  802_15_4_lib_keil.lib(mac_mlme_sync.o)
    0x0000e180   0x0000007c   Code   RO            4    i.sys_assert_handler  assert.o
    0x0000e1fc   0x0000007c   Code   RO            5    i.sys_assert_info_handler  assert.o
    0x0000e278   0x0000002c   Code   RO         3724    i.sys_event_post    802_15_4_lib_keil.lib(sys_events.o)
    0x0000e2a4   0x00000030   Code   RO         3725    i.sys_event_subscribe  802_15_4_lib_keil.lib(sys_events.o)
    0x0000e2d4   0x0000000c   Code   RO         3729    i.sys_events_init   802_15_4_lib_keil.lib(sys_events.o)
    0x0000e2e0   0x00000088   Code   RO         3856    i.sys_fsm_event_post  802_15_4_lib_keil.lib(sys_fsm.o)
    0x0000e368   0x00000070   Code   RO         3857    i.sys_fsm_event_post_try  802_15_4_lib_keil.lib(sys_fsm.o)
    0x0000e3d8   0x00000084   Code   RO         3858    i.sys_fsm_init      802_15_4_lib_keil.lib(sys_fsm.o)
    0x0000e45c   0x000000e8   Code   RO         3859    i.sys_fsm_transition_perform_try  802_15_4_lib_keil.lib(sys_fsm.o)
    0x0000e544   0x000000ac   Code   RO         3900    i.sys_init          802_15_4_lib_keil.lib(sys_init.o)
    0x0000e5f0   0x00000144   Code   RO         4014    i.sys_mm_alloc      802_15_4_lib_keil.lib(sys_memory_manager.o)
    0x0000e734   0x00000174   Code   RO         4015    i.sys_mm_free       802_15_4_lib_keil.lib(sys_memory_manager.o)
    0x0000e8a8   0x00000040   Code   RO         4016    i.sys_mm_init       802_15_4_lib_keil.lib(sys_memory_manager.o)
    0x0000e8e8   0x0000001c   Code   RO         6749    i.sys_queue_back    802_15_4_lib_keil.lib(sys_queue.o)
    0x0000e904   0x0000003c   Code   RO         6750    i.sys_queue_contains  802_15_4_lib_keil.lib(sys_queue.o)
    0x0000e940   0x0000002c   Code   RO         6751    i.sys_queue_front   802_15_4_lib_keil.lib(sys_queue.o)
    0x0000e96c   0x00000018   Code   RO         6752    i.sys_queue_init    802_15_4_lib_keil.lib(sys_queue.o)
    0x0000e984   0x0000004c   Code   RO         6754    i.sys_queue_insert_after  802_15_4_lib_keil.lib(sys_queue.o)
    0x0000e9d0   0x00000024   Code   RO         6755    i.sys_queue_is_empty  802_15_4_lib_keil.lib(sys_queue.o)
    0x0000e9f4   0x00000040   Code   RO         6756    i.sys_queue_next    802_15_4_lib_keil.lib(sys_queue.o)
    0x0000ea34   0x00000030   Code   RO         6757    i.sys_queue_pop_front  802_15_4_lib_keil.lib(sys_queue.o)
    0x0000ea64   0x00000044   Code   RO         6758    i.sys_queue_push_back  802_15_4_lib_keil.lib(sys_queue.o)
    0x0000eaa8   0x00000044   Code   RO         6759    i.sys_queue_push_front  802_15_4_lib_keil.lib(sys_queue.o)
    0x0000eaec   0x0000007c   Code   RO         6760    i.sys_queue_push_predicated  802_15_4_lib_keil.lib(sys_queue.o)
    0x0000eb68   0x0000001c   Code   RO         6761    i.sys_queue_push_predicated_force  802_15_4_lib_keil.lib(sys_queue.o)
    0x0000eb84   0x00000054   Code   RO         6762    i.sys_queue_remove  802_15_4_lib_keil.lib(sys_queue.o)
    0x0000ebd8   0x00000064   Code   RO         6763    i.sys_queue_remove_after  802_15_4_lib_keil.lib(sys_queue.o)
    0x0000ec3c   0x0000004c   Code   RO         6866    i.sys_ringbuffer_chunk_get  802_15_4_lib_keil.lib(sys_ringbuffer.o)
    0x0000ec88   0x00000024   Code   RO         6867    i.sys_ringbuffer_init  802_15_4_lib_keil.lib(sys_ringbuffer.o)
    0x0000ecac   0x00000044   Code   RO         6868    i.sys_ringbuffer_init_over  802_15_4_lib_keil.lib(sys_ringbuffer.o)
    0x0000ecf0   0x00000064   Code   RO         6869    i.sys_ringbuffer_insert  802_15_4_lib_keil.lib(sys_ringbuffer.o)
    0x0000ed54   0x00000014   Code   RO         6870    i.sys_ringbuffer_is_empty  802_15_4_lib_keil.lib(sys_ringbuffer.o)
    0x0000ed68   0x0000004c   Code   RO         6872    i.sys_ringbuffer_remove  802_15_4_lib_keil.lib(sys_ringbuffer.o)
    0x0000edb4   0x00000058   Code   RO         6873    i.sys_ringbuffer_remove_multiple  802_15_4_lib_keil.lib(sys_ringbuffer.o)
    0x0000ee0c   0x00000050   Code   RO         6874    i.sys_ringbuffer_size_get  802_15_4_lib_keil.lib(sys_ringbuffer.o)
    0x0000ee5c   0x00000002   Code   RO         4082    i.sys_task_handler  802_15_4_lib_keil.lib(sys_task_scheduler.o)
    0x0000ee5e   0x00000002   PAD
    0x0000ee60   0x00000030   Code   RO          188    i.sys_task_post     fsm.o
    0x0000ee90   0x00000030   Code   RO         6062    i.sys_task_post     802_15_4_lib_keil.lib(mac_task_scheduler.o)
    0x0000eec0   0x00000030   Code   RO         6489    i.sys_task_post     802_15_4_lib_keil.lib(phy_task_scheduler.o)
    0x0000eef0   0x00000050   Code   RO         4083    i.sys_task_run      802_15_4_lib_keil.lib(sys_task_scheduler.o)
    0x0000ef40   0x00000004   Code   RO         6942    i.sys_time_delay_us  802_15_4_lib_keil.lib(sys_time.o)
    0x0000ef44   0x00000004   Code   RO         6943    i.sys_time_get      802_15_4_lib_keil.lib(sys_time.o)
    0x0000ef48   0x000000a0   Code   RO         6945    i.sys_timer_fire    802_15_4_lib_keil.lib(sys_time.o)
    0x0000efe8   0x00000034   Code   RO         6946    i.sys_timer_is_started  802_15_4_lib_keil.lib(sys_time.o)
    0x0000f01c   0x00000070   Code   RO         6947    i.sys_timer_start   802_15_4_lib_keil.lib(sys_time.o)
    0x0000f08c   0x00000060   Code   RO         6948    i.sys_timer_stop    802_15_4_lib_keil.lib(sys_time.o)
    0x0000f0ec   0x00000020   Code   RO         6949    i.sys_timers_init   802_15_4_lib_keil.lib(sys_time.o)
    0x0000f10c   0x00000046   Code   RO         3620    i.table_item_remove  802_15_4_lib_keil.lib(mac_mlme_pib_table.o)
    0x0000f152   0x00000002   PAD
    0x0000f154   0x00000044   Code   RO         3621    i.table_max_size    802_15_4_lib_keil.lib(mac_mlme_pib_table.o)
    0x0000f198   0x00000058   Code   RO         4940    i.time_to_next_bo   802_15_4_lib_keil.lib(mac_csma_ca.o)
    0x0000f1f0   0x00000010   Code   RO         8955    i.timeout_cb        802_15_4_lib_keil.lib(mac_mlme_poll.o)
    0x0000f200   0x00000028   Code   RO         6950    i.timer_launch      802_15_4_lib_keil.lib(sys_time.o)
    0x0000f228   0x00000034   Code   RO         6951    i.timer_push        802_15_4_lib_keil.lib(sys_time.o)
    0x0000f25c   0x00000016   Code   RO         6551    i.two_blocks_xor    802_15_4_lib_keil.lib(sec_aes_ccm.o)
    0x0000f272   0x00000002   PAD
    0x0000f274   0x00000024   Code   RO         4325    i.tx_byte           802_15_4_lib_keil.lib(nrf_drv_uart.o)
    0x0000f298   0x00000010   Code   RO        10375    i.tx_crit_timer_callback  802_15_4_lib_keil.lib(mac_superframe_out_fsm.o)
    0x0000f2a8   0x00000024   Code   RO         4326    i.tx_done_event     802_15_4_lib_keil.lib(nrf_drv_uart.o)
    0x0000f2cc   0x00000010   Code   RO         7591    i.tx_timer_cb       802_15_4_lib_keil.lib(mac_frame_processor_tx_fsm.o)
    0x0000f2dc   0x00000084   Code   RO          631    i.uart_error_handler  uart.o
    0x0000f360   0x000000a0   Code   RO         2367    i.uart_event_handler  802_15_4_lib_keil.lib(hal_nrf52_soc_uart.o)
    0x0000f400   0x00000020   Code   RO          632    i.uart_init         uart.o
    0x0000f420   0x00000108   Code   RO         4327    i.uart_irq_handler  802_15_4_lib_keil.lib(nrf_drv_uart.o)
    0x0000f528   0x00000008   Code   RO          633    i.uart_read_handler  uart.o
    0x0000f530   0x00000020   Code   RO          634    i.uart_write_handler  uart.o
    0x0000f550   0x000000d8   Code   RO         4328    i.uarte_irq_handler  802_15_4_lib_keil.lib(nrf_drv_uart.o)
    0x0000f628   0x00000048   Code   RO         3415    i.unsigned_bounds_check  802_15_4_lib_keil.lib(mac_mlme_pib.o)
    0x0000f670   0x000000b4   Code   RO         1479    i.unsigned_print    nrf_fprintf_format.o
    0x0000f724   0x0000007e   Code   RO         7287    i.write_pending_address  802_15_4_lib_keil.lib(mac_beacon_processor.o)
    0x0000f7a2   0x00000050   Data   RO          190    .constdata          fsm.o
    0x0000f7f2   0x00000002   PAD
    0x0000f7f4   0x00000060   Data   RO          191    .constdata          fsm.o
    0x0000f854   0x00000015   Data   RO          597    .constdata          security.o
    0x0000f869   0x00000010   Data   RO         1480    .constdata          nrf_fprintf_format.o
    0x0000f879   0x00000003   PAD
    0x0000f87c   0x0000000c   Data   RO         1637    .constdata          nrf_log_backend_rtt.o
    0x0000f888   0x00000014   Data   RO         1791    .constdata          nrf_log_frontend.o
    0x0000f89c   0x0000003c   Data   RO         2897    .constdata          802_15_4_lib_keil.lib(mac_mcps_data.o)
    0x0000f8d8   0x000000a0   Data   RO         2898    .constdata          802_15_4_lib_keil.lib(mac_mcps_data.o)
    0x0000f978   0x00000014   Data   RO         4084    .constdata          802_15_4_lib_keil.lib(sys_task_scheduler.o)
    0x0000f98c   0x00000010   Data   RO         4166    .constdata          802_15_4_lib_keil.lib(hal_nrf52_soc_timer.o)
    0x0000f99c   0x00000020   Data   RO         4330    .constdata          802_15_4_lib_keil.lib(nrf_drv_uart.o)
    0x0000f9bc   0x00000040   Data   RO         4726    .constdata          802_15_4_lib_keil.lib(ral_fsm.o)
    0x0000f9fc   0x00000040   Data   RO         4727    .constdata          802_15_4_lib_keil.lib(ral_fsm.o)
    0x0000fa3c   0x0000002e   Data   RO         4867    .constdata          802_15_4_lib_keil.lib(ral_pib.o)
    0x0000fa6a   0x00000028   Data   RO         4941    .constdata          802_15_4_lib_keil.lib(mac_csma_ca.o)
    0x0000fa92   0x00000040   Data   RO         4942    .constdata          802_15_4_lib_keil.lib(mac_csma_ca.o)
    0x0000fad2   0x00000002   PAD
    0x0000fad4   0x00000058   Data   RO         4943    .constdata          802_15_4_lib_keil.lib(mac_csma_ca.o)
    0x0000fb2c   0x00000014   Data   RO         5172    .constdata          802_15_4_lib_keil.lib(mac_frame_processor.o)
    0x0000fb40   0x0000004c   Data   RO         5329    .constdata          802_15_4_lib_keil.lib(mac_frame_processor_rx_fsm.o)
    0x0000fb8c   0x00000018   Data   RO         5330    .constdata          802_15_4_lib_keil.lib(mac_frame_processor_rx_fsm.o)
    0x0000fba4   0x00000004   PAD
    0x0000fba8   0x000000a0   Data   RO         5503    .constdata          802_15_4_lib_keil.lib(mac_gts_engine.o)
    0x0000fc48   0x000000a8   Data   RO         5819    .constdata          802_15_4_lib_keil.lib(mac_indirect_engine.o)
    0x0000fcf0   0x00000044   Data   RO         5820    .constdata          802_15_4_lib_keil.lib(mac_indirect_engine.o)
    0x0000fd34   0x00000360   Data   RO         6027    .constdata          802_15_4_lib_keil.lib(mac_mlme_pib_base.o)
    0x00010094   0x00000004   PAD
    0x00010098   0x000000c8   Data   RO         6028    .constdata          802_15_4_lib_keil.lib(mac_mlme_pib_base.o)
    0x00010160   0x00000078   Data   RO         6063    .constdata          802_15_4_lib_keil.lib(mac_task_scheduler.o)
    0x000101d8   0x00000020   Data   RO         6490    .constdata          802_15_4_lib_keil.lib(phy_task_scheduler.o)
    0x000101f8   0x00000004   Data   RO         6552    .constdata          802_15_4_lib_keil.lib(sec_aes_ccm.o)
    0x000101fc   0x0000000c   Data   RO         6697    .constdata          802_15_4_lib_keil.lib(hal_task_scheduler.o)
    0x00010208   0x0000000c   Data   RO         6727    .constdata          802_15_4_lib_keil.lib(hal_uart_task_scheduler.o)
    0x00010214   0x00000008   Data   RO         7142    .constdata          802_15_4_lib_keil.lib(nrf_drv_timer.o)
    0x0001021c   0x00000028   Data   RO         7288    .constdata          802_15_4_lib_keil.lib(mac_beacon_processor.o)
    0x00010244   0x00000004   PAD
    0x00010248   0x000002b0   Data   RO         7436    .constdata          802_15_4_lib_keil.lib(mac_command_processor.o)
    0x000104f8   0x000000d0   Data   RO         7592    .constdata          802_15_4_lib_keil.lib(mac_frame_processor_tx_fsm.o)
    0x000105c8   0x00000094   Data   RO         7593    .constdata          802_15_4_lib_keil.lib(mac_frame_processor_tx_fsm.o)
    0x0001065c   0x00000004   PAD
    0x00010660   0x00000028   Data   RO         7954    .constdata          802_15_4_lib_keil.lib(mac_indirect_coord_realignment.o)
    0x00010688   0x00000048   Data   RO         8082    .constdata          802_15_4_lib_keil.lib(mac_indirect_mcps_data.o)
    0x000106d0   0x00000054   Data   RO         8236    .constdata          802_15_4_lib_keil.lib(mac_mlme_associate.o)
    0x00010724   0x00000004   PAD
    0x00010728   0x000000c8   Data   RO         8237    .constdata          802_15_4_lib_keil.lib(mac_mlme_associate.o)
    0x000107f0   0x00000024   Data   RO         8482    .constdata          802_15_4_lib_keil.lib(mac_mlme_disassociate.o)
    0x00010814   0x00000030   Data   RO         8483    .constdata          802_15_4_lib_keil.lib(mac_mlme_disassociate.o)
    0x00010844   0x00000040   Data   RO         8645    .constdata          802_15_4_lib_keil.lib(mac_mlme_gts.o)
    0x00010884   0x0000005c   Data   RO         8646    .constdata          802_15_4_lib_keil.lib(mac_mlme_gts.o)
    0x000108e0   0x00000060   Data   RO         8956    .constdata          802_15_4_lib_keil.lib(mac_mlme_poll.o)
    0x00010940   0x00000080   Data   RO         8957    .constdata          802_15_4_lib_keil.lib(mac_mlme_poll.o)
    0x000109c0   0x00000054   Data   RO         9226    .constdata          802_15_4_lib_keil.lib(mac_mlme_rx_enable.o)
    0x00010a14   0x0000007c   Data   RO         9445    .constdata          802_15_4_lib_keil.lib(mac_mlme_scan.o)
    0x00010a90   0x0000008c   Data   RO         9446    .constdata          802_15_4_lib_keil.lib(mac_mlme_scan.o)
    0x00010b1c   0x00000054   Data   RO         9737    .constdata          802_15_4_lib_keil.lib(mac_mlme_start.o)
    0x00010b70   0x000000b0   Data   RO         9738    .constdata          802_15_4_lib_keil.lib(mac_mlme_start.o)
    0x00010c20   0x0000003c   Data   RO         9978    .constdata          802_15_4_lib_keil.lib(mac_mlme_sync.o)
    0x00010c5c   0x00000044   Data   RO         9979    .constdata          802_15_4_lib_keil.lib(mac_mlme_sync.o)
    0x00010ca0   0x00000074   Data   RO        10376    .constdata          802_15_4_lib_keil.lib(mac_superframe_out_fsm.o)
    0x00010d14   0x0000004c   Data   RO        10377    .constdata          802_15_4_lib_keil.lib(mac_superframe_out_fsm.o)
    0x00010d60   0x00000024   Data   RO        10819    .constdata          802_15_4_lib_keil.lib(mac_superframe_in_fsm.o)
    0x00010d84   0x00000024   Data   RO        10820    .constdata          802_15_4_lib_keil.lib(mac_superframe_in_fsm.o)
    0x00010da8   0x00000081   Data   RO        10909    .constdata          mc_w.l(ctype_o.o)
    0x00010e29   0x00000003   PAD
    0x00010e2c   0x00000004   Data   RO        10910    .constdata          mc_w.l(ctype_o.o)
    0x00010e30   0x00000066   Data   RO         1958    .conststring        nrf_log_str_formatter.o
    0x00010e96   0x00000002   PAD
    0x00010e98   0x00000055   Data   RO         2369    .conststring        802_15_4_lib_keil.lib(hal_nrf52_soc_uart.o)
    0x00010eed   0x00000003   PAD
    0x00010ef0   0x00000053   Data   RO         2588    .conststring        802_15_4_lib_keil.lib(ral_irq_handlers.o)
    0x00010f43   0x00000001   PAD
    0x00010f44   0x00000046   Data   RO         2899    .conststring        802_15_4_lib_keil.lib(mac_mcps_data.o)
    0x00010f8a   0x00000002   PAD
    0x00010f8c   0x00000045   Data   RO         3416    .conststring        802_15_4_lib_keil.lib(mac_mlme_pib.o)
    0x00010fd1   0x00000003   PAD
    0x00010fd4   0x0000004b   Data   RO         3622    .conststring        802_15_4_lib_keil.lib(mac_mlme_pib_table.o)
    0x0001101f   0x00000001   PAD
    0x00011020   0x00000045   Data   RO         3730    .conststring        802_15_4_lib_keil.lib(sys_events.o)
    0x00011065   0x00000003   PAD
    0x00011068   0x00000042   Data   RO         3860    .conststring        802_15_4_lib_keil.lib(sys_fsm.o)
    0x000110aa   0x00000002   PAD
    0x000110ac   0x00000043   Data   RO         3901    .conststring        802_15_4_lib_keil.lib(sys_init.o)
    0x000110ef   0x00000001   PAD
    0x000110f0   0x0000004d   Data   RO         4017    .conststring        802_15_4_lib_keil.lib(sys_memory_manager.o)
    0x0001113d   0x00000003   PAD
    0x00011140   0x00000056   Data   RO         4167    .conststring        802_15_4_lib_keil.lib(hal_nrf52_soc_timer.o)
    0x00011196   0x00000002   PAD
    0x00011198   0x00000053   Data   RO         4331    .conststring        802_15_4_lib_keil.lib(nrf_drv_uart.o)
    0x000111eb   0x00000001   PAD
    0x000111ec   0x0000004a   Data   RO         4517    .conststring        802_15_4_lib_keil.lib(ral_api.o)
    0x00011236   0x00000002   PAD
    0x00011238   0x000000ae   Data   RO         4728    .conststring        802_15_4_lib_keil.lib(ral_fsm.o)
    0x000112e6   0x00000002   PAD
    0x000112e8   0x0000004a   Data   RO         4868    .conststring        802_15_4_lib_keil.lib(ral_pib.o)
    0x00011332   0x00000002   PAD
    0x00011334   0x00000044   Data   RO         4944    .conststring        802_15_4_lib_keil.lib(mac_csma_ca.o)
    0x00011378   0x0000004c   Data   RO         5173    .conststring        802_15_4_lib_keil.lib(mac_frame_processor.o)
    0x000113c4   0x00000053   Data   RO         5331    .conststring        802_15_4_lib_keil.lib(mac_frame_processor_rx_fsm.o)
    0x00011417   0x00000001   PAD
    0x00011418   0x00000047   Data   RO         5504    .conststring        802_15_4_lib_keil.lib(mac_gts_engine.o)
    0x0001145f   0x00000001   PAD
    0x00011460   0x0000004c   Data   RO         5821    .conststring        802_15_4_lib_keil.lib(mac_indirect_engine.o)
    0x000114ac   0x0000004b   Data   RO         6064    .conststring        802_15_4_lib_keil.lib(mac_task_scheduler.o)
    0x000114f7   0x00000001   PAD
    0x000114f8   0x00000047   Data   RO         6143    .conststring        802_15_4_lib_keil.lib(phy_frame_pool.o)
    0x0001153f   0x00000001   PAD
    0x00011540   0x00000045   Data   RO         6366    .conststring        802_15_4_lib_keil.lib(phy_plme_pib.o)
    0x00011585   0x00000003   PAD
    0x00011588   0x00000046   Data   RO         6553    .conststring        802_15_4_lib_keil.lib(sec_aes_ccm.o)
    0x000115ce   0x00000002   PAD
    0x000115d0   0x00000044   Data   RO         6765    .conststring        802_15_4_lib_keil.lib(sys_queue.o)
    0x00011614   0x00000049   Data   RO         6875    .conststring        802_15_4_lib_keil.lib(sys_ringbuffer.o)
    0x0001165d   0x00000003   PAD
    0x00011660   0x00000043   Data   RO         6952    .conststring        802_15_4_lib_keil.lib(sys_time.o)
    0x000116a3   0x00000001   PAD
    0x000116a4   0x00000056   Data   RO         7037    .conststring        802_15_4_lib_keil.lib(hal_nrf52_soc_clock.o)
    0x000116fa   0x00000002   PAD
    0x000116fc   0x00000054   Data   RO         7143    .conststring        802_15_4_lib_keil.lib(nrf_drv_timer.o)
    0x00011750   0x0000004d   Data   RO         7289    .conststring        802_15_4_lib_keil.lib(mac_beacon_processor.o)
    0x0001179d   0x00000003   PAD
    0x000117a0   0x0000004e   Data   RO         7437    .conststring        802_15_4_lib_keil.lib(mac_command_processor.o)
    0x000117ee   0x00000002   PAD
    0x000117f0   0x00000053   Data   RO         7594    .conststring        802_15_4_lib_keil.lib(mac_frame_processor_tx_fsm.o)
    0x00011843   0x00000001   PAD
    0x00011844   0x00000050   Data   RO         7889    .conststring        802_15_4_lib_keil.lib(mac_indirect_assoc_resp.o)
    0x00011894   0x00000057   Data   RO         7955    .conststring        802_15_4_lib_keil.lib(mac_indirect_coord_realignment.o)
    0x000118eb   0x00000001   PAD
    0x000118ec   0x00000053   Data   RO         8017    .conststring        802_15_4_lib_keil.lib(mac_indirect_disassoc_ntfy.o)
    0x0001193f   0x00000001   PAD
    0x00011940   0x0000004f   Data   RO         8083    .conststring        802_15_4_lib_keil.lib(mac_indirect_mcps_data.o)
    0x0001198f   0x00000001   PAD
    0x00011990   0x0000004b   Data   RO         8238    .conststring        802_15_4_lib_keil.lib(mac_mlme_associate.o)
    0x000119db   0x00000001   PAD
    0x000119dc   0x0000004e   Data   RO         8484    .conststring        802_15_4_lib_keil.lib(mac_mlme_disassociate.o)
    0x00011a2a   0x00000002   PAD
    0x00011a2c   0x00000045   Data   RO         8647    .conststring        802_15_4_lib_keil.lib(mac_mlme_gts.o)
    0x00011a71   0x00000003   PAD
    0x00011a74   0x00000048   Data   RO         8850    .conststring        802_15_4_lib_keil.lib(mac_mlme_orphan.o)
    0x00011abc   0x00000046   Data   RO         8958    .conststring        802_15_4_lib_keil.lib(mac_mlme_poll.o)
    0x00011b02   0x00000002   PAD
    0x00011b04   0x00000047   Data   RO         9153    .conststring        802_15_4_lib_keil.lib(mac_mlme_reset.o)
    0x00011b4b   0x00000001   PAD
    0x00011b4c   0x00000046   Data   RO         9447    .conststring        802_15_4_lib_keil.lib(mac_mlme_scan.o)
    0x00011b92   0x00000002   PAD
    0x00011b94   0x0000009b   Data   RO         9739    .conststring        802_15_4_lib_keil.lib(mac_mlme_start.o)
    0x00011c2f   0x00000001   PAD
    0x00011c30   0x00000046   Data   RO         9980    .conststring        802_15_4_lib_keil.lib(mac_mlme_sync.o)
    0x00011c76   0x00000002   PAD
    0x00011c78   0x00000047   Data   RO        10259    .conststring        802_15_4_lib_keil.lib(mac_superframe.o)
    0x00011cbf   0x00000001   PAD
    0x00011cc0   0x0000004f   Data   RO        10378    .conststring        802_15_4_lib_keil.lib(mac_superframe_out_fsm.o)
    0x00011d0f   0x00000001   PAD
    0x00011d10   0x00000044   Data   RO        10579    .conststring        802_15_4_lib_keil.lib(phy_pd_data.o)
    0x00011d54   0x00000044   Data   RO        10672    .conststring        802_15_4_lib_keil.lib(phy_plme_ed.o)
    0x00011d98   0x0000004b   Data   RO        10759    .conststring        802_15_4_lib_keil.lib(mac_panid_conflict.o)
    0x00011de3   0x00000001   PAD
    0x00011de4   0x0000004e   Data   RO        10821    .conststring        802_15_4_lib_keil.lib(mac_superframe_in_fsm.o)
    0x00011e32   0x00000002   PAD
    0x00011e34   0x00000006   Data   RO          909    .conststrlit        nrf_drv_clock.o
    0x00011e3a   0x00000002   PAD
    0x00011e3c   0x00000007   Data   RO         1398    .conststrlit        nrf_balloc.o
    0x00011e43   0x00000001   PAD
    0x00011e44   0x00000004   Data   RO         1793    .conststrlit        nrf_log_frontend.o
    0x00011e48   0x00000020   Data   RO        11014    Region$$Table       anon$$obj.o
    0x00011e68   0x00000008   Data   RO          910    log_const_data      nrf_drv_clock.o
    0x00011e70   0x00000008   Data   RO         1399    log_const_data      nrf_balloc.o
    0x00011e78   0x00000008   Data   RO         1797    log_const_data      nrf_log_frontend.o


    Execution Region RW_IRAM1 (Base: 0x20000000, Size: 0x00005b00, Max: 0x00040000, ABSOLUTE, COMPRESSED[0x00000114])

    Base Addr    Size         Type   Attr      Idx    E Section Name        Object

    0x20000000   0x00000040   Data   RW          192    .data               fsm.o
    0x20000040   0x0000001c   Data   RW          445    .data               main.o
    0x2000005c   0x00000054   Data   RW          637    .data               uart.o
    0x200000b0   0x0000000c   Data   RW         1089    .data               nrf_ecb.o
    0x200000bc   0x00000004   Data   RW         1315    .data               app_util_platform.o
    0x200000c0   0x0000000c   Data   RW         1730    .data               nrf_log_default_backends.o
    0x200000cc   0x00000008   Data   RW         1795    .data               nrf_log_frontend.o
    0x200000d4   0x00000008   Data   RW         1796    .data               nrf_log_frontend.o
    0x200000dc   0x00000038   Data   RW         1959    .data               nrf_log_str_formatter.o
    0x20000114   0x00000004   Data   RW         2259    .data               system_nrf52840.o
    0x20000118   0x00000010   Data   RW         2370    .data               802_15_4_lib_keil.lib(hal_nrf52_soc_uart.o)
    0x20000128   0x00000006   Data   RW         2589    .data               802_15_4_lib_keil.lib(ral_irq_handlers.o)
    0x2000012e   0x00000002   PAD
    0x20000130   0x00000008   Data   RW         2900    .data               802_15_4_lib_keil.lib(mac_mcps_data.o)
    0x20000138   0x00000004   Data   RW         3731    .data               802_15_4_lib_keil.lib(sys_events.o)
    0x2000013c   0x00000014   Data   RW         4018    .data               802_15_4_lib_keil.lib(sys_memory_manager.o)
    0x20000150   0x00000004   Data   RW         4085    .data               802_15_4_lib_keil.lib(sys_task_scheduler.o)
    0x20000154   0x00000001   Data   RW         4518    .data               802_15_4_lib_keil.lib(ral_api.o)
    0x20000155   0x00000003   PAD
    0x20000158   0x00000008   Data   RW         4729    .data               802_15_4_lib_keil.lib(ral_fsm.o)
    0x20000160   0x00000010   Data   RW         4945    .data               802_15_4_lib_keil.lib(mac_csma_ca.o)
    0x20000170   0x00000008   Data   RW         5332    .data               802_15_4_lib_keil.lib(mac_frame_processor_rx_fsm.o)
    0x20000178   0x00000040   Data   RW         5505    .data               802_15_4_lib_keil.lib(mac_gts_engine.o)
    0x200001b8   0x00000008   Data   RW         5506    .data               802_15_4_lib_keil.lib(mac_gts_engine.o)
    0x200001c0   0x00000018   Data   RW         5822    .data               802_15_4_lib_keil.lib(mac_indirect_engine.o)
    0x200001d8   0x00000004   Data   RW         6698    .data               802_15_4_lib_keil.lib(hal_task_scheduler.o)
    0x200001dc   0x00000002   Data   RW         6728    .data               802_15_4_lib_keil.lib(hal_uart_task_scheduler.o)
    0x200001de   0x00000002   PAD
    0x200001e0   0x00000008   Data   RW         6953    .data               802_15_4_lib_keil.lib(sys_time.o)
    0x200001e8   0x00000010   Data   RW         7595    .data               802_15_4_lib_keil.lib(mac_frame_processor_tx_fsm.o)
    0x200001f8   0x00000008   Data   RW         8239    .data               802_15_4_lib_keil.lib(mac_mlme_associate.o)
    0x20000200   0x00000008   Data   RW         8485    .data               802_15_4_lib_keil.lib(mac_mlme_disassociate.o)
    0x20000208   0x00000010   Data   RW         8648    .data               802_15_4_lib_keil.lib(mac_mlme_gts.o)
    0x20000218   0x00000008   Data   RW         8959    .data               802_15_4_lib_keil.lib(mac_mlme_poll.o)
    0x20000220   0x00000058   Data   RW         9228    .data               802_15_4_lib_keil.lib(mac_mlme_rx_enable.o)
    0x20000278   0x00000008   Data   RW         9229    .data               802_15_4_lib_keil.lib(mac_mlme_rx_enable.o)
    0x20000280   0x00000008   Data   RW         9448    .data               802_15_4_lib_keil.lib(mac_mlme_scan.o)
    0x20000288   0x00000014   Data   RW         9740    .data               802_15_4_lib_keil.lib(mac_mlme_start.o)
    0x2000029c   0x00000008   Data   RW         9981    .data               802_15_4_lib_keil.lib(mac_mlme_sync.o)
    0x200002a4   0x00000008   Data   RW        10379    .data               802_15_4_lib_keil.lib(mac_superframe_out_fsm.o)
    0x200002ac   0x00000008   Data   RW        10822    .data               802_15_4_lib_keil.lib(mac_superframe_in_fsm.o)
    0x200002b4   0x00000004   Data   RW        10937    .data               mc_w.l(rand.o)
    0x200002b8   0x0000000c   Data   RW          911    log_dynamic_data    nrf_drv_clock.o
    0x200002c4   0x0000000c   Data   RW         1400    log_dynamic_data    nrf_balloc.o
    0x200002d0   0x0000000c   Data   RW         1798    log_dynamic_data    nrf_log_frontend.o
    0x200002dc   0x00000004   PAD
    0x200002e0   0x00000438   Zero   RW          189    .bss                fsm.o
    0x20000718   0x00002000   Zero   RW          444    .bss                main.o
    0x20002718   0x00000100   Zero   RW          635    .bss                uart.o
    0x20002818   0x00000080   Zero   RW          636    .bss                uart.o
    0x20002898   0x00000014   Zero   RW          904    .bss                nrf_drv_clock.o
    0x200028ac   0x00000030   Zero   RW         1088    .bss                nrf_ecb.o
    0x200028dc   0x00000040   Zero   RW         1636    .bss                nrf_log_backend_rtt.o
    0x2000291c   0x000000c0   Zero   RW         1789    .bss                nrf_log_frontend.o
    0x200029dc   0x00000420   Zero   RW         1790    .bss                nrf_log_frontend.o
    0x20002dfc   0x00000288   Zero   RW         2030    .bss                segger_rtt.o
    0x20003084   0x00000060   Zero   RW         2368    .bss                802_15_4_lib_keil.lib(hal_nrf52_soc_uart.o)
    0x200030e4   0x00000004   PAD
    0x200030e8   0x000008b8   Zero   RW         3238    .bss                802_15_4_lib_keil.lib(mac_memory.o)
    0x200039a0   0x00000020   Zero   RW         4165    .bss                802_15_4_lib_keil.lib(hal_nrf52_soc_timer.o)
    0x200039c0   0x00000020   Zero   RW         4329    .bss                802_15_4_lib_keil.lib(nrf_drv_uart.o)
    0x200039e0   0x00000018   Zero   RW         5328    .bss                802_15_4_lib_keil.lib(mac_frame_processor_rx_fsm.o)
    0x200039f8   0x000000f8   Zero   RW         6330    .bss                802_15_4_lib_keil.lib(phy_memory.o)
    0x20003af0   0x0000000c   Zero   RW         7141    .bss                802_15_4_lib_keil.lib(nrf_drv_timer.o)
    0x20003afc   0x00000004   PAD
    0x20003b00   0x00002000   Zero   RW         2247    STACK               arm_startup_nrf52840.o


==============================================================================

Image component sizes


      Code (inc. data)   RO Data    RW Data    ZI Data      Debug   Object Name

        22          0          0          0          0       2133   app_error.o
       120         40          0          0          0      27413   app_error_weak.o
        44         10          0          4          0       3468   app_util_platform.o
        36          8        512          0       8192        940   arm_startup_nrf52840.o
       248         76          0          0          0      51547   assert.o
      1302        284        176         64       1080      44959   fsm.o
       544        146          0         28       8192      10680   main.o
        22          0          0          0          0       1254   nrf_assert.o
       152          0         15         12          0       3925   nrf_balloc.o
       482         46         14         12         20      23588   nrf_drv_clock.o
        56          0          0          0          0      27563   nrf_drv_common.o
       136         26          0         12         48       4701   nrf_ecb.o
        50          0          0          0          0       3049   nrf_fprintf.o
       850          4         16          0          0       5518   nrf_fprintf_format.o
        74          8         12          0         64       5669   nrf_log_backend_rtt.o
       210          0          0          0          0      10447   nrf_log_backend_serial.o
        28          6          0         12          0       3282   nrf_log_default_backends.o
      1680         98         32         28       1248      33298   nrf_log_frontend.o
       506         66        102         56          0       5636   nrf_log_str_formatter.o
       494          0          0          0          0      11847   nrf_memobj.o
        54         14          0          0          0       3123   rng_entity.o
        24          0          0          0          0       2211   sec_aes_entity.o
       332         64         21          0          0       3381   security.o
       378         34          0          0        648       9162   segger_rtt.o
       520         60          0          4          0       2599   system_nrf52840.o
       204        106          0         84        384       3235   uart.o

    ----------------------------------------------------------------------
      8592       1096        942        316      19880     304628   Object Totals
         0          0         32          0          0          0   (incl. Generated)
        24          0         10          0          4          0   (incl. Padding)

    ----------------------------------------------------------------------

      Code (inc. data)   RO Data    RW Data    ZI Data      Debug   Library Member Name

        18          0          0          0          0      41760   hal_nrf52_soc_atomic.o
        28          4         86          0          0        613   hal_nrf52_soc_clock.o
       144          8          0          0          0       1536   hal_nrf52_soc_delay.o
         6          0          0          0          0       2341   hal_nrf52_soc_mutex.o
       798        116        102          0         32      16808   hal_nrf52_soc_timer.o
      1076        166         85         16         96      24204   hal_nrf52_soc_uart.o
        84         10         12          4          0       2181   hal_task_scheduler.o
         8          0          0          0          0       1041   hal_timer.o
       188         16         12          2          0       2603   hal_uart_task_scheduler.o
       216         12          0          0          0       2150   mac_auto_request.o
      1972         94        117          0          0      28402   mac_beacon_processor.o
      1396        126        766          0          0      23580   mac_command_processor.o
      1510        296        260         16          0      39133   mac_csma_ca.o
       966         50         96          0          0      23181   mac_frame_processor.o
      1212         94        183          8         24      21712   mac_frame_processor_rx_fsm.o
      1542        256        439         16          0      49476   mac_frame_processor_tx_fsm.o
      4100        392        231         72          0      57707   mac_gts_engine.o
       144         12         80          0          0       5473   mac_indirect_assoc_resp.o
       200         18        127          0          0       6511   mac_indirect_coord_realignment.o
       216         14         83          0          0      10998   mac_indirect_disassoc_ntfy.o
      1896        252        312         24          0      35174   mac_indirect_engine.o
       360         14        151          0          0      12438   mac_indirect_mcps_data.o
      1058        156        290          8          0      75040   mac_mcps_data.o
        50          0          0          0          0       2449   mac_mcps_purge.o
       336         44          0          0       2232      46026   mac_memory.o
      1410        178        359          8          0      43071   mac_mlme_associate.o
       720        104        162          8          0      15079   mac_mlme_disassociate.o
      1360        160        225         16          0      36318   mac_mlme_gts.o
       322         74         72          0          0      13174   mac_mlme_orphan.o
      1832        234         69          0          0      37301   mac_mlme_pib.o
         0          0       1064          0          0       7161   mac_mlme_pib_base.o
       670         44         75          0          0      17346   mac_mlme_pib_table.o
      1524        284        294          8          0      32418   mac_mlme_poll.o
       124         10         71          0          0       8588   mac_mlme_reset.o
       816        122         84         96          0      32795   mac_mlme_rx_enable.o
      2460        460        334          8          0      44339   mac_mlme_scan.o
      1082        186        415         20          0      35916   mac_mlme_start.o
      1480        220        198          8          0      26412   mac_mlme_sync.o
       250         20         75          0          0       4642   mac_panid_conflict.o
      1526         44          0          0          0      12392   mac_secure_frame_processor.o
       724         58         71          0          0      10316   mac_superframe.o
       472        160        150          8          0      18531   mac_superframe_in_fsm.o
      1810        320        271          8          0      38426   mac_superframe_out_fsm.o
       496         52        195          0          0       7544   mac_task_scheduler.o
        56          0          0          0          0      27242   nrf_drv_common.o
       410         36         92          0         12      12392   nrf_drv_timer.o
      1896        160        115          0         32      31931   nrf_drv_uart.o
       252        110         71          0          0      17953   phy_frame_pool.o
         0          0          0          0        248       2040   phy_memory.o
       188         20         68          0          0       2837   phy_pd_data.o
        40          0          0          0          0       2157   phy_plme_cca.o
       140         50         68          0          0       1295   phy_plme_ed.o
       366         58         69          0          0       7753   phy_plme_pib.o
        86          4          0          0          0       1939   phy_plme_trx.o
       216         24         32          0          0       5700   phy_task_scheduler.o
       788        120         74          1          0      20671   ral_api.o
       126          0          0          0          0       3131   ral_critical_queue.o
       878        270        302          8          0      23454   ral_fsm.o
       786        128         83          6          0      67236   ral_irq_handlers.o
       656        168        120          0          0       4936   ral_pib.o
       120         28          0          0          0        590   ral_rf_init.o
       852         30         74          0          0       7683   sec_aes_ccm.o
       104         20         69          4          0       3925   sys_events.o
       612        174         66          0          0       5032   sys_fsm.o
       172         94         67          0          0       2259   sys_init.o
       838         50         77         20          0       9171   sys_memory_manager.o
       852         60         68          0          0       9465   sys_queue.o
       544         36         73          0          0       6571   sys_ringbuffer.o
        82         10         20          4          0       2808   sys_task_scheduler.o
       572         56         67          8          0       8094   sys_time.o
        86          0          0          0          0          0   __dczerorl2.o
         8          4        133          0          0         68   ctype_o.o
         0          0          0          0          0          0   entry.o
         0          0          0          0          0          0   entry10a.o
         0          0          0          0          0          0   entry11a.o
         8          4          0          0          0          0   entry2.o
         4          0          0          0          0          0   entry5.o
         0          0          0          0          0          0   entry7b.o
         0          0          0          0          0          0   entry8b.o
         8          4          0          0          0          0   entry9a.o
        30          0          0          0          0          0   handlers.o
        36          8          0          0          0         68   init.o
         0          0          0          0          0          0   iusefp.o
        30          0          0          0          0         68   llshl.o
        36          0          0          0          0         68   llsshr.o
        32          0          0          0          0         68   llushr.o
        26          0          0          0          0         80   memcmp.o
        36          0          0          0          0         68   memcpya.o
        36          0          0          0          0        108   memseta.o
      2252         84          0          0          0        508   printfa.o
        36         10          0          4          0        136   rand.o
        18          0          0          0          0         68   strcpy.o
        14          0          0          0          0         68   strlen.o
        44          0          0          0          0         80   uidiv.o
        98          0          0          0          0         92   uldiv.o
        48          0          0          0          0         68   cdrcmple.o
       334          0          0          0          0        148   dadd.o
       222          0          0          0          0        100   ddiv.o
       186          0          0          0          0        176   depilogue.o
        48          0          0          0          0         68   dfixul.o
       228          0          0          0          0         96   dmul.o

    ----------------------------------------------------------------------
     54290       6700       9520        416       2684    1264775   Library Totals
       152          0         96          7          8          0   (incl. Padding)

    ----------------------------------------------------------------------

      Code (inc. data)   RO Data    RW Data    ZI Data      Debug   Library Name

     50234       6586       9291        405       2676    1262571   802_15_4_lib_keil.lib
      2838        114        133          4          0       1548   mc_w.l
      1066          0          0          0          0        656   mf_w.l

    ----------------------------------------------------------------------
     54290       6700       9520        416       2684    1264775   Library Totals

    ----------------------------------------------------------------------

==============================================================================


      Code (inc. data)   RO Data    RW Data    ZI Data      Debug   

     62882       7796      10462        732      22564    1464595   Grand Totals
     62882       7796      10462        276      22564    1464595   ELF Image Totals (compressed)
     62882       7796      10462        276          0          0   ROM Totals

==============================================================================

    Total RO  Size (Code + RO Data)                73344 (  71.63kB)
    Total RW  Size (RW Data + ZI Data)             23296 (  22.75kB)
    Total ROM Size (Code + RO Data + RW Data)      73620 (  71.89kB)

==============================================================================

