<html>
<body>
<pre>
<h1>µVision Build Log</h1>
<h2>Tool Versions:</h2>
IDE-Version: ¦ÌVision V5.15
Copyright (C) 2015 ARM Ltd and ARM Germany GmbH. All rights reserved.
License Information: dtu dtu idt Flex license: MDK-ARM Standard: 9 user(s) (mdk_std) Support: Jul 2016
 
Tool Versions:
Toolchain:       MDK-ARM Standard: 9 user(s)  Version: 5.15.0
Toolchain Path:  C:\Keil_v5\ARM\ARMCC\Bin
C Compiler:      Armcc.exe V5.05 update 2 (build 169)
Assembler:       Armasm.exe V5.05 update 2 (build 169)
Linker/Locator:  ArmLink.exe V5.05 update 2 (build 169)
Library Manager: ArmAr.exe V5.05 update 2 (build 169)
Hex Converter:   FromElf.exe V5.05 update 2 (build 169)
CPU DLL:         
Dialog DLL:      
Target DLL:      Segger\JL2CM3.dll V2.99.15.0
Dialog DLL:      TCM.DLL V1.14.5.0
 
<h2>Project:</h2>
D:\work\À¶ÑÀÄ£¿é\nRF5_SDK_14.2.0_17b948a\examples\802_15_4\experimental\wireless_uart\first\pca10056\blank\arm5_no_packs\wireless_uart_first_pca10056.uvprojx
Project File Date:  04/03/2018

<h2>Output:</h2>
*** Using Compiler 'V5.05 update 2 (build 169)', folder: 'C:\Keil_v5\ARM\ARMCC\Bin'
Build target 'nrf52840_xxaa'
compiling assert.c...
compiling fsm.c...
compiling main.c...
compiling retarget.c...
compiling security.c...
compiling uart.c...
compiling boards.c...
compiling rng_entity.c...
compiling sec_aes_entity.c...
compiling nrf_drv_clock.c...
compiling nrf_drv_common.c...
compiling nrf_ecb.c...
compiling nrf_nvic.c...
compiling nrf_soc.c...
compiling app_error.c...
compiling app_error_weak.c...
compiling app_util_platform.c...
compiling nrf_assert.c...
compiling nrf_balloc.c...
compiling nrf_fprintf.c...
compiling nrf_fprintf_format.c...
compiling nrf_memobj.c...
compiling nrf_strerror.c...
compiling nrf_log_backend_rtt.c...
compiling nrf_log_backend_serial.c...
compiling nrf_log_default_backends.c...
compiling nrf_log_frontend.c...
compiling nrf_log_str_formatter.c...
compiling SEGGER_RTT.c...
compiling SEGGER_RTT_Syscalls_KEIL.c...
compiling SEGGER_RTT_printf.c...
assembling arm_startup_nrf52840.s...
compiling system_nrf52840.c...
linking...
Program Size: Code=62882 RO-data=10462 RW-data=732 ZI-data=22564  
FromELF: creating hex file...
".\_build\nrf52840_xxaa.axf" - 0 Error(s), 0 Warning(s).

<h2>Software Packages used:</h2>

Package Vendor: ARM
                http://www.keil.com/pack/ARM.CMSIS.4.5.0.pack
                ARM::CMSIS:CORE:4.3.0
                CMSIS (Cortex Microcontroller Software Interface Standard)
   * Component: CORE Version: 4.3.0

Package Vendor: NordicSemiconductor
                http://developer.nordicsemi.com/nRF5_SDK/pieces/nRF_DeviceFamilyPack/NordicSemiconductor.nRF_DeviceFamilyPack.8.15.0.pack
                NordicSemiconductor::Device:Startup:8.15.0
                Nordic Semiconductor nRF ARM devices Device Family Pack.
   * Component: Startup Version: 8.15.0

<h2>Collection of Component include folders:</h2>
  D:\work\À¶ÑÀÄ£¿é\nRF5_SDK_14.2.0_17b948a\examples\802_15_4\experimental\wireless_uart\first\pca10056\blank\arm5_no_packs\RTE
  C:\Keil_v5\ARM\PACK\ARM\CMSIS\4.5.0\CMSIS\Include
  C:\Keil_v5\ARM\PACK\NordicSemiconductor\nRF_DeviceFamilyPack\8.15.0\Device\Include
  C:\Keil_v5\ARM\PACK\NordicSemiconductor\nRF_DeviceFamilyPack\8.15.2\Device\Include

<h2>Collection of Component Files used:</h2>

   * Component: ARM::CMSIS:CORE:4.3.0

   * Component: NordicSemiconductor::Device:Startup:8.15.0
      Source file:   Device\Source\arm\arm_startup_nrf52840.s
      Source file:   Device\Source\system_nrf52840.c
      Include file:  Device\Include\system_nrf52840.h
</pre>
</body>
</html>
